Product: MDK-ARM Professional 5.10
Component: ARM Compiler 5.04 update 1 (build 49)
Tool: armlink [5040049]

==============================================================================

Section Cross References

    stm32f10x.o(STACK) refers (Special) to heapauxi.o(.text) for __use_two_region_memory
    stm32f10x.o(HEAP) refers (Special) to heapauxi.o(.text) for __use_two_region_memory
    stm32f10x.o(RESET) refers (Special) to heapauxi.o(.text) for __use_two_region_memory
    stm32f10x.o(RESET) refers to stm32f10x.o(STACK) for __initial_sp
    stm32f10x.o(RESET) refers to stm32f10x.o(.text) for Reset_Handler
    stm32f10x.o(RESET) refers to port.o(.emb_text) for vPortSVCHandler
    stm32f10x.o(RESET) refers to port.o(.text) for xPortSysTickHandler
    stm32f10x.o(RESET) refers to timertest.o(.text) for vTimer2IntHandler
    stm32f10x.o(RESET) refers to serial.o(.text) for vUARTInterruptHandler
    stm32f10x.o(.text) refers (Special) to heapauxi.o(.text) for __use_two_region_memory
    stm32f10x.o(.text) refers to __main.o(!!!main) for __main
    stm32f10x.o(.text) refers to stm32f10x.o(HEAP) for Heap_Mem
    stm32f10x.o(.text) refers to stm32f10x.o(STACK) for Stack_Mem
    lcd.o(.text) refers to stm32f10x_gpio.o(.text) for GPIO_WriteBit
    lcd.o(.text) refers to stm32f10x_spi.o(.text) for SPI_SendData
    lcd.o(.text) refers to stm32f10x_rcc.o(.text) for RCC_APB2PeriphClockCmd
    lcd.o(.text) refers to tasks.o(.text) for vTaskDelay
    lcd.o(.text) refers to lcd.o(.data) for TextColor
    lcd.o(.text) refers to lcd.o(.constdata) for ASCII_Table
    lcd.o(.text) refers to spi_flash.o(.text) for SPI_FLASH_StartReadSequence
    lcd.o(.text) refers to cortexm3_macro_rvds.o(.text) for __REV_HalfWord
    stm32f10x_usart.o(.text) refers to stm32f10x_rcc.o(.text) for RCC_APB2PeriphResetCmd
    stm32f10x_gpio.o(.text) refers to stm32f10x_rcc.o(.text) for RCC_APB2PeriphResetCmd
    stm32f10x_nvic.o(.text) refers to cortexm3_macro_rvds.o(.text) for __SETPRIMASK
    stm32f10x_rcc.o(.text) refers to stm32f10x_rcc.o(.constdata) for APBAHBPrescTable
    stm32f10x_spi.o(.text) refers to stm32f10x_rcc.o(.text) for RCC_APB2PeriphResetCmd
    stm32f10x_tim.o(.text) refers to stm32f10x_rcc.o(.text) for RCC_APB1PeriphResetCmd
    stm32f10x_tim.o(.text) refers to stm32f10x_tim.o(.constdata) for Tab_OCModeMask
    partest.o(.text) refers to stm32f10x_gpio.o(.text) for GPIO_Init
    partest.o(.text) refers to tasks.o(.text) for vTaskSuspendAll
    partest.o(.text) refers to partest.o(.data) for usOutputValue
    serial.o(.text) refers to queue.o(.text) for xQueueGenericCreate
    serial.o(.text) refers to stm32f10x_rcc.o(.text) for RCC_APB2PeriphClockCmd
    serial.o(.text) refers to stm32f10x_gpio.o(.text) for GPIO_Init
    serial.o(.text) refers to stm32f10x_usart.o(.text) for USART_Init
    serial.o(.text) refers to stm32f10x_nvic.o(.text) for NVIC_Init
    serial.o(.text) refers to serial.o(.data) for xRxedChars
    timertest.o(.text) refers to stm32f10x_rcc.o(.text) for RCC_APB1PeriphClockCmd
    timertest.o(.text) refers to stm32f10x_tim.o(.text) for TIM_DeInit
    timertest.o(.text) refers to stm32f10x_nvic.o(.text) for NVIC_Init
    timertest.o(.text) refers to timertest.o(.data) for usSettleCount
    main.o(.text) refers to _printf_percent.o(.ARM.Collect$$_printf_percent$$00000000) for _printf_percent
    main.o(.text) refers to _printf_u.o(.ARM.Collect$$_printf_percent$$0000000A) for _printf_u
    main.o(.text) refers to _printf_dec.o(.text) for _printf_int_dec
    main.o(.text) refers to stm32f10x_gpio.o(.text) for GPIO_Init
    main.o(.text) refers to lcd.o(.text) for LCD_Init
    main.o(.text) refers to queue.o(.text) for xQueueGenericReceive
    main.o(.text) refers to noretval__2printf.o(.text) for __2printf
    main.o(.text) refers to tasks.o(.text) for xTaskGetTickCount
    main.o(.text) refers to blockq.o(.text) for xAreBlockingQueuesStillRunning
    main.o(.text) refers to blocktim.o(.text) for xAreBlockTimeTestTasksStillRunning
    main.o(.text) refers to semtest.o(.text) for xAreSemaphoreTasksStillRunning
    main.o(.text) refers to pollq.o(.text) for xArePollingQueuesStillRunning
    main.o(.text) refers to death.o(.text) for xIsCreateTaskStillRunning
    main.o(.text) refers to integer.o(.text) for xAreIntegerMathsTaskStillRunning
    main.o(.text) refers to comtest.o(.text) for xAreComTestTasksStillRunning
    main.o(.text) refers to noretval__2sprintf.o(.text) for __2sprintf
    main.o(.text) refers to stm32f10x_rcc.o(.text) for RCC_DeInit
    main.o(.text) refers to stm32f10x_nvic.o(.text) for NVIC_SetVectorTable
    main.o(.text) refers to stm32f10x_systick.o(.text) for SysTick_CLKSourceConfig
    main.o(.text) refers to partest.o(.text) for vParTestInitialise
    main.o(.text) refers to flash.o(.text) for vStartLEDFlashTasks
    main.o(.text) refers to timertest.o(.text) for vSetupTimerTest
[...]
    .text                                    0x0000e0c8   Section        0  defsig_rtred_inner.o(.text)
    .text                                    0x0000e0fc   Section        0  strlen.o(.text)
    .text                                    0x0000e13c   Section        0  sys_exit.o(.text)
    .text                                    0x0000e148   Section        0  h1_init.o(.text)
    .text                                    0x0000e156   Section        0  h1_extend.o(.text)
    .text                                    0x0000e18a   Section        0  ftell.o(.text)
    .text                                    0x0000e1cc   Section        0  defsig_general.o(.text)
    .text                                    0x0000e1fe   Section        0  defsig_rtmem_outer.o(.text)
    .text                                    0x0000e20c   Section        0  sys_wrch.o(.text)
    .text                                    0x0000e21c   Section        8  rt_errno_addr_intlibspace.o(.text)
    .text                                    0x0000e224   Section        0  defsig_rtmem_inner.o(.text)
    .constdata                               0x0000e274   Section     4560  lcd.o(.constdata)
    .constdata                               0x0000f444   Section       20  stm32f10x_rcc.o(.constdata)
    APBAHBPrescTable                         0x0000f444   Data          16  stm32f10x_rcc.o(.constdata)
    ADCPrescTable                            0x0000f454   Data           4  stm32f10x_rcc.o(.constdata)
    .constdata                               0x0000f458   Section       16  stm32f10x_tim.o(.constdata)
    Tab_OCModeMask                           0x0000f458   Data           8  stm32f10x_tim.o(.constdata)
    Tab_PolarityMask                         0x0000f460   Data           8  stm32f10x_tim.o(.constdata)
    .constdata                               0x0000f468   Section     9663  main.o(.constdata)
    .constdata                               0x00011a27   Section        4  sys_io.o(.constdata)
    .constdata                               0x00011a2b   Section        4  sys_io.o(.constdata)
    .constdata                               0x00011a2f   Section        4  sys_io.o(.constdata)
    .data                                    0x00011a44   Section        4  lcd.o(.data)
    TextColor                                0x00011a44   Data           2  lcd.o(.data)
    BackColor                                0x00011a46   Data           2  lcd.o(.data)
    .data                                    0x00011a48   Section        2  partest.o(.data)
    usOutputValue                            0x00011a48   Data           2  partest.o(.data)
    .data                                    0x00011a4c   Section        8  serial.o(.data)
    xRxedChars                               0x00011a4c   Data           4  serial.o(.data)
    xCharsForTx                              0x00011a50   Data           4  serial.o(.data)
    .data                                    0x00011a54   Section        8  timertest.o(.data)
    usLastCount                              0x00011a56   Data           2  timertest.o(.data)
    usSettleCount                            0x00011a58   Data           2  timertest.o(.data)
    usMaxDifference                          0x00011a5a   Data           2  timertest.o(.data)
    .data                                    0x00011a5c   Section        9  main.o(.data)
    usColumn                                 0x00011a60   Data           2  main.o(.data)
    usRefColumn                              0x00011a62   Data           2  main.o(.data)
    ucLine                                   0x00011a64   Data           1  main.o(.data)
    .data                                    0x00011a66   Section       18  semtest.o(.data)
    sCheckVariables                          0x00011a66   Data           8  semtest.o(.data)
    sNextCheckVariable                       0x00011a6e   Data           2  semtest.o(.data)
    sLastCheckVariables                      0x00011a70   Data           8  semtest.o(.data)
    .data                                    0x00011a78   Section       24  blockq.o(.data)
    sBlockingConsumerCount                   0x00011a78   Data           6  blockq.o(.data)
    sBlockingProducerCount                   0x00011a7e   Data           6  blockq.o(.data)
    sLastBlockingConsumerCount               0x00011a84   Data           6  blockq.o(.data)
    sLastBlockingProducerCount               0x00011a8a   Data           6  blockq.o(.data)
    .data                                    0x00011a90   Section       32  blocktim.o(.data)
    xTestQueue                               0x00011a90   Data           4  blocktim.o(.data)
    xSecondary                               0x00011a94   Data           4  blocktim.o(.data)
    xPrimaryCycles                           0x00011a98   Data           4  blocktim.o(.data)
    xSecondaryCycles                         0x00011a9c   Data           4  blocktim.o(.data)
    xErrorOccurred                           0x00011aa0   Data           4  blocktim.o(.data)
    xRunIndicator                            0x00011aa4   Data           4  blocktim.o(.data)
    xLastPrimaryCycleCount                   0x00011aa8   Data           4  blocktim.o(.data)
    xLastSecondaryCycleCount                 0x00011aac   Data           4  blocktim.o(.data)
    .data                                    0x00011ab0   Section       12  comtest.o(.data)
    xPort                                    0x00011ab0   Data           4  comtest.o(.data)
    uxBaseLED                                0x00011ab4   Data           4  comtest.o(.data)
    uxRxLoops                                0x00011ab8   Data           4  comtest.o(.data)
    .data                                    0x00011abc   Section       20  death.o(.data)
    usCreationCount                          0x00011abc   Data           2  death.o(.data)
    uxTasksRunningAtStart                    0x00011ac0   Data           4  death.o(.data)
    usLastCreationCount                      0x00011ac8   Data           2  death.o(.data)
    uxTasksRunningNow                        0x00011acc   Data           4  death.o(.data)
    .data                                    0x00011ad0   Section        4  flash.o(.data)
    uxFlashTaskNumber                        0x00011ad0   Data           4  flash.o(.data)
    .data                                    0x00011ad4   Section        4  integer.o(.data)
    xTaskCheck                               0x00011ad4   Data           4  integer.o(.data)
    .data                                    0x00011ad8   Section       12  pollq.o(.data)
    xPollingConsumerCount                    0x00011ad8   Data           4  pollq.o(.data)
    xPollingProducerCount                    0x00011adc   Data           4  pollq.o(.data)
    xPolledQueue                             0x00011ae0   Data           4  pollq.o(.data)
    .data                                    0x00011ae4   Section       60  tasks.o(.data)
    pxDelayedTaskList                        0x00011ae8   Data           4  tasks.o(.data)
    pxOverflowDelayedTaskList                0x00011aec   Data           4  tasks.o(.data)
    uxDeletedTasksWaitingCleanUp             0x00011af0   Data           4  tasks.o(.data)
    uxCurrentNumberOfTasks                   0x00011af4   Data           4  tasks.o(.data)
    xTickCount                               0x00011af8   Data           4  tasks.o(.data)
    uxTopReadyPriority                       0x00011afc   Data           4  tasks.o(.data)
    xSchedulerRunning                        0x00011b00   Data           4  tasks.o(.data)
    uxPendedTicks                            0x00011b04   Data           4  tasks.o(.data)
    xYieldPending                            0x00011b08   Data           4  tasks.o(.data)
    xNumOfOverflows                          0x00011b0c   Data           4  tasks.o(.data)
    uxTaskNumber                             0x00011b10   Data           4  tasks.o(.data)
    xNextTaskUnblockTime                     0x00011b14   Data           4  tasks.o(.data)
    xIdleTaskHandle                          0x00011b18   Data           4  tasks.o(.data)
    uxSchedulerSuspended                     0x00011b1c   Data           4  tasks.o(.data)
    .data                                    0x00011b20   Section        4  port.o(.data)
    uxCriticalNesting                        0x00011b20   Data           4  port.o(.data)
    .data                                    0x00011b24   Section       24  heap_2.o(.data)
    xStart                                   0x00011b24   Data           8  heap_2.o(.data)
    xEnd                                     0x00011b2c   Data           8  heap_2.o(.data)
    xFreeBytesRemaining                      0x00011b34   Data           4  heap_2.o(.data)
    xHeapHasBeenInitialised                  0x00011b38   Data           4  heap_2.o(.data)
    .data                                    0x00011b3c   Section        4  stdio_streams.o(.data)
    .data                                    0x00011b40   Section        4  stdio_streams.o(.data)
    .data                                    0x00011b44   Section        4  stdio_streams.o(.data)
    .bss                                     0x00011b48   Section       25  main.o(.bss)
    cPassMessage                             0x00011b48   Data          25  main.o(.bss)
    .bss                                     0x00011b64   Section      200  tasks.o(.bss)
    pxReadyTasksLists                        0x00011b64   Data         100  tasks.o(.bss)
    xDelayedTaskList1                        0x00011bc8   Data          20  tasks.o(.bss)
    xDelayedTaskList2                        0x00011bdc   Data          20  tasks.o(.bss)
    xPendingReadyList                        0x00011bf0   Data          20  tasks.o(.bss)
    xTasksWaitingTermination                 0x00011c04   Data          20  tasks.o(.bss)
    xSuspendedTaskList                       0x00011c18   Data          20  tasks.o(.bss)
    .bss                                     0x00011c2c   Section    17408  heap_2.o(.bss)
    ucHeap                                   0x00011c2c   Data       17408  heap_2.o(.bss)
    .bss                                     0x0001602c   Section       84  stdio_streams.o(.bss)
    .bss                                     0x00016080   Section       84  stdio_streams.o(.bss)
    .bss                                     0x000160d4   Section       84  stdio_streams.o(.bss)
    .bss                                     0x00016128   Section       96  libspace.o(.bss)
    HEAP                                     0x00016188   Section        0  stm32f10x.o(HEAP)
    STACK                                    0x00016188   Section      512  stm32f10x.o(STACK)
    Heap_Mem                                 0x00016188   Data           0  stm32f10x.o(HEAP)
    Stack_Mem                                0x00016188   Data         512  stm32f10x.o(STACK)
    __initial_sp                             0x00016388   Data           0  stm32f10x.o(STACK)

    Global Symbols

    Symbol Name                              Value     Ov Type        Size  Object(Section)

    BuildAttributes$$THM_ISAv4$P$D$K$B$S$PE$A:L22UL41UL21$X:L11$S22US41US21$IEEE1$IW$USESV6$~STKCKD$USESV7$~SHL$OTIME$ROPI$EBA8$UX$STANDARDLIB$REQ8$PRES8$EABIv2 0x00000000   Number         0  anon$$obj.o ABSOLUTE
    __ARM_use_no_argv                        0x00000000   Number         0  main.o ABSOLUTE
    __ARM_exceptions_init                     - Undefined Weak Reference
    __alloca_initialize                       - Undefined Weak Reference
    __cpp_initialize__aeabi_                  - Undefined Weak Reference
    __cxa_finalize                            - Undefined Weak Reference
    __rt_locale                               - Undefined Weak Reference
    __sigvec_lookup                           - Undefined Weak Reference
    __user_heap_extent                        - Undefined Weak Reference
    _atexit_init                              - Undefined Weak Reference
    _call_atexit_fns                          - Undefined Weak Reference
    _clock_init                               - Undefined Weak Reference
    _fp_trap_init                             - Undefined Weak Reference
    _fp_trap_shutdown                         - Undefined Weak Reference
    _get_lc_collate                           - Undefined Weak Reference
    _get_lc_ctype                             - Undefined Weak Reference
    _get_lc_monetary                          - Undefined Weak Reference
    _get_lc_numeric                           - Undefined Weak Reference
    _get_lc_time                              - Undefined Weak Reference
    _getenv_init                              - Undefined Weak Reference
    _handle_redirection                       - Undefined Weak Reference
    _mutex_acquire                            - Undefined Weak Reference
    _mutex_free                               - Undefined Weak Reference
    _mutex_release                            - Undefined Weak Reference
    _printf_post_padding                      - Undefined Weak Reference
    _printf_pre_padding                       - Undefined Weak Reference
    _printf_truncate_signed                   - Undefined Weak Reference
    _printf_truncate_unsigned                 - Undefined Weak Reference
    _rand_init                                - Undefined Weak Reference
    _signal_finish                            - Undefined Weak Reference
    _signal_init                              - Undefined Weak Reference
    __main                                   0x00008001   Thumb Code     8  __main.o(!!!main)
    __scatterload                            0x00008009   Thumb Code     0  __scatter.o(!!!scatter)
    __scatterload_rt2                        0x00008009   Thumb Code    44  __scatter.o(!!!scatter)
    __scatterload_rt2_thumb_only             0x00008009   Thumb Code     0  __scatter.o(!!!scatter)
    __scatterload_null                       0x00008017   Thumb Code     0  __scatter.o(!!!scatter)
    __scatterload_zeroinit                   0x0000803d   Thumb Code    28  __scatter_zi.o(!!handler_zi)
    _printf_percent                          0x00008059   Thumb Code     0  _printf_percent.o(.ARM.Collect$$_printf_percent$$00000000)
    _printf_u                                0x00008059   Thumb Code     0  _printf_u.o(.ARM.Collect$$_printf_percent$$0000000A)
    _printf_percent_end                      0x0000805f   Thumb Code     0  _printf_percent_end.o(.ARM.Collect$$_printf_percent$$00000017)
    __rt_lib_init                            0x00008063   Thumb Code     0  libinit.o(.ARM.Collect$$libinit$$00000000)
    __rt_lib_init_fp_1                       0x00008065   Thumb Code     0  libinit2.o(.ARM.Collect$$libinit$$00000002)
    __rt_lib_init_heap_2                     0x00008065   Thumb Code     0  libinit2.o(.ARM.Collect$$libinit$$00000003)
    __rt_lib_init_atexit_1                   0x0000806d   Thumb Code     0  libinit2.o(.ARM.Collect$$libinit$$00000019)
    __rt_lib_init_clock_1                    0x0000806d   Thumb Code     0  libinit2.o(.ARM.Collect$$libinit$$0000001F)
    __rt_lib_init_fp_trap_1                  0x0000806d   Thumb Code     0  libinit2.o(.ARM.Collect$$libinit$$0000001D)
    __rt_lib_init_getenv_1                   0x0000806d   Thumb Code     0  libinit2.o(.ARM.Collect$$libinit$$00000021)
    __rt_lib_init_heap_1                     0x0000806d   Thumb Code     0  libinit2.o(.ARM.Collect$$libinit$$00000008)
    __rt_lib_init_lc_collate_1               0x0000806d   Thumb Code     0  libinit2.o(.ARM.Collect$$libinit$$0000000F)
    __rt_lib_init_lc_ctype_1                 0x0000806d   Thumb Code     0  libinit2.o(.ARM.Collect$$libinit$$00000011)
    __rt_lib_init_lc_monetary_1              0x0000806d   Thumb Code     0  libinit2.o(.ARM.Collect$$libinit$$00000013)
    __rt_lib_init_lc_numeric_1               0x0000806d   Thumb Code     0  libinit2.o(.ARM.Collect$$libinit$$00000015)
    __rt_lib_init_lc_time_1                  0x0000806d   Thumb Code     0  libinit2.o(.ARM.Collect$$libinit$$00000017)
    __rt_lib_init_rand_1                     0x0000806d   Thumb Code     0  libinit2.o(.ARM.Collect$$libinit$$0000000C)
    __rt_lib_init_signal_1                   0x0000806d   Thumb Code     0  libinit2.o(.ARM.Collect$$libinit$$0000001B)
    __rt_lib_init_stdio_2                    0x0000806d   Thumb Code     0  libinit2.o(.ARM.Collect$$libinit$$00000022)
    __rt_lib_init_user_alloc_1               0x0000806d   Thumb Code     0  libinit2.o(.ARM.Collect$$libinit$$0000000A)
    __rt_lib_init_alloca_1                   0x00008071   Thumb Code     0  libinit2.o(.ARM.Collect$$libinit$$0000002C)
    __rt_lib_init_argv_1                     0x00008071   Thumb Code     0  libinit2.o(.ARM.Collect$$libinit$$0000002A)
    __rt_lib_init_cpp_1                      0x00008071   Thumb Code     0  libinit2.o(.ARM.Collect$$libinit$$00000030)
    __rt_lib_init_exceptions_1               0x00008071   Thumb Code     0  libinit2.o(.ARM.Collect$$libinit$$0000002E)
    __rt_lib_init_return                     0x00008071   Thumb Code     0  libinit2.o(.ARM.Collect$$libinit$$00000031)
    __rt_lib_init_stdio_1                    0x00008071   Thumb Code     0  libinit2.o(.ARM.Collect$$libinit$$00000023)
    __rt_lib_shutdown                        0x00008073   Thumb Code     0  libshutdown.o(.ARM.Collect$$libshutdown$$00000000)
    __rt_lib_shutdown_stdio_2                0x00008075   Thumb Code     0  libshutdown2.o(.ARM.Collect$$libshutdown$$00000002)
    __rt_lib_shutdown_fp_trap_1              0x00008079   Thumb Code     0  libshutdown2.o(.ARM.Collect$$libshutdown$$00000006)
    __rt_lib_shutdown_heap_1                 0x00008079   Thumb Code     0  libshutdown2.o(.ARM.Collect$$libshutdown$$0000000E)
    __rt_lib_shutdown_return                 0x00008079   Thumb Code     0  libshutdown2.o(.ARM.Collect$$libshutdown$$0000000F)
    __rt_lib_shutdown_signal_1               0x00008079   Thumb Code     0  libshutdown2.o(.ARM.Collect$$libshutdown$$00000009)
    __rt_lib_shutdown_stdio_1                0x00008079   Thumb Code     0  libshutdown2.o(.ARM.Collect$$libshutdown$$00000003)
    __rt_lib_shutdown_user_alloc_1           0x00008079   Thumb Code     0  libshutdown2.o(.ARM.Collect$$libshutdown$$0000000B)
    __rt_entry                               0x0000807b   Thumb Code     0  rtentry.o(.ARM.Collect$$rtentry$$00000000)
    __rt_entry_presh_1                       0x0000807b   Thumb Code     0  rtentry2.o(.ARM.Collect$$rtentry$$00000002)
    __rt_entry_sh                            0x0000807b   Thumb Code     0  rtentry4.o(.ARM.Collect$$rtentry$$00000004)
    __rt_entry_li                            0x00008081   Thumb Code     0  rtentry2.o(.ARM.Collect$$rtentry$$0000000A)
    __rt_entry_postsh_1                      0x00008081   Thumb Code     0  rtentry2.o(.ARM.Collect$$rtentry$$00000009)
    __rt_entry_main                          0x00008085   Thumb Code     0  rtentry2.o(.ARM.Collect$$rtentry$$0000000D)
    __rt_entry_postli_1                      0x00008085   Thumb Code     0  rtentry2.o(.ARM.Collect$$rtentry$$0000000C)
    __rt_exit                                0x0000808d   Thumb Code     0  rtexit.o(.ARM.Collect$$rtexit$$00000000)
    __rt_exit_ls                             0x0000808f   Thumb Code     0  rtexit2.o(.ARM.Collect$$rtexit$$00000003)
    __rt_exit_prels_1                        0x0000808f   Thumb Code     0  rtexit2.o(.ARM.Collect$$rtexit$$00000002)
    __rt_exit_exit                           0x00008093   Thumb Code     0  rtexit2.o(.ARM.Collect$$rtexit$$00000004)
    vPortSVCHandler                          0x00008099   Thumb Code    32  port.o(.emb_text)
    __asm___6_port_c_39a90d8d__prvStartFirstTask 0x000080bd   Thumb Code    28  port.o(.emb_text)
    xPortPendSVHandler                       0x000080dd   Thumb Code    72  port.o(.emb_text)
    vPortGetIPSR                             0x00008129   Thumb Code     6  port.o(.emb_text)
    Reset_Handler                            0x00008131   Thumb Code     4  stm32f10x.o(.text)
    _maybe_terminate_alloc                   0x00008131   Thumb Code     0  maybetermalloc1.o(.emb_text)
    NMI_Handler                              0x00008135   Thumb Code     2  stm32f10x.o(.text)
    HardFault_Handler                        0x00008137   Thumb Code     2  stm32f10x.o(.text)
    MemManage_Handler                        0x00008139   Thumb Code     2  stm32f10x.o(.text)
    BusFault_Handler                         0x0000813b   Thumb Code     2  stm32f10x.o(.text)
    UsageFault_Handler                       0x0000813d   Thumb Code     2  stm32f10x.o(.text)
    SVC_Handler                              0x0000813f   Thumb Code     2  stm32f10x.o(.text)
    DebugMon_Handler                         0x00008141   Thumb Code     2  stm32f10x.o(.text)
    PendSV_Handler                           0x00008143   Thumb Code     2  stm32f10x.o(.text)
    SysTick_Handler                          0x00008145   Thumb Code     2  stm32f10x.o(.text)
    ADC_IRQHandler                           0x00008147   Thumb Code     0  stm32f10x.o(.text)
    CAN_RX1_IRQHandler                       0x00008147   Thumb Code     0  stm32f10x.o(.text)
    CAN_SCE_IRQHandler                       0x00008147   Thumb Code     0  stm32f10x.o(.text)
    DMAChannel1_IRQHandler                   0x00008147   Thumb Code     0  stm32f10x.o(.text)
    DMAChannel2_IRQHandler                   0x00008147   Thumb Code     0  stm32f10x.o(.text)
    DMAChannel3_IRQHandler                   0x00008147   Thumb Code     0  stm32f10x.o(.text)
    DMAChannel4_IRQHandler                   0x00008147   Thumb Code     0  stm32f10x.o(.text)
    DMAChannel5_IRQHandler                   0x00008147   Thumb Code     0  stm32f10x.o(.text)
    DMAChannel6_IRQHandler                   0x00008147   Thumb Code     0  stm32f10x.o(.text)
    DMAChannel7_IRQHandler                   0x00008147   Thumb Code     0  stm32f10x.o(.text)
    EXTI0_IRQHandler                         0x00008147   Thumb Code     0  stm32f10x.o(.text)
    EXTI15_10_IRQHandler                     0x00008147   Thumb Code     0  stm32f10x.o(.text)
    EXTI1_IRQHandler                         0x00008147   Thumb Code     0  stm32f10x.o(.text)
    EXTI2_IRQHandler                         0x00008147   Thumb Code     0  stm32f10x.o(.text)
    EXTI3_IRQHandler                         0x00008147   Thumb Code     0  stm32f10x.o(.text)
    EXTI4_IRQHandler                         0x00008147   Thumb Code     0  stm32f10x.o(.text)
    EXTI9_5_IRQHandler                       0x00008147   Thumb Code     0  stm32f10x.o(.text)
    FLASH_IRQHandler                         0x00008147   Thumb Code     0  stm32f10x.o(.text)
    I2C1_ER_IRQHandler                       0x00008147   Thumb Code     0  stm32f10x.o(.text)
    I2C1_EV_IRQHandler                       0x00008147   Thumb Code     0  stm32f10x.o(.text)
    I2C2_ER_IRQHandler                       0x00008147   Thumb Code     0  stm32f10x.o(.text)
    I2C2_EV_IRQHandler                       0x00008147   Thumb Code     0  stm32f10x.o(.text)
    PVD_IRQHandler                           0x00008147   Thumb Code     0  stm32f10x.o(.text)
    RCC_IRQHandler                           0x00008147   Thumb Code     0  stm32f10x.o(.text)
    RTCAlarm_IRQHandler                      0x00008147   Thumb Code     0  stm32f10x.o(.text)
    RTC_IRQHandler                           0x00008147   Thumb Code     0  stm32f10x.o(.text)
    SPI1_IRQHandler                          0x00008147   Thumb Code     0  stm32f10x.o(.text)
    SPI2_IRQHandler                          0x00008147   Thumb Code     0  stm32f10x.o(.text)
    TAMPER_IRQHandler                        0x00008147   Thumb Code     0  stm32f10x.o(.text)
    TIM1_BRK_IRQHandler                      0x00008147   Thumb Code     0  stm32f10x.o(.text)
    TIM1_CC_IRQHandler                       0x00008147   Thumb Code     0  stm32f10x.o(.text)
    TIM1_TRG_COM_IRQHandler                  0x00008147   Thumb Code     0  stm32f10x.o(.text)
    TIM1_UP_IRQHandler                       0x00008147   Thumb Code     0  stm32f10x.o(.text)
    TIM2_IRQHandler                          0x00008147   Thumb Code     0  stm32f10x.o(.text)
    TIM3_IRQHandler                          0x00008147   Thumb Code     0  stm32f10x.o(.text)
    TIM4_IRQHandler                          0x00008147   Thumb Code     0  stm32f10x.o(.text)
    USART1_IRQHandler                        0x00008147   Thumb Code     0  stm32f10x.o(.text)
    USART2_IRQHandler                        0x00008147   Thumb Code     0  stm32f10x.o(.text)
    USART3_IRQHandler                        0x00008147   Thumb Code     0  stm32f10x.o(.text)
    USBWakeUp_IRQHandler                     0x00008147   Thumb Code     0  stm32f10x.o(.text)
    USB_HP_CAN_TX_IRQHandler                 0x00008147   Thumb Code     0  stm32f10x.o(.text)
    USB_LP_CAN_RX0_IRQHandler                0x00008147   Thumb Code     0  stm32f10x.o(.text)
    WWDG_IRQHandler                          0x00008147   Thumb Code     0  stm32f10x.o(.text)
    __user_initial_stackheap                 0x00008149   Thumb Code     0  stm32f10x.o(.text)
    LCD_CtrlLinesWrite                       0x00008165   Thumb Code    20  lcd.o(.text)
    LCD_WriteReg                             0x00008179   Thumb Code    78  lcd.o(.text)
    LCD_SPIConfig                            0x000081c7   Thumb Code   118  lcd.o(.text)
    LCD_CtrlLinesConfig                      0x0000823d   Thumb Code    46  lcd.o(.text)
    LCD_Init                                 0x0000826b   Thumb Code   702  lcd.o(.text)
    LCD_SetTextColor                         0x00008529   Thumb Code    12  lcd.o(.text)
    LCD_SetBackColor                         0x00008535   Thumb Code    12  lcd.o(.text)
    LCD_SetCursor                            0x00008541   Thumb Code    56  lcd.o(.text)
    LCD_WriteRAM                             0x00008579   Thumb Code    70  lcd.o(.text)
    LCD_DrawChar                             0x000085bf   Thumb Code    96  lcd.o(.text)
    LCD_DisplayChar                          0x0000861f   Thumb Code    34  lcd.o(.text)
    LCD_DisplayStringLine                    0x00008641   Thumb Code    66  lcd.o(.text)
    LCD_ClearLine                            0x00008683   Thumb Code    14  lcd.o(.text)
    LCD_Clear                                0x00008691   Thumb Code    36  lcd.o(.text)
    LCD_DisplayString                        0x000086c9   Thumb Code   200  lcd.o(.text)
    LCD_ScrollText                           0x00008791   Thumb Code   104  lcd.o(.text)
    LCD_SetDisplayWindow                     0x000087f9   Thumb Code   104  lcd.o(.text)
    LCD_DrawLine                             0x00008861   Thumb Code    78  lcd.o(.text)
    LCD_DrawRect                             0x000088af   Thumb Code    70  lcd.o(.text)
    LCD_DrawCircle                           0x000088f5   Thumb Code   296  lcd.o(.text)
    LCD_DrawMonoPict                         0x00008a1d   Thumb Code    72  lcd.o(.text)
    LCD_DrawBMP                              0x00008a65   Thumb Code   132  lcd.o(.text)
    LCD_ReadReg                              0x00008ae9   Thumb Code   128  lcd.o(.text)
    LCD_ReadRAM                              0x00008b69   Thumb Code    92  lcd.o(.text)
    LCD_PowerOn                              0x00008bc5   Thumb Code   122  lcd.o(.text)
    LCD_DisplayOn                            0x00008c3f   Thumb Code    50  lcd.o(.text)
    LCD_DisplayOff                           0x00008c71   Thumb Code    26  lcd.o(.text)
    __WFI                                    0x00008ca5   Thumb Code     0  cortexm3_macro_rvds.o(.text)
    __WFE                                    0x00008ca9   Thumb Code     0  cortexm3_macro_rvds.o(.text)
    __SEV                                    0x00008cad   Thumb Code     0  cortexm3_macro_rvds.o(.text)
    __ISB                                    0x00008cb1   Thumb Code     0  cortexm3_macro_rvds.o(.text)
    __DSB                                    0x00008cb7   Thumb Code     0  cortexm3_macro_rvds.o(.text)
    __DMB                                    0x00008cbd   Thumb Code     0  cortexm3_macro_rvds.o(.text)
    __SVC                                    0x00008cc3   Thumb Code     0  cortexm3_macro_rvds.o(.text)
    __MRS_CONTROL                            0x00008cc7   Thumb Code     0  cortexm3_macro_rvds.o(.text)
    __MSR_CONTROL                            0x00008ccd   Thumb Code     0  cortexm3_macro_rvds.o(.text)
    __MRS_PSP                                0x00008cd7   Thumb Code     0  cortexm3_macro_rvds.o(.text)
    __MSR_PSP                                0x00008cdd   Thumb Code     0  cortexm3_macro_rvds.o(.text)
    __MRS_MSP                                0x00008ce3   Thumb Code     0  cortexm3_macro_rvds.o(.text)
    __MSR_MSP                                0x00008ce9   Thumb Code     0  cortexm3_macro_rvds.o(.text)
    __SETPRIMASK                             0x00008cef   Thumb Code     0  cortexm3_macro_rvds.o(.text)
    __RESETPRIMASK                           0x00008cf3   Thumb Code     0  cortexm3_macro_rvds.o(.text)
    __SETFAULTMASK                           0x00008cf7   Thumb Code     0  cortexm3_macro_rvds.o(.text)
    __RESETFAULTMASK                         0x00008cfb   Thumb Code     0  cortexm3_macro_rvds.o(.text)
    __BASEPRICONFIG                          0x00008cff   Thumb Code     0  cortexm3_macro_rvds.o(.text)
    __GetBASEPRI                             0x00008d05   Thumb Code     0  cortexm3_macro_rvds.o(.text)
    __REV_HalfWord                           0x00008d0b   Thumb Code     0  cortexm3_macro_rvds.o(.text)
    __REV_Word                               0x00008d0f   Thumb Code     0  cortexm3_macro_rvds.o(.text)
    USART_DeInit                             0x00008d15   Thumb Code    88  stm32f10x_usart.o(.text)
    USART_Init                               0x00008d6d   Thumb Code   168  stm32f10x_usart.o(.text)
    USART_StructInit                         0x00008e15   Thumb Code    32  stm32f10x_usart.o(.text)
    USART_Cmd                                0x00008e35   Thumb Code    24  stm32f10x_usart.o(.text)
    USART_ITConfig                           0x00008e4d   Thumb Code    64  stm32f10x_usart.o(.text)
    USART_DMACmd                             0x00008e8d   Thumb Code    18  stm32f10x_usart.o(.text)
    USART_SetAddress                         0x00008e9f   Thumb Code    18  stm32f10x_usart.o(.text)
    USART_WakeUpConfig                       0x00008eb1   Thumb Code    18  stm32f10x_usart.o(.text)
    USART_ReceiverWakeUpCmd                  0x00008ec3   Thumb Code    24  stm32f10x_usart.o(.text)
    USART_LINBreakDetectLengthConfig         0x00008edb   Thumb Code    18  stm32f10x_usart.o(.text)
    USART_LINCmd                             0x00008eed   Thumb Code    24  stm32f10x_usart.o(.text)
    USART_SendData                           0x00008f05   Thumb Code     8  stm32f10x_usart.o(.text)
    USART_ReceiveData                        0x00008f0d   Thumb Code    10  stm32f10x_usart.o(.text)
    USART_SendBreak                          0x00008f17   Thumb Code    10  stm32f10x_usart.o(.text)
    USART_SetGuardTime                       0x00008f21   Thumb Code    16  stm32f10x_usart.o(.text)
    USART_SetPrescaler                       0x00008f31   Thumb Code    16  stm32f10x_usart.o(.text)
    USART_SmartCardCmd                       0x00008f41   Thumb Code    24  stm32f10x_usart.o(.text)
    USART_SmartCardNACKCmd                   0x00008f59   Thumb Code    24  stm32f10x_usart.o(.text)
    USART_HalfDuplexCmd                      0x00008f71   Thumb Code    24  stm32f10x_usart.o(.text)
    USART_IrDAConfig                         0x00008f89   Thumb Code    18  stm32f10x_usart.o(.text)
    USART_IrDACmd                            0x00008f9b   Thumb Code    24  stm32f10x_usart.o(.text)
    USART_GetFlagStatus                      0x00008fb3   Thumb Code    18  stm32f10x_usart.o(.text)
    USART_ClearFlag                          0x00008fc5   Thumb Code     8  stm32f10x_usart.o(.text)
    USART_GetITStatus                        0x00008fcd   Thumb Code    76  stm32f10x_usart.o(.text)
    USART_ClearITPendingBit                  0x00009019   Thumb Code    22  stm32f10x_usart.o(.text)
    GPIO_DeInit                              0x00009039   Thumb Code   138  stm32f10x_gpio.o(.text)
    GPIO_AFIODeInit                          0x000090c3   Thumb Code    20  stm32f10x_gpio.o(.text)
    GPIO_Init                                0x000090d7   Thumb Code   278  stm32f10x_gpio.o(.text)
    GPIO_StructInit                          0x000091ed   Thumb Code    16  stm32f10x_gpio.o(.text)
    GPIO_ReadInputDataBit                    0x000091fd   Thumb Code    18  stm32f10x_gpio.o(.text)
    GPIO_ReadInputData                       0x0000920f   Thumb Code     8  stm32f10x_gpio.o(.text)
    GPIO_ReadOutputDataBit                   0x00009217   Thumb Code    18  stm32f10x_gpio.o(.text)
    GPIO_ReadOutputData                      0x00009229   Thumb Code     8  stm32f10x_gpio.o(.text)
    GPIO_WriteBit                            0x00009231   Thumb Code    10  stm32f10x_gpio.o(.text)
    GPIO_Write                               0x0000923b   Thumb Code     4  stm32f10x_gpio.o(.text)
    GPIO_PinLockConfig                       0x0000923f   Thumb Code    18  stm32f10x_gpio.o(.text)
    GPIO_EventOutputConfig                   0x00009251   Thumb Code    26  stm32f10x_gpio.o(.text)
    GPIO_EventOutputCmd                      0x0000926b   Thumb Code     6  stm32f10x_gpio.o(.text)
    GPIO_PinRemapConfig                      0x00009271   Thumb Code    86  stm32f10x_gpio.o(.text)
    GPIO_EXTILineConfig                      0x000092c7   Thumb Code    66  stm32f10x_gpio.o(.text)
    NVIC_DeInit                              0x00009319   Thumb Code    54  stm32f10x_nvic.o(.text)
    NVIC_SCBDeInit                           0x0000934f   Thumb Code    76  stm32f10x_nvic.o(.text)
    NVIC_PriorityGroupConfig                 0x0000939b   Thumb Code    12  stm32f10x_nvic.o(.text)
    NVIC_Init                                0x000093a7   Thumb Code   152  stm32f10x_nvic.o(.text)
    NVIC_StructInit                          0x0000943f   Thumb Code    12  stm32f10x_nvic.o(.text)
    NVIC_SETPRIMASK                          0x0000944b   Thumb Code     8  stm32f10x_nvic.o(.text)
    NVIC_RESETPRIMASK                        0x00009453   Thumb Code     8  stm32f10x_nvic.o(.text)
    NVIC_SETFAULTMASK                        0x0000945b   Thumb Code     8  stm32f10x_nvic.o(.text)
    NVIC_RESETFAULTMASK                      0x00009463   Thumb Code     8  stm32f10x_nvic.o(.text)
    NVIC_BASEPRICONFIG                       0x0000946b   Thumb Code    12  stm32f10x_nvic.o(.text)
    NVIC_GetBASEPRI                          0x00009477   Thumb Code     8  stm32f10x_nvic.o(.text)
    NVIC_GetCurrentPendingIRQChannel         0x0000947f   Thumb Code    10  stm32f10x_nvic.o(.text)
    NVIC_GetIRQChannelPendingBitStatus       0x00009489   Thumb Code    42  stm32f10x_nvic.o(.text)
    NVIC_SetIRQChannelPendingBit             0x000094b3   Thumb Code     6  stm32f10x_nvic.o(.text)
    NVIC_ClearIRQChannelPendingBit           0x000094b9   Thumb Code    20  stm32f10x_nvic.o(.text)
    NVIC_GetCurrentActiveHandler             0x000094cd   Thumb Code    10  stm32f10x_nvic.o(.text)
    NVIC_GetIRQChannelActiveBitStatus        0x000094d7   Thumb Code    42  stm32f10x_nvic.o(.text)
    NVIC_GetCPUID                            0x00009501   Thumb Code     8  stm32f10x_nvic.o(.text)
    NVIC_SetVectorTable                      0x00009509   Thumb Code    22  stm32f10x_nvic.o(.text)
    NVIC_GenerateSystemReset                 0x0000951f   Thumb Code    12  stm32f10x_nvic.o(.text)
    NVIC_GenerateCoreReset                   0x0000952b   Thumb Code    12  stm32f10x_nvic.o(.text)
    NVIC_SystemLPConfig                      0x00009537   Thumb Code    34  stm32f10x_nvic.o(.text)
    NVIC_SystemHandlerConfig                 0x00009559   Thumb Code    48  stm32f10x_nvic.o(.text)
    NVIC_SystemHandlerPriorityConfig         0x00009589   Thumb Code   110  stm32f10x_nvic.o(.text)
    NVIC_GetSystemHandlerPendingBitStatus    0x000095f7   Thumb Code    44  stm32f10x_nvic.o(.text)
    NVIC_SetSystemHandlerPendingBit          0x00009623   Thumb Code    22  stm32f10x_nvic.o(.text)
    NVIC_ClearSystemHandlerPendingBit        0x00009639   Thumb Code    26  stm32f10x_nvic.o(.text)
    NVIC_GetSystemHandlerActiveBitStatus     0x00009653   Thumb Code    42  stm32f10x_nvic.o(.text)
    NVIC_GetFaultHandlerSources              0x0000967d   Thumb Code    66  stm32f10x_nvic.o(.text)
    NVIC_GetFaultAddress                     0x000096bf   Thumb Code    28  stm32f10x_nvic.o(.text)
    RCC_DeInit                               0x000096f9   Thumb Code    78  stm32f10x_rcc.o(.text)
    RCC_HSEConfig                            0x00009747   Thumb Code    70  stm32f10x_rcc.o(.text)
    RCC_AdjustHSICalibrationValue            0x0000978d   Thumb Code    20  stm32f10x_rcc.o(.text)
    RCC_HSICmd                               0x000097a1   Thumb Code     6  stm32f10x_rcc.o(.text)
    RCC_PLLConfig                            0x000097a7   Thumb Code    24  stm32f10x_rcc.o(.text)
    RCC_PLLCmd                               0x000097bf   Thumb Code     6  stm32f10x_rcc.o(.text)
    RCC_SYSCLKConfig                         0x000097c5   Thumb Code    18  stm32f10x_rcc.o(.text)
    RCC_GetSYSCLKSource                      0x000097d7   Thumb Code    10  stm32f10x_rcc.o(.text)
    RCC_HCLKConfig                           0x000097e1   Thumb Code    18  stm32f10x_rcc.o(.text)
    RCC_PCLK1Config                          0x000097f3   Thumb Code    18  stm32f10x_rcc.o(.text)
    RCC_PCLK2Config                          0x00009805   Thumb Code    20  stm32f10x_rcc.o(.text)
    RCC_ITConfig                             0x00009819   Thumb Code    26  stm32f10x_rcc.o(.text)
    RCC_USBCLKConfig                         0x00009833   Thumb Code     8  stm32f10x_rcc.o(.text)
    RCC_ADCCLKConfig                         0x0000983b   Thumb Code    18  stm32f10x_rcc.o(.text)
    RCC_LSEConfig                            0x0000984d   Thumb Code    50  stm32f10x_rcc.o(.text)
    RCC_LSICmd                               0x0000987f   Thumb Code     6  stm32f10x_rcc.o(.text)
    RCC_RTCCLKConfig                         0x00009885   Thumb Code    12  stm32f10x_rcc.o(.text)
    RCC_RTCCLKCmd                            0x00009891   Thumb Code     8  stm32f10x_rcc.o(.text)
    RCC_GetClocksFreq                        0x00009899   Thumb Code   192  stm32f10x_rcc.o(.text)
    RCC_AHBPeriphClockCmd                    0x00009959   Thumb Code    26  stm32f10x_rcc.o(.text)
    RCC_APB2PeriphClockCmd                   0x00009973   Thumb Code    26  stm32f10x_rcc.o(.text)
    RCC_APB1PeriphClockCmd                   0x0000998d   Thumb Code    26  stm32f10x_rcc.o(.text)
    RCC_APB2PeriphResetCmd                   0x000099a7   Thumb Code    26  stm32f10x_rcc.o(.text)
    RCC_APB1PeriphResetCmd                   0x000099c1   Thumb Code    26  stm32f10x_rcc.o(.text)
    RCC_BackupResetCmd                       0x000099db   Thumb Code     8  stm32f10x_rcc.o(.text)
    RCC_ClockSecuritySystemCmd               0x000099e3   Thumb Code     6  stm32f10x_rcc.o(.text)
    RCC_MCOConfig                            0x000099e9   Thumb Code     6  stm32f10x_rcc.o(.text)
    RCC_GetFlagStatus                        0x000099ef   Thumb Code    56  stm32f10x_rcc.o(.text)
    RCC_ClearFlag                            0x00009a27   Thumb Code    14  stm32f10x_rcc.o(.text)
    RCC_GetITStatus                          0x00009a35   Thumb Code    20  stm32f10x_rcc.o(.text)
    RCC_ClearITPendingBit                    0x00009a49   Thumb Code     6  stm32f10x_rcc.o(.text)
    SPI_DeInit                               0x00009a75   Thumb Code    62  stm32f10x_spi.o(.text)
    SPI_Init                                 0x00009ab3   Thumb Code    50  stm32f10x_spi.o(.text)
    SPI_StructInit                           0x00009ae5   Thumb Code    24  stm32f10x_spi.o(.text)
    SPI_Cmd                                  0x00009afd   Thumb Code    24  stm32f10x_spi.o(.text)
    SPI_ITConfig                             0x00009b15   Thumb Code    32  stm32f10x_spi.o(.text)
    SPI_DMACmd                               0x00009b35   Thumb Code    18  stm32f10x_spi.o(.text)
    SPI_SendData                             0x00009b47   Thumb Code     4  stm32f10x_spi.o(.text)
    SPI_ReceiveData                          0x00009b4b   Thumb Code     6  stm32f10x_spi.o(.text)
    SPI_NSSInternalSoftwareConfig            0x00009b51   Thumb Code    30  stm32f10x_spi.o(.text)
    SPI_SSOutputCmd                          0x00009b6f   Thumb Code    24  stm32f10x_spi.o(.text)
    SPI_DataSizeConfig                       0x00009b87   Thumb Code    20  stm32f10x_spi.o(.text)
    SPI_TransmitCRC                          0x00009b9b   Thumb Code    10  stm32f10x_spi.o(.text)
    SPI_CalculateCRC                         0x00009ba5   Thumb Code    24  stm32f10x_spi.o(.text)
    SPI_GetCRC                               0x00009bbd   Thumb Code    16  stm32f10x_spi.o(.text)
    SPI_GetCRCPolynomial                     0x00009bcd   Thumb Code     6  stm32f10x_spi.o(.text)
    SPI_BiDirectionalLineConfig              0x00009bd3   Thumb Code    28  stm32f10x_spi.o(.text)
    SPI_GetFlagStatus                        0x00009bef   Thumb Code    18  stm32f10x_spi.o(.text)
    SPI_ClearFlag                            0x00009c01   Thumb Code    32  stm32f10x_spi.o(.text)
    SPI_GetITStatus                          0x00009c21   Thumb Code    52  stm32f10x_spi.o(.text)
    SPI_ClearITPendingBit                    0x00009c55   Thumb Code    46  stm32f10x_spi.o(.text)
    SysTick_CLKSourceConfig                  0x00009c89   Thumb Code    40  stm32f10x_systick.o(.text)
    SysTick_SetReload                        0x00009cb1   Thumb Code     8  stm32f10x_systick.o(.text)
    SysTick_CounterCmd                       0x00009cb9   Thumb Code    52  stm32f10x_systick.o(.text)
    SysTick_ITConfig                         0x00009ced   Thumb Code    38  stm32f10x_systick.o(.text)
    SysTick_GetCounter                       0x00009d13   Thumb Code     8  stm32f10x_systick.o(.text)
    SysTick_GetFlagStatus                    0x00009d1b   Thumb Code    50  stm32f10x_systick.o(.text)
    TIM_DeInit                               0x00009d4d   Thumb Code    84  stm32f10x_tim.o(.text)
    TIM_TimeBaseInit                         0x00009da1   Thumb Code    30  stm32f10x_tim.o(.text)
    TIM_OCInit                               0x00009dbf   Thumb Code   214  stm32f10x_tim.o(.text)
    TIM_SetIC1Prescaler                      0x00009e95   Thumb Code    18  stm32f10x_tim.o(.text)
    TIM_SetIC2Prescaler                      0x00009edf   Thumb Code    26  stm32f10x_tim.o(.text)
    TIM_SetIC4Prescaler                      0x00009fc5   Thumb Code    26  stm32f10x_tim.o(.text)
    TIM_SetIC3Prescaler                      0x0000a031   Thumb Code    18  stm32f10x_tim.o(.text)
    TIM_ICInit                               0x0000a085   Thumb Code   126  stm32f10x_tim.o(.text)
    TIM_TimeBaseStructInit                   0x0000a103   Thumb Code    12  stm32f10x_tim.o(.text)
    TIM_OCStructInit                         0x0000a10f   Thumb Code    12  stm32f10x_tim.o(.text)
    TIM_ICStructInit                         0x0000a11b   Thumb Code    34  stm32f10x_tim.o(.text)
    TIM_Cmd                                  0x0000a13d   Thumb Code    24  stm32f10x_tim.o(.text)
    TIM_ITConfig                             0x0000a155   Thumb Code    18  stm32f10x_tim.o(.text)
    TIM_DMAConfig                            0x0000a167   Thumb Code    22  stm32f10x_tim.o(.text)
    TIM_DMACmd                               0x0000a17d   Thumb Code    24  stm32f10x_tim.o(.text)
    TIM_InternalClockConfig                  0x0000a195   Thumb Code    12  stm32f10x_tim.o(.text)
    TIM_SelectInputTrigger                   0x0000a1a1   Thumb Code    18  stm32f10x_tim.o(.text)
    TIM_ITRxExternalClockConfig              0x0000a1b3   Thumb Code    24  stm32f10x_tim.o(.text)
    TIM_TIxExternalClockConfig               0x0000a1cb   Thumb Code    62  stm32f10x_tim.o(.text)
    TIM_ETRClockMode1Config                  0x0000a223   Thumb Code    64  stm32f10x_tim.o(.text)
    TIM_ETRClockMode2Config                  0x0000a263   Thumb Code    36  stm32f10x_tim.o(.text)
    TIM_PrescalerConfig                      0x0000a287   Thumb Code    26  stm32f10x_tim.o(.text)
    TIM_CounterModeConfig                    0x0000a2a1   Thumb Code    18  stm32f10x_tim.o(.text)
    TIM_ForcedOC1Config                      0x0000a2b3   Thumb Code    18  stm32f10x_tim.o(.text)
    TIM_ForcedOC2Config                      0x0000a2c5   Thumb Code    26  stm32f10x_tim.o(.text)
    TIM_ForcedOC3Config                      0x0000a2df   Thumb Code    18  stm32f10x_tim.o(.text)
    TIM_ForcedOC4Config                      0x0000a2f1   Thumb Code    26  stm32f10x_tim.o(.text)
    TIM_ARRPreloadConfig                     0x0000a30b   Thumb Code    24  stm32f10x_tim.o(.text)
    TIM_SelectCCDMA                          0x0000a323   Thumb Code    22  stm32f10x_tim.o(.text)
    TIM_OC1PreloadConfig                     0x0000a339   Thumb Code    18  stm32f10x_tim.o(.text)
    TIM_OC2PreloadConfig                     0x0000a34b   Thumb Code    26  stm32f10x_tim.o(.text)
    TIM_OC3PreloadConfig                     0x0000a365   Thumb Code    18  stm32f10x_tim.o(.text)
    TIM_OC4PreloadConfig                     0x0000a377   Thumb Code    26  stm32f10x_tim.o(.text)
    TIM_OC1FastConfig                        0x0000a391   Thumb Code    18  stm32f10x_tim.o(.text)
    TIM_OC2FastConfig                        0x0000a3a3   Thumb Code    26  stm32f10x_tim.o(.text)
    TIM_OC3FastConfig                        0x0000a3bd   Thumb Code    18  stm32f10x_tim.o(.text)
    TIM_OC4FastConfig                        0x0000a3cf   Thumb Code    26  stm32f10x_tim.o(.text)
    TIM_UpdateDisableConfig                  0x0000a3e9   Thumb Code    24  stm32f10x_tim.o(.text)
    TIM_EncoderInterfaceConfig               0x0000a401   Thumb Code    66  stm32f10x_tim.o(.text)
    TIM_GenerateEvent                        0x0000a443   Thumb Code     8  stm32f10x_tim.o(.text)
    TIM_OC1PolarityConfig                    0x0000a44b   Thumb Code    18  stm32f10x_tim.o(.text)
    TIM_OC2PolarityConfig                    0x0000a45d   Thumb Code    26  stm32f10x_tim.o(.text)
    TIM_OC3PolarityConfig                    0x0000a477   Thumb Code    26  stm32f10x_tim.o(.text)
    TIM_OC4PolarityConfig                    0x0000a491   Thumb Code    26  stm32f10x_tim.o(.text)
    TIM_UpdateRequestConfig                  0x0000a4ab   Thumb Code    26  stm32f10x_tim.o(.text)
    TIM_SelectHallSensor                     0x0000a4c5   Thumb Code    24  stm32f10x_tim.o(.text)
    TIM_SelectOnePulseMode                   0x0000a4dd   Thumb Code    18  stm32f10x_tim.o(.text)
    TIM_SelectOutputTrigger                  0x0000a4ef   Thumb Code    16  stm32f10x_tim.o(.text)
    TIM_SelectSlaveMode                      0x0000a4ff   Thumb Code    18  stm32f10x_tim.o(.text)
    TIM_SelectMasterSlaveMode                0x0000a511   Thumb Code    18  stm32f10x_tim.o(.text)
    TIM_SetAutoreload                        0x0000a523   Thumb Code     4  stm32f10x_tim.o(.text)
    TIM_SetCompare1                          0x0000a527   Thumb Code     4  stm32f10x_tim.o(.text)
    TIM_SetCompare2                          0x0000a52b   Thumb Code     4  stm32f10x_tim.o(.text)
    TIM_SetCompare3                          0x0000a52f   Thumb Code     4  stm32f10x_tim.o(.text)
    TIM_SetCompare4                          0x0000a533   Thumb Code     6  stm32f10x_tim.o(.text)
    TIM_SetClockDivision                     0x0000a539   Thumb Code    14  stm32f10x_tim.o(.text)
    TIM_GetCapture1                          0x0000a547   Thumb Code     6  stm32f10x_tim.o(.text)
    TIM_GetCapture2                          0x0000a54d   Thumb Code     6  stm32f10x_tim.o(.text)
    TIM_GetCapture3                          0x0000a553   Thumb Code     6  stm32f10x_tim.o(.text)
    TIM_GetCapture4                          0x0000a559   Thumb Code     8  stm32f10x_tim.o(.text)
    TIM_GetCounter                           0x0000a561   Thumb Code     6  stm32f10x_tim.o(.text)
    TIM_GetPrescaler                         0x0000a567   Thumb Code     6  stm32f10x_tim.o(.text)
    TIM_GetFlagStatus                        0x0000a56d   Thumb Code    18  stm32f10x_tim.o(.text)
    TIM_ClearFlag                            0x0000a57f   Thumb Code     8  stm32f10x_tim.o(.text)
    TIM_GetITStatus                          0x0000a587   Thumb Code    34  stm32f10x_tim.o(.text)
    TIM_ClearITPendingBit                    0x0000a5a9   Thumb Code     8  stm32f10x_tim.o(.text)
    vParTestInitialise                       0x0000a5b1   Thumb Code    32  partest.o(.text)
    vParTestSetLED                           0x0000a5d1   Thumb Code    66  partest.o(.text)
    vParTestToggleLED                        0x0000a613   Thumb Code    64  partest.o(.text)
    xSerialPortInitMinimal                   0x0000a65d   Thumb Code   230  serial.o(.text)
    xSerialGetChar                           0x0000a743   Thumb Code    32  serial.o(.text)
    xSerialPutChar                           0x0000a763   Thumb Code    46  serial.o(.text)
    vSerialPutString                         0x0000a791   Thumb Code    38  serial.o(.text)
    vSerialClose                             0x0000a7b7   Thumb Code     2  serial.o(.text)
    vUARTInterruptHandler                    0x0000a7b9   Thumb Code   120  serial.o(.text)
    vSetupTimerTest                          0x0000a845   Thumb Code   156  timertest.o(.text)
    vTimer2IntHandler                        0x0000a8e1   Thumb Code    72  timertest.o(.text)
    main                                     0x0000aad5   Thumb Code   122  main.o(.text)
    fputc                                    0x0000ab4f   Thumb Code   136  main.o(.text)
    SPI_FLASH_ChipSelect                     0x0000acad   Thumb Code    16  spi_flash.o(.text)
    SPI_FLASH_Init                           0x0000acbd   Thumb Code   148  spi_flash.o(.text)
    SPI_FLASH_SendByte                       0x0000ad51   Thumb Code    50  spi_flash.o(.text)
    SPI_FLASH_WaitForWriteEnd                0x0000ad83   Thumb Code    42  spi_flash.o(.text)
    SPI_FLASH_WriteEnable                    0x0000adad   Thumb Code    22  spi_flash.o(.text)
    SPI_FLASH_SectorErase                    0x0000adc3   Thumb Code    54  spi_flash.o(.text)
    SPI_FLASH_BulkErase                      0x0000adf9   Thumb Code    30  spi_flash.o(.text)
    SPI_FLASH_PageWrite                      0x0000ae17   Thumb Code    78  spi_flash.o(.text)
    SPI_FLASH_BufferWrite                    0x0000ae65   Thumb Code   290  spi_flash.o(.text)
    SPI_FLASH_BufferRead                     0x0000af87   Thumb Code    72  spi_flash.o(.text)
    SPI_FLASH_ReadID                         0x0000afcf   Thumb Code    70  spi_flash.o(.text)
    SPI_FLASH_StartReadSequence              0x0000b015   Thumb Code    40  spi_flash.o(.text)
    SPI_FLASH_ReadByte                       0x0000b03d   Thumb Code    10  spi_flash.o(.text)
    SPI_FLASH_SendHalfWord                   0x0000b047   Thumb Code    48  spi_flash.o(.text)
    vStartSemaphoreTasks                     0x0000b13f   Thumb Code   198  semtest.o(.text)
    xAreSemaphoreTasksStillRunning           0x0000b205   Thumb Code    44  semtest.o(.text)
    vStartBlockingQueueTasks                 0x0000b2e1   Thumb Code   312  blockq.o(.text)
    xAreBlockingQueuesStillRunning           0x0000b419   Thumb Code    74  blockq.o(.text)
    vCreateBlockTimeTasks                    0x0000b83f   Thumb Code    64  blocktim.o(.text)
    xAreBlockTimeTestTasksStillRunning       0x0000b87f   Thumb Code   114  blocktim.o(.text)
    vAltStartComTestTasks                    0x0000b9bb   Thumb Code    60  comtest.o(.text)
    xAreComTestTasksStillRunning             0x0000b9f7   Thumb Code    20  comtest.o(.text)
    vCreateSuicidalTasks                     0x0000babb   Thumb Code    40  death.o(.text)
    xIsCreateTaskStillRunning                0x0000bae3   Thumb Code    72  death.o(.text)
    vStartLEDFlashTasks                      0x0000bbad   Thumb Code    34  flash.o(.text)
    vStartIntegerMathTasks                   0x0000bc27   Thumb Code    40  integer.o(.text)
    xAreIntegerMathsTaskStillRunning         0x0000bc4f   Thumb Code    34  integer.o(.text)
    vStartPolledQueueTasks                   0x0000bd2b   Thumb Code    62  pollq.o(.text)
    xArePollingQueuesStillRunning            0x0000bd69   Thumb Code    30  pollq.o(.text)
    xTaskCreate                              0x0000bf09   Thumb Code    96  tasks.o(.text)
    vTaskDelete                              0x0000bfa5   Thumb Code   166  tasks.o(.text)
    xTaskIncrementTick                       0x0000c04b   Thumb Code   238  tasks.o(.text)
    xTaskResumeAll                           0x0000c139   Thumb Code   284  tasks.o(.text)
    vTaskSuspendAll                          0x0000c2d1   Thumb Code    12  tasks.o(.text)
    vTaskDelayUntil                          0x0000c2dd   Thumb Code   106  tasks.o(.text)
    vTaskDelay                               0x0000c347   Thumb Code    46  tasks.o(.text)
    uxTaskPriorityGet                        0x0000c375   Thumb Code    30  tasks.o(.text)
    uxTaskPriorityGetFromISR                 0x0000c393   Thumb Code    52  tasks.o(.text)
    vTaskPrioritySet                         0x0000c3c7   Thumb Code   216  tasks.o(.text)
    vTaskSwitchContext                       0x0000c49f   Thumb Code    76  tasks.o(.text)
    vTaskSuspend                             0x0000c4eb   Thumb Code   160  tasks.o(.text)
    vTaskResume                              0x0000c5c3   Thumb Code   170  tasks.o(.text)
    xTaskResumeFromISR                       0x0000c66d   Thumb Code   130  tasks.o(.text)
    vTaskStartScheduler                      0x0000c765   Thumb Code    72  tasks.o(.text)
    vTaskEndScheduler                        0x0000c7ad   Thumb Code    32  tasks.o(.text)
    xTaskGetTickCount                        0x0000c7cd   Thumb Code     6  tasks.o(.text)
    xTaskGetTickCountFromISR                 0x0000c7d3   Thumb Code     8  tasks.o(.text)
    uxTaskGetNumberOfTasks                   0x0000c7db   Thumb Code     6  tasks.o(.text)
    pcTaskGetName                            0x0000c7e1   Thumb Code    20  tasks.o(.text)
    vTaskPlaceOnEventList                    0x0000c7f5   Thumb Code    28  tasks.o(.text)
    vTaskPlaceOnUnorderedEventList           0x0000c811   Thumb Code    40  tasks.o(.text)
    xTaskRemoveFromEventList                 0x0000c839   Thumb Code   104  tasks.o(.text)
    xTaskRemoveFromUnorderedEventList        0x0000c8a1   Thumb Code    94  tasks.o(.text)
    vTaskSetTimeOutState                     0x0000c8ff   Thumb Code    14  tasks.o(.text)
    xTaskCheckForTimeOut                     0x0000c90d   Thumb Code    84  tasks.o(.text)
    vTaskMissedYield                         0x0000c961   Thumb Code     8  tasks.o(.text)
    uxTaskResetEventItemValue                0x0000c969   Thumb Code    24  tasks.o(.text)
    ulTaskNotifyTake                         0x0000c981   Thumb Code   108  tasks.o(.text)
    xTaskNotifyWait                          0x0000c9ed   Thumb Code   226  tasks.o(.text)
    xTaskGenericNotify                       0x0000cacf   Thumb Code   178  tasks.o(.text)
    xTaskGenericNotifyFromISR                0x0000cb81   Thumb Code   228  tasks.o(.text)
    vTaskNotifyGiveFromISR                   0x0000cc65   Thumb Code   154  tasks.o(.text)
    xTaskNotifyStateClear                    0x0000ccff   Thumb Code    48  tasks.o(.text)
    vListInitialise                          0x0000cd4d   Thumb Code    26  list.o(.text)
    vListInitialiseItem                      0x0000cd67   Thumb Code     6  list.o(.text)
    vListInsertEnd                           0x0000cd6d   Thumb Code    24  list.o(.text)
    vListInsert                              0x0000cd85   Thumb Code    52  list.o(.text)
    uxListRemove                             0x0000cdb9   Thumb Code    40  list.o(.text)
    xQueueGenericReset                       0x0000cde1   Thumb Code   122  queue.o(.text)
    xQueueGenericCreate                      0x0000ce81   Thumb Code    56  queue.o(.text)
    xQueueGenericSend                        0x0000cfbf   Thumb Code   276  queue.o(.text)
    xQueueGenericSendFromISR                 0x0000d0d3   Thumb Code   134  queue.o(.text)
    xQueueGiveFromISR                        0x0000d159   Thumb Code   120  queue.o(.text)
    xQueueGenericReceive                     0x0000d219   Thumb Code   312  queue.o(.text)
    xQueueReceiveFromISR                     0x0000d351   Thumb Code   130  queue.o(.text)
    xQueuePeekFromISR                        0x0000d3d3   Thumb Code    74  queue.o(.text)
    uxQueueMessagesWaiting                   0x0000d41d   Thumb Code    18  queue.o(.text)
    uxQueueSpacesAvailable                   0x0000d42f   Thumb Code    24  queue.o(.text)
    uxQueueMessagesWaitingFromISR            0x0000d447   Thumb Code     6  queue.o(.text)
    vQueueDelete                             0x0000d44d   Thumb Code    14  queue.o(.text)
    xQueueIsQueueEmptyFromISR                0x0000d45b   Thumb Code    14  queue.o(.text)
    xQueueIsQueueFullFromISR                 0x0000d469   Thumb Code    18  queue.o(.text)
    pxPortInitialiseStack                    0x0000d497   Thumb Code    30  port.o(.text)
    vPortSetupTimerInterrupt                 0x0000d4b5   Thumb Code    14  port.o(.text)
    xPortStartScheduler                      0x0000d4c3   Thumb Code    42  port.o(.text)
    vPortEndScheduler                        0x0000d4ed   Thumb Code     2  port.o(.text)
    vPortEnterCritical                       0x0000d4ef   Thumb Code    30  port.o(.text)
    vPortExitCritical                        0x0000d50d   Thumb Code    28  port.o(.text)
    xPortSysTickHandler                      0x0000d529   Thumb Code    48  port.o(.text)
    pvPortMalloc                             0x0000d593   Thumb Code   166  heap_2.o(.text)
    vPortFree                                0x0000d639   Thumb Code    56  heap_2.o(.text)
    xPortGetFreeHeapSize                     0x0000d671   Thumb Code     6  heap_2.o(.text)
    vPortInitialiseBlocks                    0x0000d677   Thumb Code     2  heap_2.o(.text)
    __2printf                                0x0000d68d   Thumb Code    20  noretval__2printf.o(.text)
    __2sprintf                               0x0000d6a5   Thumb Code    34  noretval__2sprintf.o(.text)
    __printf                                 0x0000d6cd   Thumb Code   104  __printf.o(.text)
    _printf_int_dec                          0x0000d735   Thumb Code   100  _printf_dec.o(.text)
    __aeabi_memcpy                           0x0000d7a9   Thumb Code     0  rt_memcpy_v6.o(.text)
    __rt_memcpy                              0x0000d7a9   Thumb Code   138  rt_memcpy_v6.o(.text)
    _memcpy_lastbytes                        0x0000d80f   Thumb Code     0  rt_memcpy_v6.o(.text)
    __use_two_region_memory                  0x0000d833   Thumb Code     2  heapauxi.o(.text)
    __rt_heap_escrow                         0x0000d835   Thumb Code     2  heapauxi.o(.text)
    __rt_heap_expand                         0x0000d837   Thumb Code     2  heapauxi.o(.text)
    _printf_int_common                       0x0000d839   Thumb Code   178  _printf_intcommon.o(.text)
    _printf_char_common                      0x0000d8f7   Thumb Code    32  _printf_char_common.o(.text)
    _sputc                                   0x0000d91d   Thumb Code    10  _sputc.o(.text)
    _printf_char_file                        0x0000d929   Thumb Code    32  _printf_char_file.o(.text)
    __aeabi_memcpy4                          0x0000d94d   Thumb Code     0  rt_memcpy_w.o(.text)
    __aeabi_memcpy8                          0x0000d94d   Thumb Code     0  rt_memcpy_w.o(.text)
    __rt_memcpy_w                            0x0000d94d   Thumb Code   100  rt_memcpy_w.o(.text)
    _memcpy_lastbytes_aligned                0x0000d995   Thumb Code     0  rt_memcpy_w.o(.text)
    ferror                                   0x0000d9b1   Thumb Code     8  ferror.o(.text)
    _initio                                  0x0000d9b9   Thumb Code   210  initio.o(.text)
    _terminateio                             0x0000da8b   Thumb Code    56  initio.o(.text)
    _sys_open                                0x0000daf1   Thumb Code    20  sys_io.o(.text)
    _sys_close                               0x0000db05   Thumb Code    12  sys_io.o(.text)
    _sys_write                               0x0000db11   Thumb Code    16  sys_io.o(.text)
    _sys_read                                0x0000db21   Thumb Code    14  sys_io.o(.text)
    _sys_istty                               0x0000db2f   Thumb Code    12  sys_io.o(.text)
    _sys_seek                                0x0000db3b   Thumb Code    14  sys_io.o(.text)
    _sys_ensure                              0x0000db49   Thumb Code     2  sys_io.o(.text)
    _sys_flen                                0x0000db4b   Thumb Code    12  sys_io.o(.text)
    __user_setup_stackheap                   0x0000db57   Thumb Code    74  sys_stackheap_outer.o(.text)
    free                                     0x0000dba1   Thumb Code    78  h1_free.o(.text)
    setvbuf                                  0x0000dbef   Thumb Code    70  setvbuf.o(.text)
    freopen                                  0x0000dc35   Thumb Code   158  fopen.o(.text)
    fopen                                    0x0000dcd3   Thumb Code    74  fopen.o(.text)
    _fclose_internal                         0x0000dd21   Thumb Code    76  fclose.o(.text)
    fclose                                   0x0000dd21   Thumb Code     0  fclose.o(.text)
    exit                                     0x0000dd6d   Thumb Code    12  exit.o(.text)
    __rt_SIGRTRED                            0x0000dd79   Thumb Code    14  defsig_rtred_outer.o(.text)
    __aeabi_memclr4                          0x0000dd87   Thumb Code     0  rt_memclr_w.o(.text)
    __aeabi_memclr8                          0x0000dd87   Thumb Code     0  rt_memclr_w.o(.text)
    __rt_memclr_w                            0x0000dd87   Thumb Code    78  rt_memclr_w.o(.text)
    _memset_w                                0x0000dd8b   Thumb Code     0  rt_memclr_w.o(.text)
    __user_libspace                          0x0000ddd5   Thumb Code     8  libspace.o(.text)
    __user_perproc_libspace                  0x0000ddd5   Thumb Code     0  libspace.o(.text)
    __user_perthread_libspace                0x0000ddd5   Thumb Code     0  libspace.o(.text)
    __I$use$semihosting                      0x0000dddd   Thumb Code     0  use_no_semi.o(.text)
    __use_no_semihosting_swi                 0x0000dddd   Thumb Code     2  use_no_semi.o(.text)
    __semihosting_library_function           0x0000dddf   Thumb Code     0  indicate_semi.o(.text)
    __rt_heap_descriptor                     0x0000dde1   Thumb Code     8  rt_heap_descriptor_intlibspace.o(.text)
    __use_no_heap                            0x0000dde9   Thumb Code     2  hguard.o(.text)
    __heap$guard                             0x0000ddeb   Thumb Code     2  hguard.o(.text)
    _terminate_user_alloc                    0x0000dded   Thumb Code     2  init_alloc.o(.text)
    _init_user_alloc                         0x0000ddef   Thumb Code     2  init_alloc.o(.text)
    __Heap_Full                              0x0000ddf1   Thumb Code    34  init_alloc.o(.text)
    __Heap_Broken                            0x0000de13   Thumb Code     6  init_alloc.o(.text)
    _init_alloc                              0x0000de19   Thumb Code    94  init_alloc.o(.text)
    malloc                                   0x0000de77   Thumb Code    94  h1_alloc.o(.text)
    _fseek                                   0x0000ded5   Thumb Code   242  fseek.o(.text)
    fseek                                    0x0000ded5   Thumb Code     0  fseek.o(.text)
    _seterr                                  0x0000dfcd   Thumb Code    20  stdio.o(.text)
    _writebuf                                0x0000dfe1   Thumb Code    84  stdio.o(.text)
    _fflush                                  0x0000e035   Thumb Code    70  stdio.o(.text)
    _deferredlazyseek                        0x0000e07b   Thumb Code    60  stdio.o(.text)
    __sig_exit                               0x0000e0bd   Thumb Code    10  defsig_exit.o(.text)
    __rt_SIGRTRED_inner                      0x0000e0c9   Thumb Code    14  defsig_rtred_inner.o(.text)
    strlen                                   0x0000e0fd   Thumb Code    62  strlen.o(.text)
    _sys_exit                                0x0000e13d   Thumb Code     8  sys_exit.o(.text)
    __Heap_Initialize                        0x0000e149   Thumb Code    10  h1_init.o(.text)
    __Heap_DescSize                          0x0000e153   Thumb Code     4  h1_init.o(.text)
    __Heap_ProvideMemory                     0x0000e157   Thumb Code    52  h1_extend.o(.text)
    _ftell_internal                          0x0000e18b   Thumb Code    66  ftell.o(.text)
    ftell                                    0x0000e18b   Thumb Code     0  ftell.o(.text)
    __default_signal_display                 0x0000e1cd   Thumb Code    50  defsig_general.o(.text)
    __rt_SIGRTMEM                            0x0000e1ff   Thumb Code    14  defsig_rtmem_outer.o(.text)
    _ttywrch                                 0x0000e20d   Thumb Code    14  sys_wrch.o(.text)
    __aeabi_errno_addr                       0x0000e21d   Thumb Code     8  rt_errno_addr_intlibspace.o(.text)
    __errno$intlibspace                      0x0000e21d   Thumb Code     0  rt_errno_addr_intlibspace.o(.text)
    __rt_errno_addr$intlibspace              0x0000e21d   Thumb Code     0  rt_errno_addr_intlibspace.o(.text)
    __rt_SIGRTMEM_inner                      0x0000e225   Thumb Code    22  defsig_rtmem_inner.o(.text)
    ASCII_Table                              0x0000e274   Data        4560  lcd.o(.constdata)
    pcBitmap                                 0x0000f468   Data        9663  main.o(.constdata)
    __stdin_name                             0x00011a27   Data           4  sys_io.o(.constdata)
    __stdout_name                            0x00011a2b   Data           4  sys_io.o(.constdata)
    __stderr_name                            0x00011a2f   Data           4  sys_io.o(.constdata)
    Region$$Table$$Base                      0x00011a34   Number         0  anon$$obj.o(Region$$Table)
    Region$$Table$$Limit                     0x00011a44   Number         0  anon$$obj.o(Region$$Table)
    usMaxJitter                              0x00011a54   Data           2  timertest.o(.data)
    xLCDQueue                                0x00011a5c   Data           4  main.o(.data)
    xCreatedTask                             0x00011ac4   Data           4  death.o(.data)
    pxCurrentTCB                             0x00011ae4   Data           4  tasks.o(.data)
    __aeabi_stdin                            0x00011b3c   Data           4  stdio_streams.o(.data)
    __aeabi_stdout                           0x00011b40   Data           4  stdio_streams.o(.data)
    __aeabi_stderr                           0x00011b44   Data           4  stdio_streams.o(.data)
    __stdin                                  0x0001602c   Data          84  stdio_streams.o(.bss)
    __stdout                                 0x00016080   Data          84  stdio_streams.o(.bss)
    __stderr                                 0x000160d4   Data          84  stdio_streams.o(.bss)
    __libspace_start                         0x00016128   Data          96  libspace.o(.bss)
    __temporary_stack_top$libspace           0x00016188   Data           0  libspace.o(.bss)



==============================================================================

Memory Map of the image

  Image Entry point : 0x00008001

  Load Region LR_1 (Base: 0x00008000, Size: 0x00009b48, Max: 0xffffffff, ABSOLUTE)

    Execution Region ER_RO (Base: 0x00008000, Size: 0x00009a44, Max: 0xffffffff, ABSOLUTE)

    Base Addr    Size         Type   Attr      Idx    E Section Name        Object

    0x00008000   0x00000008   Code   RO          613  * !!!main             c_w.l(__main.o)
    0x00008008   0x00000034   Code   RO          935    !!!scatter          c_w.l(__scatter.o)
    0x0000803c   0x0000001c   Code   RO          937    !!handler_zi        c_w.l(__scatter_zi.o)
    0x00008058   0x00000000   Code   RO          608    .ARM.Collect$$_printf_percent$$00000000  c_w.l(_printf_percent.o)
    0x00008058   0x00000006   Code   RO          607    .ARM.Collect$$_printf_percent$$0000000A  c_w.l(_printf_u.o)
    0x0000805e   0x00000004   Code   RO          624    .ARM.Collect$$_printf_percent$$00000017  c_w.l(_printf_percent_end.o)
    0x00008062   0x00000002   Code   RO          747    .ARM.Collect$$libinit$$00000000  c_w.l(libinit.o)
    0x00008064   0x00000000   Code   RO          749    .ARM.Collect$$libinit$$00000002  c_w.l(libinit2.o)
    0x00008064   0x00000008   Code   RO          750    .ARM.Collect$$libinit$$00000003  c_w.l(libinit2.o)
    0x0000806c   0x00000000   Code   RO          752    .ARM.Collect$$libinit$$00000008  c_w.l(libinit2.o)
    0x0000806c   0x00000000   Code   RO          754    .ARM.Collect$$libinit$$0000000A  c_w.l(libinit2.o)
    0x0000806c   0x00000000   Code   RO          756    .ARM.Collect$$libinit$$0000000C  c_w.l(libinit2.o)
    0x0000806c   0x00000000   Code   RO          759    .ARM.Collect$$libinit$$0000000F  c_w.l(libinit2.o)
    0x0000806c   0x00000000   Code   RO          761    .ARM.Collect$$libinit$$00000011  c_w.l(libinit2.o)
    0x0000806c   0x00000000   Code   RO          763    .ARM.Collect$$libinit$$00000013  c_w.l(libinit2.o)
    0x0000806c   0x00000000   Code   RO          765    .ARM.Collect$$libinit$$00000015  c_w.l(libinit2.o)
    0x0000806c   0x00000000   Code   RO          767    .ARM.Collect$$libinit$$00000017  c_w.l(libinit2.o)
    0x0000806c   0x00000000   Code   RO          769    .ARM.Collect$$libinit$$00000019  c_w.l(libinit2.o)
    0x0000806c   0x00000000   Code   RO          771    .ARM.Collect$$libinit$$0000001B  c_w.l(libinit2.o)
    0x0000806c   0x00000000   Code   RO          773    .ARM.Collect$$libinit$$0000001D  c_w.l(libinit2.o)
    0x0000806c   0x00000000   Code   RO          775    .ARM.Collect$$libinit$$0000001F  c_w.l(libinit2.o)
    0x0000806c   0x00000000   Code   RO          777    .ARM.Collect$$libinit$$00000021  c_w.l(libinit2.o)
    0x0000806c   0x00000004   Code   RO          778    .ARM.Collect$$libinit$$00000022  c_w.l(libinit2.o)
    0x00008070   0x00000000   Code   RO          779    .ARM.Collect$$libinit$$00000023  c_w.l(libinit2.o)
    0x00008070   0x00000000   Code   RO          783    .ARM.Collect$$libinit$$0000002A  c_w.l(libinit2.o)
    0x00008070   0x00000000   Code   RO          785    .ARM.Collect$$libinit$$0000002C  c_w.l(libinit2.o)
    0x00008070   0x00000000   Code   RO          787    .ARM.Collect$$libinit$$0000002E  c_w.l(libinit2.o)
    0x00008070   0x00000000   Code   RO          789    .ARM.Collect$$libinit$$00000030  c_w.l(libinit2.o)
    0x00008070   0x00000002   Code   RO          790    .ARM.Collect$$libinit$$00000031  c_w.l(libinit2.o)
    0x00008072   0x00000002   Code   RO          914    .ARM.Collect$$libshutdown$$00000000  c_w.l(libshutdown.o)
    0x00008074   0x00000004   Code   RO          792    .ARM.Collect$$libshutdown$$00000002  c_w.l(libshutdown2.o)
    0x00008078   0x00000000   Code   RO          793    .ARM.Collect$$libshutdown$$00000003  c_w.l(libshutdown2.o)
    0x00008078   0x00000000   Code   RO          796    .ARM.Collect$$libshutdown$$00000006  c_w.l(libshutdown2.o)
    0x00008078   0x00000000   Code   RO          799    .ARM.Collect$$libshutdown$$00000009  c_w.l(libshutdown2.o)
    0x00008078   0x00000000   Code   RO          801    .ARM.Collect$$libshutdown$$0000000B  c_w.l(libshutdown2.o)
    0x00008078   0x00000000   Code   RO          804    .ARM.Collect$$libshutdown$$0000000E  c_w.l(libshutdown2.o)
    0x00008078   0x00000002   Code   RO          805    .ARM.Collect$$libshutdown$$0000000F  c_w.l(libshutdown2.o)
    0x0000807a   0x00000000   Code   RO          615    .ARM.Collect$$rtentry$$00000000  c_w.l(rtentry.o)
    0x0000807a   0x00000000   Code   RO          634    .ARM.Collect$$rtentry$$00000002  c_w.l(rtentry2.o)
    0x0000807a   0x00000006   Code   RO          646    .ARM.Collect$$rtentry$$00000004  c_w.l(rtentry4.o)
    0x00008080   0x00000000   Code   RO          636    .ARM.Collect$$rtentry$$00000009  c_w.l(rtentry2.o)
    0x00008080   0x00000004   Code   RO          637    .ARM.Collect$$rtentry$$0000000A  c_w.l(rtentry2.o)
    0x00008084   0x00000000   Code   RO          639    .ARM.Collect$$rtentry$$0000000C  c_w.l(rtentry2.o)
    0x00008084   0x00000008   Code   RO          640    .ARM.Collect$$rtentry$$0000000D  c_w.l(rtentry2.o)
    0x0000808c   0x00000002   Code   RO          812    .ARM.Collect$$rtexit$$00000000  c_w.l(rtexit.o)
    0x0000808e   0x00000000   Code   RO          860    .ARM.Collect$$rtexit$$00000002  c_w.l(rtexit2.o)
    0x0000808e   0x00000004   Code   RO          861    .ARM.Collect$$rtexit$$00000003  c_w.l(rtexit2.o)
    0x00008092   0x00000006   Code   RO          862    .ARM.Collect$$rtexit$$00000004  c_w.l(rtexit2.o)
    0x00008098   0x00000096   Code   RO          528    .emb_text           port.o
    0x0000812e   0x00000002   PAD
    0x00008130   0x00000000   Code   RO          866    .emb_text           c_w.l(maybetermalloc1.o)
    0x00008130   0x00000034   Code   RO            4    .text               stm32f10x.o
    0x00008164   0x00000b40   Code   RO           10    .text               lcd.o
    0x00008ca4   0x0000006e   Code   RO          102    .text               cortexm3_macro_rvds.o
    0x00008d12   0x00000002   PAD
    0x00008d14   0x00000324   Code   RO          105    .text               stm32f10x_usart.o
    0x00009038   0x000002e0   Code   RO          117    .text               stm32f10x_gpio.o
    0x00009318   0x000003e0   Code   RO          138    .text               stm32f10x_nvic.o
    0x000096f8   0x0000037c   Code   RO          150    .text               stm32f10x_rcc.o
    0x00009a74   0x00000214   Code   RO          164    .text               stm32f10x_spi.o
    0x00009c88   0x000000c4   Code   RO          176    .text               stm32f10x_systick.o
    0x00009d4c   0x00000864   Code   RO          188    .text               stm32f10x_tim.o
    0x0000a5b0   0x000000ac   Code   RO          205    .text               partest.o
    0x0000a65c   0x000001e8   Code   RO          222    .text               serial.o
    0x0000a844   0x000000f8   Code   RO          245    .text               timertest.o
    0x0000a93c   0x00000370   Code   RO          260    .text               main.o
    0x0000acac   0x000003d4   Code   RO          318    .text               spi_flash.o
    0x0000b080   0x000001e4   Code   RO          330    .text               semtest.o
    0x0000b264   0x00000248   Code   RO          353    .text               blockq.o
    0x0000b4ac   0x00000444   Code   RO          367    .text               blocktim.o
    0x0000b8f0   0x00000140   Code   RO          381    .text               comtest.o
    0x0000ba30   0x00000130   Code   RO          398    .text               death.o
    0x0000bb60   0x00000080   Code   RO          413    .text               flash.o
    0x0000bbe0   0x000000a4   Code   RO          427    .text               integer.o
    0x0000bc84   0x00000128   Code   RO          441    .text               pollq.o
    0x0000bdac   0x00000fa0   Code   RO          455    .text               tasks.o
    0x0000cd4c   0x00000094   Code   RO          492    .text               list.o
    0x0000cde0   0x000006a0   Code   RO          504    .text               queue.o
    0x0000d480   0x000000e8   Code   RO          529    .text               port.o
    0x0000d568   0x00000124   Code   RO          558    .text               heap_2.o
    0x0000d68c   0x00000018   Code   RO          579    .text               c_w.l(noretval__2printf.o)
    0x0000d6a4   0x00000028   Code   RO          581    .text               c_w.l(noretval__2sprintf.o)
    0x0000d6cc   0x00000068   Code   RO          583    .text               c_w.l(__printf.o)
    0x0000d734   0x00000074   Code   RO          585    .text               c_w.l(_printf_dec.o)
    0x0000d7a8   0x0000008a   Code   RO          609    .text               c_w.l(rt_memcpy_v6.o)
    0x0000d832   0x00000006   Code   RO          611    .text               c_w.l(heapauxi.o)
    0x0000d838   0x000000b2   Code   RO          616    .text               c_w.l(_printf_intcommon.o)
    0x0000d8ea   0x00000002   PAD
    0x0000d8ec   0x00000030   Code   RO          618    .text               c_w.l(_printf_char_common.o)
    0x0000d91c   0x0000000a   Code   RO          620    .text               c_w.l(_sputc.o)
    0x0000d926   0x00000002   PAD
    0x0000d928   0x00000024   Code   RO          622    .text               c_w.l(_printf_char_file.o)
    0x0000d94c   0x00000064   Code   RO          631    .text               c_w.l(rt_memcpy_w.o)
    0x0000d9b0   0x00000008   Code   RO          650    .text               c_w.l(ferror.o)
    0x0000d9b8   0x00000138   Code   RO          652    .text               c_w.l(initio.o)
    0x0000daf0   0x00000066   Code   RO          658    .text               c_w.l(sys_io.o)
    0x0000db56   0x0000004a   Code   RO          665    .text               c_w.l(sys_stackheap_outer.o)
    0x0000dba0   0x0000004e   Code   RO          669    .text               c_w.l(h1_free.o)
    0x0000dbee   0x00000046   Code   RO          723    .text               c_w.l(setvbuf.o)
    0x0000dc34   0x000000ec   Code   RO          726    .text               c_w.l(fopen.o)
    0x0000dd20   0x0000004c   Code   RO          728    .text               c_w.l(fclose.o)
    0x0000dd6c   0x0000000c   Code   RO          734    .text               c_w.l(exit.o)
    0x0000dd78   0x0000000e   Code   RO          736    .text               c_w.l(defsig_rtred_outer.o)
    0x0000dd86   0x0000004e   Code   RO          740    .text               c_w.l(rt_memclr_w.o)
    0x0000ddd4   0x00000008   Code   RO          806    .text               c_w.l(libspace.o)
    0x0000dddc   0x00000002   Code   RO          809    .text               c_w.l(use_no_semi.o)
    0x0000ddde   0x00000000   Code   RO          811    .text               c_w.l(indicate_semi.o)
    0x0000ddde   0x00000002   PAD
    0x0000dde0   0x00000008   Code   RO          819    .text               c_w.l(rt_heap_descriptor_intlibspace.o)
    0x0000dde8   0x00000004   Code   RO          821    .text               c_w.l(hguard.o)
    0x0000ddec   0x0000008a   Code   RO          823    .text               c_w.l(init_alloc.o)
    0x0000de76   0x0000005e   Code   RO          829    .text               c_w.l(h1_alloc.o)
    0x0000ded4   0x000000f8   Code   RO          843    .text               c_w.l(fseek.o)
    0x0000dfcc   0x000000f0   Code   RO          845    .text               c_w.l(stdio.o)
    0x0000e0bc   0x0000000a   Code   RO          847    .text               c_w.l(defsig_exit.o)
    0x0000e0c6   0x00000002   PAD
    0x0000e0c8   0x00000034   Code   RO          849    .text               c_w.l(defsig_rtred_inner.o)
    0x0000e0fc   0x0000003e   Code   RO          851    .text               c_w.l(strlen.o)
    0x0000e13a   0x00000002   PAD
    0x0000e13c   0x0000000c   Code   RO          857    .text               c_w.l(sys_exit.o)
    0x0000e148   0x0000000e   Code   RO          868    .text               c_w.l(h1_init.o)
    0x0000e156   0x00000034   Code   RO          870    .text               c_w.l(h1_extend.o)
    0x0000e18a   0x00000042   Code   RO          876    .text               c_w.l(ftell.o)
    0x0000e1cc   0x00000032   Code   RO          880    .text               c_w.l(defsig_general.o)
    0x0000e1fe   0x0000000e   Code   RO          882    .text               c_w.l(defsig_rtmem_outer.o)
    0x0000e20c   0x0000000e   Code   RO          895    .text               c_w.l(sys_wrch.o)
    0x0000e21a   0x00000002   PAD
    0x0000e21c   0x00000008   Code   RO          902    .text               c_w.l(rt_errno_addr_intlibspace.o)
    0x0000e224   0x00000050   Code   RO          908    .text               c_w.l(defsig_rtmem_inner.o)
    0x0000e274   0x000011d0   Data   RO           11    .constdata          lcd.o
    0x0000f444   0x00000014   Data   RO          151    .constdata          stm32f10x_rcc.o
    0x0000f458   0x00000010   Data   RO          189    .constdata          stm32f10x_tim.o
    0x0000f468   0x000025bf   Data   RO          262    .constdata          main.o
    0x00011a27   0x00000004   Data   RO          659    .constdata          c_w.l(sys_io.o)
    0x00011a2b   0x00000004   Data   RO          660    .constdata          c_w.l(sys_io.o)
    0x00011a2f   0x00000004   Data   RO          661    .constdata          c_w.l(sys_io.o)
    0x00011a33   0x00000001   PAD
    0x00011a34   0x00000010   Data   RO          933    Region$$Table       anon$$obj.o


    Execution Region ER_RW (Base: 0x00011a44, Size: 0x00000104, Max: 0xffffffff, ABSOLUTE)

    Base Addr    Size         Type   Attr      Idx    E Section Name        Object

    0x00011a44   0x00000004   Data   RW           12    .data               lcd.o
    0x00011a48   0x00000002   Data   RW          206    .data               partest.o
    0x00011a4a   0x00000002   PAD
    0x00011a4c   0x00000008   Data   RW          223    .data               serial.o
    0x00011a54   0x00000008   Data   RW          246    .data               timertest.o
    0x00011a5c   0x00000009   Data   RW          263    .data               main.o
    0x00011a65   0x00000001   PAD
    0x00011a66   0x00000012   Data   RW          331    .data               semtest.o
    0x00011a78   0x00000018   Data   RW          354    .data               blockq.o
    0x00011a90   0x00000020   Data   RW          368    .data               blocktim.o
    0x00011ab0   0x0000000c   Data   RW          382    .data               comtest.o
    0x00011abc   0x00000014   Data   RW          399    .data               death.o
    0x00011ad0   0x00000004   Data   RW          414    .data               flash.o
    0x00011ad4   0x00000004   Data   RW          428    .data               integer.o
    0x00011ad8   0x0000000c   Data   RW          442    .data               pollq.o
    0x00011ae4   0x0000003c   Data   RW          457    .data               tasks.o
    0x00011b20   0x00000004   Data   RW          530    .data               port.o
    0x00011b24   0x00000018   Data   RW          560    .data               heap_2.o
    0x00011b3c   0x00000004   Data   RW          628    .data               c_w.l(stdio_streams.o)
    0x00011b40   0x00000004   Data   RW          629    .data               c_w.l(stdio_streams.o)
    0x00011b44   0x00000004   Data   RW          630    .data               c_w.l(stdio_streams.o)


    Execution Region ER_ZI (Base: 0x00011b48, Size: 0x00004840, Max: 0xffffffff, ABSOLUTE)

    Base Addr    Size         Type   Attr      Idx    E Section Name        Object

    0x00011b48   0x00000019   Zero   RW          261    .bss                main.o
    0x00011b61   0x00000003   PAD
    0x00011b64   0x000000c8   Zero   RW          456    .bss                tasks.o
    0x00011c2c   0x00004400   Zero   RW          559    .bss                heap_2.o
    0x0001602c   0x00000054   Zero   RW          625    .bss                c_w.l(stdio_streams.o)
    0x00016080   0x00000054   Zero   RW          626    .bss                c_w.l(stdio_streams.o)
    0x000160d4   0x00000054   Zero   RW          627    .bss                c_w.l(stdio_streams.o)
    0x00016128   0x00000060   Zero   RW          807    .bss                c_w.l(libspace.o)
    0x00016188   0x00000000   Zero   RW            2    HEAP                stm32f10x.o
    0x00016188   0x00000200   Zero   RW            1    STACK               stm32f10x.o


==============================================================================

Image component sizes


      Code (inc. data)   RO Data    RW Data    ZI Data      Debug   Object Name

       584         74          0         24          0       2814   blockq.o
      1092         56          0         32          0       3479   blocktim.o
       320         38          0         12          0       2633   comtest.o
       110          0          0          0          0        428   cortexm3_macro_rvds.o
       304         54          0         20          0       2136   death.o
       128         18          0          4          0       1558   flash.o
       292         20          0         24      17408       3180   heap_2.o
       164         20          0          4          0       2038   integer.o
      2880        120       4560          4          0      59344   lcd.o
       148          0          0          0          0       1842   list.o
       880        214       9663          9         25       3566   main.o
       172         10          0          2          0       1230   partest.o
       296         38          0         12          0       2415   pollq.o
       382         28          0          4          0       7068   port.o
      1696         10          0          0          0      17998   queue.o
       484         52          0         18          0       3986   semtest.o
       488         20          0          8          0       7603   serial.o
       980         10          0          0          0       4209   spi_flash.o
        52         18          0          0        512        800   stm32f10x.o
       736         16          0          0          0       4767   stm32f10x_gpio.o
       992         30          0          0          0       7152   stm32f10x_nvic.o
       892         38         20          0          0       8310   stm32f10x_rcc.o
       532          6          0          0          0       5218   stm32f10x_spi.o
       196          0          0          0          0       1593   stm32f10x_systick.o
      2148         12         16          0          0      31012   stm32f10x_tim.o
       804         10          0          0          0       7145   stm32f10x_usart.o
      4000        260          0         60        200      26279   tasks.o
       248         20          0          8          0       1190   timertest.o

    ----------------------------------------------------------------------
     22004       1192      14275        248      18148     220993   Object Totals
         0          0         16          0          0          0   (incl. Generated)
         4          0          0          3          3          0   (incl. Padding)

    ----------------------------------------------------------------------

      Code (inc. data)   RO Data    RW Data    ZI Data      Debug   Library Member Name

         8          0          0          0          0         68   __main.o
       104          0          0          0          0         84   __printf.o
        52          8          0          0          0          0   __scatter.o
        28          0          0          0          0          0   __scatter_zi.o
        48          6          0          0          0         96   _printf_char_common.o
        36          4          0          0          0         80   _printf_char_file.o
       116         16          0          0          0         92   _printf_dec.o
       178          0          0          0          0         88   _printf_intcommon.o
         0          0          0          0          0          0   _printf_percent.o
         4          0          0          0          0          0   _printf_percent_end.o
         6          0          0          0          0          0   _printf_u.o
        10          0          0          0          0         68   _sputc.o
        10          0          0          0          0         68   defsig_exit.o
        50          0          0          0          0         88   defsig_general.o
        80         58          0          0          0         76   defsig_rtmem_inner.o
        14          0          0          0          0         80   defsig_rtmem_outer.o
        52         38          0          0          0         76   defsig_rtred_inner.o
        14          0          0          0          0         80   defsig_rtred_outer.o
        12          0          0          0          0         72   exit.o
        76          0          0          0          0         88   fclose.o
         8          0          0          0          0         68   ferror.o
       236          4          0          0          0        128   fopen.o
       248          6          0          0          0         84   fseek.o
        66          0          0          0          0         76   ftell.o
        94          0          0          0          0         80   h1_alloc.o
        52          0          0          0          0         68   h1_extend.o
        78          0          0          0          0         80   h1_free.o
        14          0          0          0          0         84   h1_init.o
         6          0          0          0          0        152   heapauxi.o
         4          0          0          0          0        136   hguard.o
         0          0          0          0          0          0   indicate_semi.o
       138          0          0          0          0        168   init_alloc.o
       312         46          0          0          0        112   initio.o
         2          0          0          0          0          0   libinit.o
        14          0          0          0          0          0   libinit2.o
         2          0          0          0          0          0   libshutdown.o
         6          0          0          0          0          0   libshutdown2.o
         8          4          0          0         96         68   libspace.o
         0          0          0          0          0          0   maybetermalloc1.o
        24          4          0          0          0         84   noretval__2printf.o
        40          6          0          0          0         84   noretval__2sprintf.o
         8          4          0          0          0         68   rt_errno_addr_intlibspace.o
         8          4          0          0          0         68   rt_heap_descriptor_intlibspace.o
        78          0          0          0          0         80   rt_memclr_w.o
       138          0          0          0          0         68   rt_memcpy_v6.o
       100          0          0          0          0         80   rt_memcpy_w.o
         0          0          0          0          0          0   rtentry.o
        12          0          0          0          0          0   rtentry2.o
         6          0          0          0          0          0   rtentry4.o
         2          0          0          0          0          0   rtexit.o
        10          0          0          0          0          0   rtexit2.o
        70          0          0          0          0         80   setvbuf.o
       240          6          0          0          0        156   stdio.o
         0          0          0         12        252          0   stdio_streams.o
        62          0          0          0          0         76   strlen.o
        12          4          0          0          0         68   sys_exit.o
       102          0         12          0          0        240   sys_io.o
        74          0          0          0          0         80   sys_stackheap_outer.o
        14          0          0          0          0         76   sys_wrch.o
         2          0          0          0          0         68   use_no_semi.o

    ----------------------------------------------------------------------
      3200        218         13         12        348       3884   Library Totals
        12          0          1          0          0          0   (incl. Padding)

    ----------------------------------------------------------------------

      Code (inc. data)   RO Data    RW Data    ZI Data      Debug   Library Name

      3188        218         12         12        348       3884   c_w.l

    ----------------------------------------------------------------------
      3200        218         13         12        348       3884   Library Totals

    ----------------------------------------------------------------------

==============================================================================


      Code (inc. data)   RO Data    RW Data    ZI Data      Debug   

     25204       1410      14288        260      18496     219969   Grand Totals
     25204       1410      14288        260      18496     219969   ELF Image Totals
     25204       1410      14288        260          0          0   ROM Totals

==============================================================================

    Total RO  Size (Code + RO Data)                39492 (  38.57kB)
    Total RW  Size (RW Data + ZI Data)             18756 (  18.32kB)
    Total ROM Size (Code + RO Data + RW Data)      39752 (  38.82kB)

==============================================================================

