Product: MDK-ARM Professional 5.10
Component: ARM Compiler 5.04 update 1 (build 49)
Tool: armlink [5040049]

==============================================================================

Section Cross References

    stm32f10x.o(STACK) refers (Special) to heapauxi.o(.text) for __use_two_region_memory
    stm32f10x.o(HEAP) refers (Special) to heapauxi.o(.text) for __use_two_region_memory
    stm32f10x.o(RESET) refers (Special) to heapauxi.o(.text) for __use_two_region_memory
    stm32f10x.o(RESET) refers to stm32f10x.o(STACK) for __initial_sp
    stm32f10x.o(RESET) refers to stm32f10x.o(.text) for Reset_Handler
    stm32f10x.o(RESET) refers to port.o(.emb_text) for vPortSVCHandler
    stm32f10x.o(RESET) refers to port.o(.text) for xPortSysTickHandler
    stm32f10x.o(RESET) refers to timertest.o(.text) for vTimer2IntHandler
    stm32f10x.o(RESET) refers to beecom_test_wifi.o(.text) for vUARTInterruptHandler
    stm32f10x.o(.text) refers (Special) to heapauxi.o(.text) for __use_two_region_memory
    stm32f10x.o(.text) refers to __main.o(!!!main) for __main
    stm32f10x.o(.text) refers to stm32f10x.o(HEAP) for Heap_Mem
    stm32f10x.o(.text) refers to stm32f10x.o(STACK) for Stack_Mem
    stm32f10x_usart.o(.text) refers to stm32f10x_rcc.o(.text) for RCC_APB2PeriphResetCmd
    stm32f10x_gpio.o(.text) refers to stm32f10x_rcc.o(.text) for RCC_APB2PeriphResetCmd
    stm32f10x_nvic.o(.text) refers to cortexm3_macro_rvds.o(.text) for __SETPRIMASK
    stm32f10x_rcc.o(.text) refers to stm32f10x_rcc.o(.constdata) for .constdata
    stm32f10x_tim.o(.text) refers to stm32f10x_rcc.o(.text) for RCC_APB1PeriphResetCmd
    stm32f10x_tim.o(.text) refers to stm32f10x_tim.o(.constdata) for .constdata
    printf_to_serial.o(.text) refers (Special) to use_no_semi_2.o(.text) for __use_no_semihosting
    printf_to_serial.o(.data) refers (Special) to use_no_semi_2.o(.text) for __use_no_semihosting
    main.o(.text) refers to beecom_test_wifi.o(.text) for LedInit
    main.o(.text) refers to tasks.o(.text) for xTaskCreate
    main.o(.text) refers to stm32f10x_rcc.o(.text) for RCC_DeInit
    main.o(.text) refers to stm32f10x_nvic.o(.text) for NVIC_SetVectorTable
    main.o(.text) refers to stm32f10x_systick.o(.text) for SysTick_CLKSourceConfig
    beecom_test_wifi.o(.text) refers to _printf_percent.o(.ARM.Collect$$_printf_percent$$00000000) for _printf_percent
    beecom_test_wifi.o(.text) refers to _printf_c.o(.ARM.Collect$$_printf_percent$$00000013) for _printf_c
    beecom_test_wifi.o(.text) refers to _printf_str.o(.text) for _printf_str
    beecom_test_wifi.o(.text) refers to stm32f10x_rcc.o(.text) for RCC_APB2PeriphClockCmd
    beecom_test_wifi.o(.text) refers to stm32f10x_gpio.o(.text) for GPIO_Init
    beecom_test_wifi.o(.text) refers to stm32f10x_usart.o(.text) for USART_DeInit
    beecom_test_wifi.o(.text) refers to stm32f10x_nvic.o(.text) for NVIC_PriorityGroupConfig
    beecom_test_wifi.o(.text) refers to noretval__2printf.o(.text) for __2printf
    beecom_test_wifi.o(.text) refers to noretval__2sprintf.o(.text) for __2sprintf
    beecom_test_wifi.o(.text) refers to beecom_test_wifi.o(.data) for .data
    beecom_test_wifi.o(.text) refers to beecom_test_wifi.o(.bss) for .bss
    timertest.o(.text) refers to stm32f10x_rcc.o(.text) for RCC_APB1PeriphClockCmd
    timertest.o(.text) refers to stm32f10x_tim.o(.text) for TIM_DeInit
    timertest.o(.text) refers to stm32f10x_nvic.o(.text) for NVIC_Init
    timertest.o(.text) refers to timertest.o(.data) for .data
    tasks.o(.text) refers to port.o(.text) for vPortEnterCritical
    tasks.o(.text) refers to list.o(.text) for vListInitialise
    tasks.o(.text) refers to heap_2.o(.text) for pvPortMalloc
    tasks.o(.text) refers to tasks.o(.data) for .data
    tasks.o(.text) refers to tasks.o(.bss) for .bss
    queue.o(.text) refers to port.o(.text) for vPortEnterCritical
    queue.o(.text) refers to list.o(.text) for vListInitialise
    queue.o(.text) refers to tasks.o(.text) for xTaskRemoveFromEventList
    queue.o(.text) refers to heap_2.o(.text) for pvPortMalloc
    queue.o(.text) refers to rt_memcpy_v6.o(.text) for __aeabi_memcpy
    port.o(.emb_text) refers to tasks.o(.text) for vTaskSwitchContext
    port.o(.emb_text) refers to tasks.o(.data) for pxCurrentTCB
    port.o(.text) refers to port.o(.emb_text) for __asm___6_port_c_39a90d8d__prvStartFirstTask
    port.o(.text) refers to tasks.o(.text) for xTaskIncrementTick
    port.o(.text) refers to port.o(.data) for .data
    heap_2.o(.text) refers to tasks.o(.text) for vTaskSuspendAll
    heap_2.o(.text) refers to heap_2.o(.data) for .data
    heap_2.o(.text) refers to heap_2.o(.bss) for .bss
    use_no_semi_2.o(.text) refers (Special) to use_no_semi.o(.text) for __use_no_semihosting_swi
    __2printf.o(.text) refers to _printf_char_file.o(.text) for _printf_char_file
    __2printf.o(.text) refers to printf_to_serial.o(.data) for __stdout
[...]
    rtentry.o(.ARM.Collect$$rtentry$$00000000) refers (Special) to rtentry2.o(.ARM.Collect$$rtentry$$00000002) for __rt_entry_presh_1
    rtentry.o(.ARM.Collect$$rtentry$$00000000) refers (Special) to rtentry4.o(.ARM.Collect$$rtentry$$00000004) for __rt_entry_sh
    _printf_char_common.o(.text) refers to __printf.o(.text) for __printf
    _printf_char.o(.text) refers (Weak) to _printf_str.o(.text) for _printf_str
    _printf_char_file.o(.text) refers to _printf_char_common.o(.text) for _printf_char_common
    _printf_char_file.o(.text) refers to ferror.o(.text) for ferror
    _printf_char_file.o(.text) refers to printf_to_serial.o(.text) for fputc
    rtentry2.o(.ARM.Collect$$rtentry$$00000008) refers to boardinit2.o(.text) for _platform_post_stackheap_init
    rtentry2.o(.ARM.Collect$$rtentry$$0000000A) refers to libinit.o(.ARM.Collect$$libinit$$00000000) for __rt_lib_init
    rtentry2.o(.ARM.Collect$$rtentry$$0000000B) refers to boardinit3.o(.text) for _platform_post_lib_init
    rtentry2.o(.ARM.Collect$$rtentry$$0000000D) refers to main.o(.text) for main
    rtentry2.o(.ARM.Collect$$rtentry$$0000000D) refers to exit.o(.text) for exit
    rtentry2.o(.ARM.exidx) refers to rtentry2.o(.ARM.Collect$$rtentry$$00000001) for .ARM.Collect$$rtentry$$00000001
    rtentry2.o(.ARM.exidx) refers to rtentry2.o(.ARM.Collect$$rtentry$$00000008) for .ARM.Collect$$rtentry$$00000008
    rtentry2.o(.ARM.exidx) refers to rtentry2.o(.ARM.Collect$$rtentry$$0000000A) for .ARM.Collect$$rtentry$$0000000A
    rtentry2.o(.ARM.exidx) refers to rtentry2.o(.ARM.Collect$$rtentry$$0000000B) for .ARM.Collect$$rtentry$$0000000B
    rtentry2.o(.ARM.exidx) refers to rtentry2.o(.ARM.Collect$$rtentry$$0000000D) for .ARM.Collect$$rtentry$$0000000D
    rtentry4.o(.ARM.Collect$$rtentry$$00000004) refers to sys_stackheap_outer.o(.text) for __user_setup_stackheap
    rtentry4.o(.ARM.exidx) refers to rtentry4.o(.ARM.Collect$$rtentry$$00000004) for .ARM.Collect$$rtentry$$00000004
    sys_stackheap_outer.o(.text) refers to libspace.o(.text) for __user_perproc_libspace
    sys_stackheap_outer.o(.text) refers to stm32f10x.o(.text) for __user_initial_stackheap
    exit.o(.text) refers to rtexit.o(.ARM.Collect$$rtexit$$00000000) for __rt_exit
    libinit.o(.ARM.Collect$$libinit$$00000000) refers (Special) to libinit2.o(.ARM.Collect$$libinit$$0000002C) for __rt_lib_init_alloca_1
    libinit.o(.ARM.Collect$$libinit$$00000000) refers (Special) to libinit2.o(.ARM.Collect$$libinit$$0000002A) for __rt_lib_init_argv_1
    libinit.o(.ARM.Collect$$libinit$$00000000) refers (Special) to libinit2.o(.ARM.Collect$$libinit$$00000019) for __rt_lib_init_atexit_1
    libinit.o(.ARM.Collect$$libinit$$00000000) refers (Special) to libinit2.o(.ARM.Collect$$libinit$$0000001F) for __rt_lib_init_clock_1
    libinit.o(.ARM.Collect$$libinit$$00000000) refers (Special) to libinit2.o(.ARM.Collect$$libinit$$00000030) for __rt_lib_init_cpp_1
    libinit.o(.ARM.Collect$$libinit$$00000000) refers (Special) to libinit2.o(.ARM.Collect$$libinit$$0000002E) for __rt_lib_init_exceptions_1
    libinit.o(.ARM.Collect$$libinit$$00000000) refers (Special) to libinit2.o(.ARM.Collect$$libinit$$00000002) for __rt_lib_init_fp_1
    libinit.o(.ARM.Collect$$libinit$$00000000) refers (Special) to libinit2.o(.ARM.Collect$$libinit$$0000001D) for __rt_lib_init_fp_trap_1
    libinit.o(.ARM.Collect$$libinit$$00000000) refers (Special) to libinit2.o(.ARM.Collect$$libinit$$00000021) for __rt_lib_init_getenv_1
    libinit.o(.ARM.Collect$$libinit$$00000000) refers (Special) to libinit2.o(.ARM.Collect$$libinit$$00000008) for __rt_lib_init_heap_1
    libinit.o(.ARM.Collect$$libinit$$00000000) refers (Special) to libinit2.o(.ARM.Collect$$libinit$$0000000F) for __rt_lib_init_lc_collate_1
    libinit.o(.ARM.Collect$$libinit$$00000000) refers (Special) to libinit2.o(.ARM.Collect$$libinit$$00000011) for __rt_lib_init_lc_ctype_1
    libinit.o(.ARM.Collect$$libinit$$00000000) refers (Special) to libinit2.o(.ARM.Collect$$libinit$$00000013) for __rt_lib_init_lc_monetary_1
    libinit.o(.ARM.Collect$$libinit$$00000000) refers (Special) to libinit2.o(.ARM.Collect$$libinit$$00000015) for __rt_lib_init_lc_numeric_1
    libinit.o(.ARM.Collect$$libinit$$00000000) refers (Special) to libinit2.o(.ARM.Collect$$libinit$$00000017) for __rt_lib_init_lc_time_1
    libinit.o(.ARM.Collect$$libinit$$00000000) refers (Special) to libinit2.o(.ARM.Collect$$libinit$$0000000C) for __rt_lib_init_rand_1
    libinit.o(.ARM.Collect$$libinit$$00000000) refers (Special) to libinit2.o(.ARM.Collect$$libinit$$00000031) for __rt_lib_init_return
    libinit.o(.ARM.Collect$$libinit$$00000000) refers (Special) to libinit2.o(.ARM.Collect$$libinit$$0000001B) for __rt_lib_init_signal_1
    libinit.o(.ARM.Collect$$libinit$$00000000) refers (Special) to libinit2.o(.ARM.Collect$$libinit$$00000023) for __rt_lib_init_stdio_1
    libinit.o(.ARM.Collect$$libinit$$00000000) refers (Special) to libinit2.o(.ARM.Collect$$libinit$$0000000A) for __rt_lib_init_user_alloc_1
    libspace.o(.text) refers to libspace.o(.bss) for __libspace_start
    rtexit.o(.ARM.Collect$$rtexit$$00000000) refers (Special) to rtexit2.o(.ARM.Collect$$rtexit$$00000004) for __rt_exit_exit
    rtexit.o(.ARM.Collect$$rtexit$$00000000) refers (Special) to rtexit2.o(.ARM.Collect$$rtexit$$00000003) for __rt_exit_ls
    rtexit.o(.ARM.Collect$$rtexit$$00000000) refers (Special) to rtexit2.o(.ARM.Collect$$rtexit$$00000002) for __rt_exit_prels_1
    rtexit.o(.ARM.exidx) refers (Special) to rtexit2.o(.ARM.Collect$$rtexit$$00000004) for __rt_exit_exit
    rtexit.o(.ARM.exidx) refers (Special) to rtexit2.o(.ARM.Collect$$rtexit$$00000003) for __rt_exit_ls
    rtexit.o(.ARM.exidx) refers (Special) to rtexit2.o(.ARM.Collect$$rtexit$$00000002) for __rt_exit_prels_1
    rtexit.o(.ARM.exidx) refers to rtexit.o(.ARM.Collect$$rtexit$$00000000) for .ARM.Collect$$rtexit$$00000000
    libinit2.o(.ARM.Collect$$libinit$$0000000E) refers to libinit2.o(.ARM.Collect$$libinit$$0000000D) for .ARM.Collect$$libinit$$0000000D
    libinit2.o(.ARM.Collect$$libinit$$00000010) refers to libinit2.o(.ARM.Collect$$libinit$$0000000D) for .ARM.Collect$$libinit$$0000000D
    libinit2.o(.ARM.Collect$$libinit$$00000012) refers to libinit2.o(.ARM.Collect$$libinit$$0000000D) for .ARM.Collect$$libinit$$0000000D
    libinit2.o(.ARM.Collect$$libinit$$00000014) refers to libinit2.o(.ARM.Collect$$libinit$$0000000D) for .ARM.Collect$$libinit$$0000000D
    libinit2.o(.ARM.Collect$$libinit$$00000016) refers to libinit2.o(.ARM.Collect$$libinit$$0000000D) for .ARM.Collect$$libinit$$0000000D
    libinit2.o(.ARM.Collect$$libinit$$00000024) refers to argv_veneer.o(.emb_text) for __ARM_argv_veneer
    libinit2.o(.ARM.Collect$$libinit$$00000025) refers to argv_veneer.o(.emb_text) for __ARM_argv_veneer
    rtexit2.o(.ARM.Collect$$rtexit$$00000003) refers to libshutdown.o(.ARM.Collect$$libshutdown$$00000000) for __rt_lib_shutdown
    rtexit2.o(.ARM.Collect$$rtexit$$00000004) refers to printf_to_serial.o(.text) for _sys_exit
    rtexit2.o(.ARM.exidx) refers to rtexit2.o(.ARM.Collect$$rtexit$$00000001) for .ARM.Collect$$rtexit$$00000001
    rtexit2.o(.ARM.exidx) refers to rtexit2.o(.ARM.Collect$$rtexit$$00000003) for .ARM.Collect$$rtexit$$00000003
    rtexit2.o(.ARM.exidx) refers to rtexit2.o(.ARM.Collect$$rtexit$$00000004) for .ARM.Collect$$rtexit$$00000004
    argv_veneer.o(.emb_text) refers to no_argv.o(.text) for __ARM_get_argv
    _get_argv_nomalloc.o(.text) refers (Special) to hrguard.o(.text) for __heap_region$guard
    _get_argv_nomalloc.o(.text) refers to defsig_rtmem_outer.o(.text) for __rt_SIGRTMEM
    _get_argv_nomalloc.o(.text) refers to sys_command.o(.text) for _sys_command_string
    libshutdown.o(.ARM.Collect$$libshutdown$$00000000) refers (Special) to libshutdown2.o(.ARM.Collect$$libshutdown$$00000006) for __rt_lib_shutdown_fp_trap_1
    libshutdown.o(.ARM.Collect$$libshutdown$$00000000) refers (Special) to libshutdown2.o(.ARM.Collect$$libshutdown$$0000000E) for __rt_lib_shutdown_heap_1
    libshutdown.o(.ARM.Collect$$libshutdown$$00000000) refers (Special) to libshutdown2.o(.ARM.Collect$$libshutdown$$0000000F) for __rt_lib_shutdown_return
    libshutdown.o(.ARM.Collect$$libshutdown$$00000000) refers (Special) to libshutdown2.o(.ARM.Collect$$libshutdown$$00000009) for __rt_lib_shutdown_signal_1
    libshutdown.o(.ARM.Collect$$libshutdown$$00000000) refers (Special) to libshutdown2.o(.ARM.Collect$$libshutdown$$00000003) for __rt_lib_shutdown_stdio_1
    libshutdown.o(.ARM.Collect$$libshutdown$$00000000) refers (Special) to libshutdown2.o(.ARM.Collect$$libshutdown$$0000000B) for __rt_lib_shutdown_user_alloc_1
    sys_command.o(.text) refers (Special) to use_no_semi.o(.text) for __I$use$semihosting
    sys_command.o(.text) refers (Special) to indicate_semi.o(.text) for __semihosting_library_function
    defsig_rtmem_outer.o(.text) refers to defsig_rtmem_inner.o(.text) for __rt_SIGRTMEM_inner
    defsig_rtmem_outer.o(.text) refers to defsig_exit.o(.text) for __sig_exit
    defsig_rtmem_formal.o(.text) refers to rt_raise.o(.text) for __rt_raise
    rt_raise.o(.text) refers to __raise.o(.text) for __raise
    rt_raise.o(.text) refers to printf_to_serial.o(.text) for _sys_exit
    defsig_exit.o(.text) refers to printf_to_serial.o(.text) for _sys_exit
    defsig_rtmem_inner.o(.text) refers to defsig_general.o(.text) for __default_signal_display
    __raise.o(.text) refers to defsig.o(CL$$defsig) for __default_signal_handler
    defsig_general.o(.text) refers to sys_wrch.o(.text) for _ttywrch
    sys_wrch.o(.text) refers (Special) to use_no_semi.o(.text) for __I$use$semihosting
    sys_wrch.o(.text) refers (Special) to indicate_semi.o(.text) for __semihosting_library_function
    defsig.o(CL$$defsig) refers to defsig_rtmem_inner.o(.text) for __rt_SIGRTMEM_inner
    defsig_abrt_inner.o(.text) refers to defsig_general.o(.text) for __default_signal_display
    defsig_fpe_inner.o(.text) refers to defsig_general.o(.text) for __default_signal_display
    defsig_rtred_inner.o(.text) refers to defsig_general.o(.text) for __default_signal_display
    defsig_stak_inner.o(.text) refers to defsig_general.o(.text) for __default_signal_display
    defsig_pvfn_inner.o(.text) refers to defsig_general.o(.text) for __default_signal_display
    defsig_cppl_inner.o(.text) refers to defsig_general.o(.text) for __default_signal_display
    defsig_segv_inner.o(.text) refers to defsig_general.o(.text) for __default_signal_display
    defsig_other.o(.text) refers to defsig_general.o(.text) for __default_signal_display


==============================================================================

Removing Unused input sections from the image.

    Removing main.o(.data), (4 bytes).
    Removing queue.o(.text), (1336 bytes).

2 unused section(s) (total 1340 bytes) removed from the image.

==============================================================================

Image Symbol Table

    Local Symbols

    Symbol Name                              Value     Ov Type        Size  Object(Section)

    ../clib/angel/boardlib.s                 0x00000000   Number         0  boardinit1.o ABSOLUTE
    ../clib/angel/boardlib.s                 0x00000000   Number         0  boardshut.o ABSOLUTE
    ../clib/angel/boardlib.s                 0x00000000   Number         0  boardinit3.o ABSOLUTE
    ../clib/angel/boardlib.s                 0x00000000   Number         0  boardinit2.o ABSOLUTE
    ../clib/angel/handlers.s                 0x00000000   Number         0  __scatter_zi.o ABSOLUTE
    ../clib/angel/handlers.s                 0x00000000   Number         0  __scatter_copy.o ABSOLUTE
    ../clib/angel/kernel.s                   0x00000000   Number         0  rtexit2.o ABSOLUTE
    ../clib/angel/kernel.s                   0x00000000   Number         0  rtentry.o ABSOLUTE
    ../clib/angel/kernel.s                   0x00000000   Number         0  rtentry4.o ABSOLUTE
    ../clib/angel/kernel.s                   0x00000000   Number         0  rtexit.o ABSOLUTE
    ../clib/angel/kernel.s                   0x00000000   Number         0  rtentry2.o ABSOLUTE
    ../clib/angel/rt.s                       0x00000000   Number         0  rt_raise.o ABSOLUTE
    ../clib/angel/scatter.s                  0x00000000   Number         0  __scatter.o ABSOLUTE
    ../clib/angel/startup.s                  0x00000000   Number         0  __main.o ABSOLUTE
    ../clib/angel/sys.s                      0x00000000   Number         0  use_no_semi.o ABSOLUTE
    ../clib/angel/sys.s                      0x00000000   Number         0  indicate_semi.o ABSOLUTE
    ../clib/angel/sys.s                      0x00000000   Number         0  sys_stackheap_outer.o ABSOLUTE
    ../clib/angel/sys.s                      0x00000000   Number         0  libspace.o ABSOLUTE
    ../clib/angel/sys.s                      0x00000000   Number         0  use_no_semi_2.o ABSOLUTE
    ../clib/angel/sysapp.c                   0x00000000   Number         0  sys_command.o ABSOLUTE
    ../clib/angel/sysapp.c                   0x00000000   Number         0  sys_wrch.o ABSOLUTE
    ../clib/armsys.c                         0x00000000   Number         0  _get_argv_nomalloc.o ABSOLUTE
    ../clib/armsys.c                         0x00000000   Number         0  no_argv.o ABSOLUTE
    ../clib/armsys.c                         0x00000000   Number         0  argv_veneer.o ABSOLUTE
    ../clib/armsys.c                         0x00000000   Number         0  argv_veneer.o ABSOLUTE
    ../clib/heapalloc.c                      0x00000000   Number         0  hrguard.o ABSOLUTE
    ../clib/heapaux.c                        0x00000000   Number         0  heapauxi.o ABSOLUTE
    ../clib/libinit.s                        0x00000000   Number         0  libshutdown2.o ABSOLUTE
    ../clib/libinit.s                        0x00000000   Number         0  libshutdown.o ABSOLUTE
    ../clib/libinit.s                        0x00000000   Number         0  libinit.o ABSOLUTE
    ../clib/libinit.s                        0x00000000   Number         0  libinit2.o ABSOLUTE
    ../clib/memcpset.s                       0x00000000   Number         0  rt_memcpy_v6.o ABSOLUTE
    ../clib/memcpset.s                       0x00000000   Number         0  rt_memcpy_w.o ABSOLUTE
    ../clib/printf.c                         0x00000000   Number         0  _printf_char_common.o ABSOLUTE
    ../clib/printf.c                         0x00000000   Number         0  __printf_nopercent.o ABSOLUTE
    ../clib/printf.c                         0x00000000   Number         0  __printf_ss.o ABSOLUTE
    ../clib/printf.c                         0x00000000   Number         0  __printf_flags.o ABSOLUTE
    ../clib/printf.c                         0x00000000   Number         0  __printf_wp.o ABSOLUTE
    ../clib/printf.c                         0x00000000   Number         0  __printf_flags_wp.o ABSOLUTE
    ../clib/printf.c                         0x00000000   Number         0  _printf_str.o ABSOLUTE
    ../clib/printf.c                         0x00000000   Number         0  __printf_flags_ss_wp.o ABSOLUTE
    ../clib/printf.c                         0x00000000   Number         0  __printf.o ABSOLUTE
    ../clib/printf.c                         0x00000000   Number         0  noretval__2sprintf.o ABSOLUTE
    ../clib/printf.c                         0x00000000   Number         0  __printf_flags_ss.o ABSOLUTE
    ../clib/printf.c                         0x00000000   Number         0  __2sprintf.o ABSOLUTE
    ../clib/printf.c                         0x00000000   Number         0  __2printf.o ABSOLUTE
    ../clib/printf.c                         0x00000000   Number         0  noretval__2printf.o ABSOLUTE
    ../clib/printf.c                         0x00000000   Number         0  _printf_char.o ABSOLUTE
    ../clib/printf.c                         0x00000000   Number         0  __printf_ss_wp.o ABSOLUTE
    ../clib/printf.c                         0x00000000   Number         0  _printf_char_file.o ABSOLUTE
    ../clib/printf.c                         0x00000000   Number         0  _sputc.o ABSOLUTE
    ../clib/printf_percent.s                 0x00000000   Number         0  _printf_c.o ABSOLUTE
    ../clib/printf_percent.s                 0x00000000   Number         0  _printf_percent_end.o ABSOLUTE
    ../clib/printf_percent.s                 0x00000000   Number         0  _printf_percent.o ABSOLUTE
    ../clib/signal.c                         0x00000000   Number         0  defsig_general.o ABSOLUTE
    ../clib/signal.c                         0x00000000   Number         0  __raise.o ABSOLUTE
    ../clib/signal.c                         0x00000000   Number         0  defsig_rtmem_inner.o ABSOLUTE
    ../clib/signal.c                         0x00000000   Number         0  defsig_exit.o ABSOLUTE
    ../clib/signal.c                         0x00000000   Number         0  defsig_pvfn_inner.o ABSOLUTE
    ../clib/signal.c                         0x00000000   Number         0  defsig_rtmem_formal.o ABSOLUTE
    ../clib/signal.c                         0x00000000   Number         0  defsig_fpe_inner.o ABSOLUTE
    ../clib/signal.c                         0x00000000   Number         0  defsig_rtred_inner.o ABSOLUTE
    ../clib/signal.c                         0x00000000   Number         0  defsig_stak_inner.o ABSOLUTE
    ../clib/signal.c                         0x00000000   Number         0  defsig_cppl_inner.o ABSOLUTE
    ../clib/signal.c                         0x00000000   Number         0  defsig_segv_inner.o ABSOLUTE
    ../clib/signal.c                         0x00000000   Number         0  defsig_other.o ABSOLUTE
    ../clib/signal.c                         0x00000000   Number         0  defsig_rtmem_outer.o ABSOLUTE
    ../clib/signal.c                         0x00000000   Number         0  defsig_abrt_inner.o ABSOLUTE
    ../clib/signal.s                         0x00000000   Number         0  defsig.o ABSOLUTE
    ../clib/stdio.c                          0x00000000   Number         0  ferror_locked.o ABSOLUTE
    ../clib/stdio.c                          0x00000000   Number         0  ferror.o ABSOLUTE
    ../clib/stdlib.c                         0x00000000   Number         0  exit.o ABSOLUTE
    ../fplib/fpinit.s                        0x00000000   Number         0  fpinit.o ABSOLUTE
    ..\..\Source\list.c                      0x00000000   Number         0  list.o ABSOLUTE
    ..\..\Source\portable\MemMang\heap_2.c   0x00000000   Number         0  heap_2.o ABSOLUTE
    ..\..\Source\portable\RVDS\ARM_CM3\port.c 0x00000000   Number         0  port.o ABSOLUTE
    ..\..\Source\queue.c                     0x00000000   Number         0  queue.o ABSOLUTE
    ..\..\Source\tasks.c                     0x00000000   Number         0  tasks.o ABSOLUTE
    ..\Common\drivers\ST\STM32F10xFWLib\src\cortexm3_macro_rvds.s 0x00000000   Number         0  cortexm3_macro_rvds.o ABSOLUTE
    ..\\..\\Source\\portable\\RVDS\\ARM_CM3\\port.c 0x00000000   Number         0  port.o ABSOLUTE
    STM32F10x.s                              0x00000000   Number         0  stm32f10x.o ABSOLUTE
    STM32F10xFWLib\src\stm32f10x_gpio.c      0x00000000   Number         0  stm32f10x_gpio.o ABSOLUTE
    STM32F10xFWLib\src\stm32f10x_lib.c       0x00000000   Number         0  stm32f10x_lib.o ABSOLUTE
    STM32F10xFWLib\src\stm32f10x_nvic.c      0x00000000   Number         0  stm32f10x_nvic.o ABSOLUTE
    STM32F10xFWLib\src\stm32f10x_rcc.c       0x00000000   Number         0  stm32f10x_rcc.o ABSOLUTE
    STM32F10xFWLib\src\stm32f10x_systick.c   0x00000000   Number         0  stm32f10x_systick.o ABSOLUTE
    STM32F10xFWLib\src\stm32f10x_tim.c       0x00000000   Number         0  stm32f10x_tim.o ABSOLUTE
    STM32F10xFWLib\src\stm32f10x_usart.c     0x00000000   Number         0  stm32f10x_usart.o ABSOLUTE
    beecom_test_wifi.c                       0x00000000   Number         0  beecom_test_wifi.o ABSOLUTE
    dc.s                                     0x00000000   Number         0  dc.o ABSOLUTE
    main.c                                   0x00000000   Number         0  main.o ABSOLUTE
    printf_to_serial.c                       0x00000000   Number         0  printf_to_serial.o ABSOLUTE
    timertest.c                              0x00000000   Number         0  timertest.o ABSOLUTE
    RESET                                    0x08000000   Section      236  stm32f10x.o(RESET)
    !!!main                                  0x080000ec   Section        8  __main.o(!!!main)
    !!!scatter                               0x080000f4   Section       52  __scatter.o(!!!scatter)
    !!handler_copy                           0x08000128   Section       26  __scatter_copy.o(!!handler_copy)
    !!handler_zi                             0x08000144   Section       28  __scatter_zi.o(!!handler_zi)
    .ARM.Collect$$_printf_percent$$00000000  0x08000160   Section        0  _printf_percent.o(.ARM.Collect$$_printf_percent$$00000000)
    .ARM.Collect$$_printf_percent$$00000013  0x08000160   Section        6  _printf_c.o(.ARM.Collect$$_printf_percent$$00000013)
    .ARM.Collect$$_printf_percent$$00000017  0x08000166   Section        4  _printf_percent_end.o(.ARM.Collect$$_printf_percent$$00000017)
    .ARM.Collect$$libinit$$00000000          0x0800016a   Section        2  libinit.o(.ARM.Collect$$libinit$$00000000)
    .ARM.Collect$$libinit$$00000002          0x0800016c   Section        0  libinit2.o(.ARM.Collect$$libinit$$00000002)
    .ARM.Collect$$libinit$$00000008          0x0800016c   Section        0  libinit2.o(.ARM.Collect$$libinit$$00000008)
    .ARM.Collect$$libinit$$0000000A          0x0800016c   Section        0  libinit2.o(.ARM.Collect$$libinit$$0000000A)
    .ARM.Collect$$libinit$$0000000C          0x0800016c   Section        0  libinit2.o(.ARM.Collect$$libinit$$0000000C)
    .ARM.Collect$$libinit$$0000000F          0x0800016c   Section        0  libinit2.o(.ARM.Collect$$libinit$$0000000F)
    .ARM.Collect$$libinit$$00000011          0x0800016c   Section        0  libinit2.o(.ARM.Collect$$libinit$$00000011)
    .ARM.Collect$$libinit$$00000013          0x0800016c   Section        0  libinit2.o(.ARM.Collect$$libinit$$00000013)
    .ARM.Collect$$libinit$$00000015          0x0800016c   Section        0  libinit2.o(.ARM.Collect$$libinit$$00000015)
    .ARM.Collect$$libinit$$00000017          0x0800016c   Section        0  libinit2.o(.ARM.Collect$$libinit$$00000017)
    .ARM.Collect$$libinit$$00000019          0x0800016c   Section        0  libinit2.o(.ARM.Collect$$libinit$$00000019)
    .ARM.Collect$$libinit$$0000001B          0x0800016c   Section        0  libinit2.o(.ARM.Collect$$libinit$$0000001B)
    .ARM.Collect$$libinit$$0000001D          0x0800016c   Section        0  libinit2.o(.ARM.Collect$$libinit$$0000001D)
    .ARM.Collect$$libinit$$0000001F          0x0800016c   Section        0  libinit2.o(.ARM.Collect$$libinit$$0000001F)
    .ARM.Collect$$libinit$$00000021          0x0800016c   Section        0  libinit2.o(.ARM.Collect$$libinit$$00000021)
    .ARM.Collect$$libinit$$00000023          0x0800016c   Section        0  libinit2.o(.ARM.Collect$$libinit$$00000023)
    .ARM.Collect$$libinit$$0000002A          0x0800016c   Section        0  libinit2.o(.ARM.Collect$$libinit$$0000002A)
    .ARM.Collect$$libinit$$0000002C          0x0800016c   Section        0  libinit2.o(.ARM.Collect$$libinit$$0000002C)
    .ARM.Collect$$libinit$$0000002E          0x0800016c   Section        0  libinit2.o(.ARM.Collect$$libinit$$0000002E)
    .ARM.Collect$$libinit$$00000030          0x0800016c   Section        0  libinit2.o(.ARM.Collect$$libinit$$00000030)
    .ARM.Collect$$libinit$$00000031          0x0800016c   Section        2  libinit2.o(.ARM.Collect$$libinit$$00000031)
    .ARM.Collect$$libshutdown$$00000000      0x0800016e   Section        2  libshutdown.o(.ARM.Collect$$libshutdown$$00000000)
    .ARM.Collect$$libshutdown$$00000003      0x08000170   Section        0  libshutdown2.o(.ARM.Collect$$libshutdown$$00000003)
    .ARM.Collect$$libshutdown$$00000006      0x08000170   Section        0  libshutdown2.o(.ARM.Collect$$libshutdown$$00000006)
    .ARM.Collect$$libshutdown$$00000009      0x08000170   Section        0  libshutdown2.o(.ARM.Collect$$libshutdown$$00000009)
    .ARM.Collect$$libshutdown$$0000000B      0x08000170   Section        0  libshutdown2.o(.ARM.Collect$$libshutdown$$0000000B)
    .ARM.Collect$$libshutdown$$0000000E      0x08000170   Section        0  libshutdown2.o(.ARM.Collect$$libshutdown$$0000000E)
    .ARM.Collect$$libshutdown$$0000000F      0x08000170   Section        2  libshutdown2.o(.ARM.Collect$$libshutdown$$0000000F)
    .ARM.Collect$$rtentry$$00000000          0x08000172   Section        0  rtentry.o(.ARM.Collect$$rtentry$$00000000)
    .ARM.Collect$$rtentry$$00000002          0x08000172   Section        0  rtentry2.o(.ARM.Collect$$rtentry$$00000002)
    .ARM.Collect$$rtentry$$00000004          0x08000172   Section        6  rtentry4.o(.ARM.Collect$$rtentry$$00000004)
    .ARM.Collect$$rtentry$$00000009          0x08000178   Section        0  rtentry2.o(.ARM.Collect$$rtentry$$00000009)
    .ARM.Collect$$rtentry$$0000000A          0x08000178   Section        4  rtentry2.o(.ARM.Collect$$rtentry$$0000000A)
    .ARM.Collect$$rtentry$$0000000C          0x0800017c   Section        0  rtentry2.o(.ARM.Collect$$rtentry$$0000000C)
    .ARM.Collect$$rtentry$$0000000D          0x0800017c   Section        8  rtentry2.o(.ARM.Collect$$rtentry$$0000000D)
    .ARM.Collect$$rtexit$$00000000           0x08000184   Section        2  rtexit.o(.ARM.Collect$$rtexit$$00000000)
    .ARM.Collect$$rtexit$$00000002           0x08000186   Section        0  rtexit2.o(.ARM.Collect$$rtexit$$00000002)
    .ARM.Collect$$rtexit$$00000003           0x08000186   Section        4  rtexit2.o(.ARM.Collect$$rtexit$$00000003)
    .ARM.Collect$$rtexit$$00000004           0x0800018a   Section        6  rtexit2.o(.ARM.Collect$$rtexit$$00000004)
    .emb_text                                0x08000190   Section      150  port.o(.emb_text)
    .text                                    0x08000228   Section       52  stm32f10x.o(.text)
    .text                                    0x0800025c   Section      110  cortexm3_macro_rvds.o(.text)
    .text                                    0x080002cc   Section        0  stm32f10x_usart.o(.text)
    .text                                    0x08000578   Section        0  stm32f10x_gpio.o(.text)
    .text                                    0x0800077c   Section        0  stm32f10x_nvic.o(.text)
    .text                                    0x08000a70   Section        0  stm32f10x_rcc.o(.text)
    .text                                    0x08000d04   Section        0  stm32f10x_systick.o(.text)
    .text                                    0x08000d88   Section        0  stm32f10x_tim.o(.text)
    TI1_Config                               0x08000eaf   Thumb Code    48  stm32f10x_tim.o(.text)
    TI2_Config                               0x08000ef5   Thumb Code    58  stm32f10x_tim.o(.text)
    PWMI_Config                              0x080013bb   Thumb Code   104  stm32f10x_tim.o(.text)
    ETR_Config                               0x08001423   Thumb Code    20  stm32f10x_tim.o(.text)
    .text                                    0x08001438   Section        0  printf_to_serial.o(.text)
    .text                                    0x08001454   Section        0  main.o(.text)
    prvSetupHardware                         0x0800148b   Thumb Code   136  main.o(.text)
    .text                                    0x08001528   Section        0  beecom_test_wifi.o(.text)
    .text                                    0x08001794   Section        0  timertest.o(.text)
    .text                                    0x0800186c   Section        0  tasks.o(.text)
    prvAddNewTaskToReadyList                 0x0800186d   Thumb Code   194  tasks.o(.text)
    prvAddCurrentTaskToDelayedList           0x08001b5f   Thumb Code   102  tasks.o(.text)
    prvIdleTask                              0x08001ebd   Thumb Code    30  tasks.o(.text)
    prvInitialiseNewTask                     0x08002389   Thumb Code   118  tasks.o(.text)
    prvResetNextTaskUnblockTime              0x080023ff   Thumb Code    26  tasks.o(.text)
    prvDeleteTCB                             0x08002419   Thumb Code    20  tasks.o(.text)
    prvTaskIsTaskSuspended                   0x0800242d   Thumb Code    30  tasks.o(.text)
    prvCheckTasksWaitingTermination          0x0800244b   Thumb Code    84  tasks.o(.text)
    .text                                    0x0800249e   Section        0  list.o(.text)
    .text                                    0x08002528   Section        0  port.o(.text)
    prvTaskExitError                         0x08002529   Thumb Code    16  port.o(.text)
    .text                                    0x080025f0   Section        0  heap_2.o(.text)
    .text                                    0x080026e4   Section        2  use_no_semi_2.o(.text)
    .text                                    0x080026e8   Section        0  noretval__2printf.o(.text)
    .text                                    0x08002700   Section        0  noretval__2sprintf.o(.text)
    .text                                    0x08002728   Section        0  __printf.o(.text)
    .text                                    0x08002790   Section        0  _printf_str.o(.text)
    .text                                    0x080027e2   Section        0  heapauxi.o(.text)
    .text                                    0x080027e8   Section        2  use_no_semi.o(.text)
    .text                                    0x080027ec   Section        0  _printf_char_common.o(.text)
    _printf_input_char                       0x080027ed   Thumb Code    10  _printf_char_common.o(.text)
    .text                                    0x0800281c   Section        0  _sputc.o(.text)
    .text                                    0x08002826   Section        0  _printf_char.o(.text)
    .text                                    0x08002854   Section        0  _printf_char_file.o(.text)
    .text                                    0x08002878   Section        0  ferror.o(.text)
    .text                                    0x08002880   Section       74  sys_stackheap_outer.o(.text)
    .text                                    0x080028ca   Section        0  exit.o(.text)
    .text                                    0x080028d8   Section        8  libspace.o(.text)
    .constdata                               0x080028e0   Section       20  stm32f10x_rcc.o(.constdata)
    ADCPrescTable                            0x080028e0   Data           4  stm32f10x_rcc.o(.constdata)
    APBAHBPrescTable                         0x080028e4   Data          16  stm32f10x_rcc.o(.constdata)
    .constdata                               0x080028f4   Section       16  stm32f10x_tim.o(.constdata)
    Tab_OCModeMask                           0x080028f4   Data           8  stm32f10x_tim.o(.constdata)
    Tab_PolarityMask                         0x080028fc   Data           8  stm32f10x_tim.o(.constdata)
    .data                                    0x20000000   Section        4  printf_to_serial.o(.data)
    .data                                    0x20000004   Section        1  beecom_test_wifi.o(.data)
    .data                                    0x20000006   Section        8  timertest.o(.data)
    usLastCount                              0x20000008   Data           2  timertest.o(.data)
    usSettleCount                            0x2000000a   Data           2  timertest.o(.data)
    usMaxDifference                          0x2000000c   Data           2  timertest.o(.data)
    .data                                    0x20000010   Section       60  tasks.o(.data)
    uxDeletedTasksWaitingCleanUp             0x20000014   Data           4  tasks.o(.data)
    uxCurrentNumberOfTasks                   0x20000018   Data           4  tasks.o(.data)
    xTickCount                               0x2000001c   Data           4  tasks.o(.data)
    uxTopReadyPriority                       0x20000020   Data           4  tasks.o(.data)
    xSchedulerRunning                        0x20000024   Data           4  tasks.o(.data)
    uxPendedTicks                            0x20000028   Data           4  tasks.o(.data)
    xYieldPending                            0x2000002c   Data           4  tasks.o(.data)
    xNumOfOverflows                          0x20000030   Data           4  tasks.o(.data)
    uxTaskNumber                             0x20000034   Data           4  tasks.o(.data)
    xNextTaskUnblockTime                     0x20000038   Data           4  tasks.o(.data)
    xIdleTaskHandle                          0x2000003c   Data           4  tasks.o(.data)
    uxSchedulerSuspended                     0x20000040   Data           4  tasks.o(.data)
    pxDelayedTaskList                        0x20000044   Data           4  tasks.o(.data)
    pxOverflowDelayedTaskList                0x20000048   Data           4  tasks.o(.data)
    .data                                    0x2000004c   Section        4  port.o(.data)
    uxCriticalNesting                        0x2000004c   Data           4  port.o(.data)
    .data                                    0x20000050   Section       24  heap_2.o(.data)
    xFreeBytesRemaining                      0x20000050   Data           4  heap_2.o(.data)
    xHeapHasBeenInitialised                  0x20000054   Data           4  heap_2.o(.data)
    xStart                                   0x20000058   Data           8  heap_2.o(.data)
    xEnd                                     0x20000060   Data           8  heap_2.o(.data)
    .bss                                     0x20000068   Section      256  beecom_test_wifi.o(.bss)
    .bss                                     0x20000168   Section      200  tasks.o(.bss)
    pxReadyTasksLists                        0x20000168   Data         100  tasks.o(.bss)
    xDelayedTaskList1                        0x200001cc   Data          20  tasks.o(.bss)
    xDelayedTaskList2                        0x200001e0   Data          20  tasks.o(.bss)
    xPendingReadyList                        0x200001f4   Data          20  tasks.o(.bss)
    xTasksWaitingTermination                 0x20000208   Data          20  tasks.o(.bss)
    xSuspendedTaskList                       0x2000021c   Data          20  tasks.o(.bss)
    .bss                                     0x20000230   Section    17408  heap_2.o(.bss)
    ucHeap                                   0x20000230   Data       17408  heap_2.o(.bss)
    .bss                                     0x20004630   Section       96  libspace.o(.bss)
    HEAP                                     0x20004690   Section        0  stm32f10x.o(HEAP)
    STACK                                    0x20004690   Section      512  stm32f10x.o(STACK)
    Heap_Mem                                 0x20004690   Data           0  stm32f10x.o(HEAP)
    Stack_Mem                                0x20004690   Data         512  stm32f10x.o(STACK)
    __initial_sp                             0x20004890   Data           0  stm32f10x.o(STACK)

    Global Symbols

    Symbol Name                              Value     Ov Type        Size  Object(Section)

    BuildAttributes$$THM_ISAv4$P$D$K$B$S$PE$A:L22UL41UL21$X:L11$S22US41US21$IEEE1$IW$USESV6$~STKCKD$USESV7$~SHL$OSPACE$ROPI$EBA8$UX$STANDARDLIB$REQ8$PRES8$EABIv2 0x00000000   Number         0  anon$$obj.o ABSOLUTE
    __ARM_use_no_argv                        0x00000000   Number         0  main.o ABSOLUTE
    __ARM_exceptions_init                     - Undefined Weak Reference
    __alloca_initialize                       - Undefined Weak Reference
    __cpp_initialize__aeabi_                  - Undefined Weak Reference
    __cxa_finalize                            - Undefined Weak Reference
    __rt_locale                               - Undefined Weak Reference
    __sigvec_lookup                           - Undefined Weak Reference
    _atexit_init                              - Undefined Weak Reference
    _call_atexit_fns                          - Undefined Weak Reference
    _clock_init                               - Undefined Weak Reference
    _fp_trap_init                             - Undefined Weak Reference
    _fp_trap_shutdown                         - Undefined Weak Reference
    _get_lc_collate                           - Undefined Weak Reference
    _get_lc_ctype                             - Undefined Weak Reference
    _get_lc_monetary                          - Undefined Weak Reference
    _get_lc_numeric                           - Undefined Weak Reference
    _get_lc_time                              - Undefined Weak Reference
    _getenv_init                              - Undefined Weak Reference
    _handle_redirection                       - Undefined Weak Reference
    _init_alloc                               - Undefined Weak Reference
    _init_user_alloc                          - Undefined Weak Reference
    _initio                                   - Undefined Weak Reference
    _mutex_acquire                            - Undefined Weak Reference
    _mutex_release                            - Undefined Weak Reference
    _printf_mbtowc                            - Undefined Weak Reference
    _printf_post_padding                      - Undefined Weak Reference
    _printf_pre_padding                       - Undefined Weak Reference
    _rand_init                                - Undefined Weak Reference
    _signal_finish                            - Undefined Weak Reference
    _signal_init                              - Undefined Weak Reference
    _terminate_alloc                          - Undefined Weak Reference
    _terminate_user_alloc                     - Undefined Weak Reference
    _terminateio                              - Undefined Weak Reference
    __Vectors                                0x08000000   Data           4  stm32f10x.o(RESET)
    __main                                   0x080000ed   Thumb Code     8  __main.o(!!!main)
    __scatterload                            0x080000f5   Thumb Code     0  __scatter.o(!!!scatter)
    __scatterload_rt2                        0x080000f5   Thumb Code    44  __scatter.o(!!!scatter)
    __scatterload_rt2_thumb_only             0x080000f5   Thumb Code     0  __scatter.o(!!!scatter)
    __scatterload_null                       0x08000103   Thumb Code     0  __scatter.o(!!!scatter)
    __scatterload_copy                       0x08000129   Thumb Code    26  __scatter_copy.o(!!handler_copy)
    __scatterload_zeroinit                   0x08000145   Thumb Code    28  __scatter_zi.o(!!handler_zi)
    _printf_c                                0x08000161   Thumb Code     0  _printf_c.o(.ARM.Collect$$_printf_percent$$00000013)
    _printf_percent                          0x08000161   Thumb Code     0  _printf_percent.o(.ARM.Collect$$_printf_percent$$00000000)
    _printf_percent_end                      0x08000167   Thumb Code     0  _printf_percent_end.o(.ARM.Collect$$_printf_percent$$00000017)
    __rt_lib_init                            0x0800016b   Thumb Code     0  libinit.o(.ARM.Collect$$libinit$$00000000)
    __rt_lib_init_alloca_1                   0x0800016d   Thumb Code     0  libinit2.o(.ARM.Collect$$libinit$$0000002C)
    __rt_lib_init_argv_1                     0x0800016d   Thumb Code     0  libinit2.o(.ARM.Collect$$libinit$$0000002A)
    __rt_lib_init_atexit_1                   0x0800016d   Thumb Code     0  libinit2.o(.ARM.Collect$$libinit$$00000019)
    __rt_lib_init_clock_1                    0x0800016d   Thumb Code     0  libinit2.o(.ARM.Collect$$libinit$$0000001F)
    __rt_lib_init_cpp_1                      0x0800016d   Thumb Code     0  libinit2.o(.ARM.Collect$$libinit$$00000030)
    __rt_lib_init_exceptions_1               0x0800016d   Thumb Code     0  libinit2.o(.ARM.Collect$$libinit$$0000002E)
    __rt_lib_init_fp_1                       0x0800016d   Thumb Code     0  libinit2.o(.ARM.Collect$$libinit$$00000002)
    __rt_lib_init_fp_trap_1                  0x0800016d   Thumb Code     0  libinit2.o(.ARM.Collect$$libinit$$0000001D)
    __rt_lib_init_getenv_1                   0x0800016d   Thumb Code     0  libinit2.o(.ARM.Collect$$libinit$$00000021)
    __rt_lib_init_heap_1                     0x0800016d   Thumb Code     0  libinit2.o(.ARM.Collect$$libinit$$00000008)
    __rt_lib_init_lc_collate_1               0x0800016d   Thumb Code     0  libinit2.o(.ARM.Collect$$libinit$$0000000F)
    __rt_lib_init_lc_ctype_1                 0x0800016d   Thumb Code     0  libinit2.o(.ARM.Collect$$libinit$$00000011)
    __rt_lib_init_lc_monetary_1              0x0800016d   Thumb Code     0  libinit2.o(.ARM.Collect$$libinit$$00000013)
    __rt_lib_init_lc_numeric_1               0x0800016d   Thumb Code     0  libinit2.o(.ARM.Collect$$libinit$$00000015)
    __rt_lib_init_lc_time_1                  0x0800016d   Thumb Code     0  libinit2.o(.ARM.Collect$$libinit$$00000017)
    __rt_lib_init_rand_1                     0x0800016d   Thumb Code     0  libinit2.o(.ARM.Collect$$libinit$$0000000C)
    __rt_lib_init_return                     0x0800016d   Thumb Code     0  libinit2.o(.ARM.Collect$$libinit$$00000031)
    __rt_lib_init_signal_1                   0x0800016d   Thumb Code     0  libinit2.o(.ARM.Collect$$libinit$$0000001B)
    __rt_lib_init_stdio_1                    0x0800016d   Thumb Code     0  libinit2.o(.ARM.Collect$$libinit$$00000023)
    __rt_lib_init_user_alloc_1               0x0800016d   Thumb Code     0  libinit2.o(.ARM.Collect$$libinit$$0000000A)
    __rt_lib_shutdown                        0x0800016f   Thumb Code     0  libshutdown.o(.ARM.Collect$$libshutdown$$00000000)
    __rt_lib_shutdown_fp_trap_1              0x08000171   Thumb Code     0  libshutdown2.o(.ARM.Collect$$libshutdown$$00000006)
    __rt_lib_shutdown_heap_1                 0x08000171   Thumb Code     0  libshutdown2.o(.ARM.Collect$$libshutdown$$0000000E)
    __rt_lib_shutdown_return                 0x08000171   Thumb Code     0  libshutdown2.o(.ARM.Collect$$libshutdown$$0000000F)
    __rt_lib_shutdown_signal_1               0x08000171   Thumb Code     0  libshutdown2.o(.ARM.Collect$$libshutdown$$00000009)
    __rt_lib_shutdown_stdio_1                0x08000171   Thumb Code     0  libshutdown2.o(.ARM.Collect$$libshutdown$$00000003)
    __rt_lib_shutdown_user_alloc_1           0x08000171   Thumb Code     0  libshutdown2.o(.ARM.Collect$$libshutdown$$0000000B)
    __rt_entry                               0x08000173   Thumb Code     0  rtentry.o(.ARM.Collect$$rtentry$$00000000)
    __rt_entry_presh_1                       0x08000173   Thumb Code     0  rtentry2.o(.ARM.Collect$$rtentry$$00000002)
    __rt_entry_sh                            0x08000173   Thumb Code     0  rtentry4.o(.ARM.Collect$$rtentry$$00000004)
    __rt_entry_li                            0x08000179   Thumb Code     0  rtentry2.o(.ARM.Collect$$rtentry$$0000000A)
    __rt_entry_postsh_1                      0x08000179   Thumb Code     0  rtentry2.o(.ARM.Collect$$rtentry$$00000009)
    __rt_entry_main                          0x0800017d   Thumb Code     0  rtentry2.o(.ARM.Collect$$rtentry$$0000000D)
    __rt_entry_postli_1                      0x0800017d   Thumb Code     0  rtentry2.o(.ARM.Collect$$rtentry$$0000000C)
    __rt_exit                                0x08000185   Thumb Code     0  rtexit.o(.ARM.Collect$$rtexit$$00000000)
    __rt_exit_ls                             0x08000187   Thumb Code     0  rtexit2.o(.ARM.Collect$$rtexit$$00000003)
    __rt_exit_prels_1                        0x08000187   Thumb Code     0  rtexit2.o(.ARM.Collect$$rtexit$$00000002)
    __rt_exit_exit                           0x0800018b   Thumb Code     0  rtexit2.o(.ARM.Collect$$rtexit$$00000004)
    vPortSVCHandler                          0x08000191   Thumb Code    32  port.o(.emb_text)
    __asm___6_port_c_39a90d8d__prvStartFirstTask 0x080001b5   Thumb Code    28  port.o(.emb_text)
    xPortPendSVHandler                       0x080001d5   Thumb Code    72  port.o(.emb_text)
    vPortGetIPSR                             0x08000221   Thumb Code     6  port.o(.emb_text)
    Reset_Handler                            0x08000229   Thumb Code     4  stm32f10x.o(.text)
    NMI_Handler                              0x0800022d   Thumb Code     2  stm32f10x.o(.text)
    HardFault_Handler                        0x0800022f   Thumb Code     2  stm32f10x.o(.text)
    MemManage_Handler                        0x08000231   Thumb Code     2  stm32f10x.o(.text)
    BusFault_Handler                         0x08000233   Thumb Code     2  stm32f10x.o(.text)
    UsageFault_Handler                       0x08000235   Thumb Code     2  stm32f10x.o(.text)
    SVC_Handler                              0x08000237   Thumb Code     2  stm32f10x.o(.text)
    DebugMon_Handler                         0x08000239   Thumb Code     2  stm32f10x.o(.text)
    PendSV_Handler                           0x0800023b   Thumb Code     2  stm32f10x.o(.text)
    SysTick_Handler                          0x0800023d   Thumb Code     2  stm32f10x.o(.text)
    ADC_IRQHandler                           0x0800023f   Thumb Code     0  stm32f10x.o(.text)
    CAN_RX1_IRQHandler                       0x0800023f   Thumb Code     0  stm32f10x.o(.text)
    CAN_SCE_IRQHandler                       0x0800023f   Thumb Code     0  stm32f10x.o(.text)
    DMAChannel1_IRQHandler                   0x0800023f   Thumb Code     0  stm32f10x.o(.text)
    DMAChannel2_IRQHandler                   0x0800023f   Thumb Code     0  stm32f10x.o(.text)
    DMAChannel3_IRQHandler                   0x0800023f   Thumb Code     0  stm32f10x.o(.text)
    DMAChannel4_IRQHandler                   0x0800023f   Thumb Code     0  stm32f10x.o(.text)
    DMAChannel5_IRQHandler                   0x0800023f   Thumb Code     0  stm32f10x.o(.text)
    DMAChannel6_IRQHandler                   0x0800023f   Thumb Code     0  stm32f10x.o(.text)
    DMAChannel7_IRQHandler                   0x0800023f   Thumb Code     0  stm32f10x.o(.text)
    EXTI0_IRQHandler                         0x0800023f   Thumb Code     0  stm32f10x.o(.text)
    EXTI15_10_IRQHandler                     0x0800023f   Thumb Code     0  stm32f10x.o(.text)
    EXTI1_IRQHandler                         0x0800023f   Thumb Code     0  stm32f10x.o(.text)
    EXTI2_IRQHandler                         0x0800023f   Thumb Code     0  stm32f10x.o(.text)
    EXTI3_IRQHandler                         0x0800023f   Thumb Code     0  stm32f10x.o(.text)
    EXTI4_IRQHandler                         0x0800023f   Thumb Code     0  stm32f10x.o(.text)
    EXTI9_5_IRQHandler                       0x0800023f   Thumb Code     0  stm32f10x.o(.text)
    FLASH_IRQHandler                         0x0800023f   Thumb Code     0  stm32f10x.o(.text)
    I2C1_ER_IRQHandler                       0x0800023f   Thumb Code     0  stm32f10x.o(.text)
    I2C1_EV_IRQHandler                       0x0800023f   Thumb Code     0  stm32f10x.o(.text)
    I2C2_ER_IRQHandler                       0x0800023f   Thumb Code     0  stm32f10x.o(.text)
    I2C2_EV_IRQHandler                       0x0800023f   Thumb Code     0  stm32f10x.o(.text)
    PVD_IRQHandler                           0x0800023f   Thumb Code     0  stm32f10x.o(.text)
    RCC_IRQHandler                           0x0800023f   Thumb Code     0  stm32f10x.o(.text)
    RTCAlarm_IRQHandler                      0x0800023f   Thumb Code     0  stm32f10x.o(.text)
    RTC_IRQHandler                           0x0800023f   Thumb Code     0  stm32f10x.o(.text)
    SPI1_IRQHandler                          0x0800023f   Thumb Code     0  stm32f10x.o(.text)
    SPI2_IRQHandler                          0x0800023f   Thumb Code     0  stm32f10x.o(.text)
    TAMPER_IRQHandler                        0x0800023f   Thumb Code     0  stm32f10x.o(.text)
    TIM1_BRK_IRQHandler                      0x0800023f   Thumb Code     0  stm32f10x.o(.text)
    TIM1_CC_IRQHandler                       0x0800023f   Thumb Code     0  stm32f10x.o(.text)
    TIM1_TRG_COM_IRQHandler                  0x0800023f   Thumb Code     0  stm32f10x.o(.text)
    TIM1_UP_IRQHandler                       0x0800023f   Thumb Code     0  stm32f10x.o(.text)
    TIM2_IRQHandler                          0x0800023f   Thumb Code     0  stm32f10x.o(.text)
    TIM3_IRQHandler                          0x0800023f   Thumb Code     0  stm32f10x.o(.text)
    TIM4_IRQHandler                          0x0800023f   Thumb Code     0  stm32f10x.o(.text)
    USART1_IRQHandler                        0x0800023f   Thumb Code     0  stm32f10x.o(.text)
    USART3_IRQHandler                        0x0800023f   Thumb Code     0  stm32f10x.o(.text)
    USBWakeUp_IRQHandler                     0x0800023f   Thumb Code     0  stm32f10x.o(.text)
    USB_HP_CAN_TX_IRQHandler                 0x0800023f   Thumb Code     0  stm32f10x.o(.text)
    USB_LP_CAN_RX0_IRQHandler                0x0800023f   Thumb Code     0  stm32f10x.o(.text)
    WWDG_IRQHandler                          0x0800023f   Thumb Code     0  stm32f10x.o(.text)
    __user_initial_stackheap                 0x08000241   Thumb Code     0  stm32f10x.o(.text)
    __WFI                                    0x0800025d   Thumb Code     0  cortexm3_macro_rvds.o(.text)
    __WFE                                    0x08000261   Thumb Code     0  cortexm3_macro_rvds.o(.text)
    __SEV                                    0x08000265   Thumb Code     0  cortexm3_macro_rvds.o(.text)
    __ISB                                    0x08000269   Thumb Code     0  cortexm3_macro_rvds.o(.text)
    __DSB                                    0x0800026f   Thumb Code     0  cortexm3_macro_rvds.o(.text)
    __DMB                                    0x08000275   Thumb Code     0  cortexm3_macro_rvds.o(.text)
    __SVC                                    0x0800027b   Thumb Code     0  cortexm3_macro_rvds.o(.text)
    __MRS_CONTROL                            0x0800027f   Thumb Code     0  cortexm3_macro_rvds.o(.text)
    __MSR_CONTROL                            0x08000285   Thumb Code     0  cortexm3_macro_rvds.o(.text)
    __MRS_PSP                                0x0800028f   Thumb Code     0  cortexm3_macro_rvds.o(.text)
    __MSR_PSP                                0x08000295   Thumb Code     0  cortexm3_macro_rvds.o(.text)
    __MRS_MSP                                0x0800029b   Thumb Code     0  cortexm3_macro_rvds.o(.text)
    __MSR_MSP                                0x080002a1   Thumb Code     0  cortexm3_macro_rvds.o(.text)
    __SETPRIMASK                             0x080002a7   Thumb Code     0  cortexm3_macro_rvds.o(.text)
    __RESETPRIMASK                           0x080002ab   Thumb Code     0  cortexm3_macro_rvds.o(.text)
    __SETFAULTMASK                           0x080002af   Thumb Code     0  cortexm3_macro_rvds.o(.text)
    __RESETFAULTMASK                         0x080002b3   Thumb Code     0  cortexm3_macro_rvds.o(.text)
    __BASEPRICONFIG                          0x080002b7   Thumb Code     0  cortexm3_macro_rvds.o(.text)
    __GetBASEPRI                             0x080002bd   Thumb Code     0  cortexm3_macro_rvds.o(.text)
    __REV_HalfWord                           0x080002c3   Thumb Code     0  cortexm3_macro_rvds.o(.text)
    __REV_Word                               0x080002c7   Thumb Code     0  cortexm3_macro_rvds.o(.text)
    USART_DeInit                             0x080002cd   Thumb Code    72  stm32f10x_usart.o(.text)
    USART_Init                               0x08000315   Thumb Code   150  stm32f10x_usart.o(.text)
    USART_StructInit                         0x080003ab   Thumb Code    30  stm32f10x_usart.o(.text)
    USART_Cmd                                0x080003c9   Thumb Code    20  stm32f10x_usart.o(.text)
    USART_ITConfig                           0x080003dd   Thumb Code    48  stm32f10x_usart.o(.text)
    USART_DMACmd                             0x0800040d   Thumb Code    16  stm32f10x_usart.o(.text)
    USART_SetAddress                         0x0800041d   Thumb Code    16  stm32f10x_usart.o(.text)
    USART_WakeUpConfig                       0x0800042d   Thumb Code    16  stm32f10x_usart.o(.text)
    USART_ReceiverWakeUpCmd                  0x0800043d   Thumb Code    20  stm32f10x_usart.o(.text)
    USART_LINBreakDetectLengthConfig         0x08000451   Thumb Code    16  stm32f10x_usart.o(.text)
    USART_LINCmd                             0x08000461   Thumb Code    20  stm32f10x_usart.o(.text)
    USART_SendData                           0x08000475   Thumb Code     8  stm32f10x_usart.o(.text)
    USART_ReceiveData                        0x0800047d   Thumb Code     8  stm32f10x_usart.o(.text)
    USART_SendBreak                          0x08000485   Thumb Code    10  stm32f10x_usart.o(.text)
    USART_SetGuardTime                       0x0800048f   Thumb Code    16  stm32f10x_usart.o(.text)
    USART_SetPrescaler                       0x0800049f   Thumb Code    16  stm32f10x_usart.o(.text)
    USART_SmartCardCmd                       0x080004af   Thumb Code    20  stm32f10x_usart.o(.text)
    USART_SmartCardNACKCmd                   0x080004c3   Thumb Code    20  stm32f10x_usart.o(.text)
    USART_HalfDuplexCmd                      0x080004d7   Thumb Code    20  stm32f10x_usart.o(.text)
    USART_IrDAConfig                         0x080004eb   Thumb Code    16  stm32f10x_usart.o(.text)
    USART_IrDACmd                            0x080004fb   Thumb Code    20  stm32f10x_usart.o(.text)
    USART_GetFlagStatus                      0x0800050f   Thumb Code    14  stm32f10x_usart.o(.text)
    USART_ClearFlag                          0x0800051d   Thumb Code     8  stm32f10x_usart.o(.text)
    USART_GetITStatus                        0x08000525   Thumb Code    62  stm32f10x_usart.o(.text)
    USART_ClearITPendingBit                  0x08000563   Thumb Code    14  stm32f10x_usart.o(.text)
    GPIO_DeInit                              0x08000579   Thumb Code   112  stm32f10x_gpio.o(.text)
    GPIO_AFIODeInit                          0x080005e9   Thumb Code    22  stm32f10x_gpio.o(.text)
    GPIO_Init                                0x080005ff   Thumb Code   162  stm32f10x_gpio.o(.text)
    GPIO_StructInit                          0x080006a1   Thumb Code    16  stm32f10x_gpio.o(.text)
    GPIO_ReadInputDataBit                    0x080006b1   Thumb Code    14  stm32f10x_gpio.o(.text)
    GPIO_ReadInputData                       0x080006bf   Thumb Code     6  stm32f10x_gpio.o(.text)
    GPIO_ReadOutputDataBit                   0x080006c5   Thumb Code    14  stm32f10x_gpio.o(.text)
    GPIO_ReadOutputData                      0x080006d3   Thumb Code     6  stm32f10x_gpio.o(.text)
    GPIO_WriteBit                            0x080006d9   Thumb Code    10  stm32f10x_gpio.o(.text)
    GPIO_Write                               0x080006e3   Thumb Code     4  stm32f10x_gpio.o(.text)
    GPIO_PinLockConfig                       0x080006e7   Thumb Code    16  stm32f10x_gpio.o(.text)
    GPIO_EventOutputConfig                   0x080006f7   Thumb Code    22  stm32f10x_gpio.o(.text)
    GPIO_EventOutputCmd                      0x0800070d   Thumb Code     6  stm32f10x_gpio.o(.text)
    GPIO_PinRemapConfig                      0x08000713   Thumb Code    54  stm32f10x_gpio.o(.text)
    GPIO_EXTILineConfig                      0x08000749   Thumb Code    34  stm32f10x_gpio.o(.text)
    NVIC_DeInit                              0x0800077d   Thumb Code    46  stm32f10x_nvic.o(.text)
    NVIC_SCBDeInit                           0x080007ab   Thumb Code    72  stm32f10x_nvic.o(.text)
    NVIC_PriorityGroupConfig                 0x080007f3   Thumb Code    12  stm32f10x_nvic.o(.text)
    NVIC_Init                                0x080007ff   Thumb Code   120  stm32f10x_nvic.o(.text)
    NVIC_StructInit                          0x08000877   Thumb Code    12  stm32f10x_nvic.o(.text)
    NVIC_SETPRIMASK                          0x08000883   Thumb Code     4  stm32f10x_nvic.o(.text)
    NVIC_RESETPRIMASK                        0x08000887   Thumb Code     4  stm32f10x_nvic.o(.text)
    NVIC_SETFAULTMASK                        0x0800088b   Thumb Code     4  stm32f10x_nvic.o(.text)
    NVIC_RESETFAULTMASK                      0x0800088f   Thumb Code     4  stm32f10x_nvic.o(.text)
    NVIC_BASEPRICONFIG                       0x08000893   Thumb Code     6  stm32f10x_nvic.o(.text)
    NVIC_GetBASEPRI                          0x08000899   Thumb Code     4  stm32f10x_nvic.o(.text)
    NVIC_GetCurrentPendingIRQChannel         0x0800089d   Thumb Code    10  stm32f10x_nvic.o(.text)
    NVIC_GetIRQChannelPendingBitStatus       0x080008a7   Thumb Code    32  stm32f10x_nvic.o(.text)
    NVIC_SetIRQChannelPendingBit             0x080008c7   Thumb Code     6  stm32f10x_nvic.o(.text)
    NVIC_ClearIRQChannelPendingBit           0x080008cd   Thumb Code    22  stm32f10x_nvic.o(.text)
    NVIC_GetCurrentActiveHandler             0x080008e3   Thumb Code    10  stm32f10x_nvic.o(.text)
    NVIC_GetIRQChannelActiveBitStatus        0x080008ed   Thumb Code    32  stm32f10x_nvic.o(.text)
    NVIC_GetCPUID                            0x0800090d   Thumb Code     8  stm32f10x_nvic.o(.text)
    NVIC_SetVectorTable                      0x08000915   Thumb Code    22  stm32f10x_nvic.o(.text)
    NVIC_GenerateSystemReset                 0x0800092b   Thumb Code    12  stm32f10x_nvic.o(.text)
    NVIC_GenerateCoreReset                   0x08000937   Thumb Code    12  stm32f10x_nvic.o(.text)
    NVIC_SystemLPConfig                      0x08000943   Thumb Code    20  stm32f10x_nvic.o(.text)
    NVIC_SystemHandlerConfig                 0x08000957   Thumb Code    28  stm32f10x_nvic.o(.text)
    NVIC_SystemHandlerPriorityConfig         0x08000973   Thumb Code    76  stm32f10x_nvic.o(.text)
    NVIC_GetSystemHandlerPendingBitStatus    0x080009bf   Thumb Code    28  stm32f10x_nvic.o(.text)
    NVIC_SetSystemHandlerPendingBit          0x080009db   Thumb Code    18  stm32f10x_nvic.o(.text)
    NVIC_ClearSystemHandlerPendingBit        0x080009ed   Thumb Code    20  stm32f10x_nvic.o(.text)
    NVIC_GetSystemHandlerActiveBitStatus     0x08000a01   Thumb Code    28  stm32f10x_nvic.o(.text)
    NVIC_GetFaultHandlerSources              0x08000a1d   Thumb Code    52  stm32f10x_nvic.o(.text)
    NVIC_GetFaultAddress                     0x08000a51   Thumb Code    20  stm32f10x_nvic.o(.text)
    RCC_DeInit                               0x08000a71   Thumb Code    60  stm32f10x_rcc.o(.text)
    RCC_HSEConfig                            0x08000aad   Thumb Code    48  stm32f10x_rcc.o(.text)
    RCC_AdjustHSICalibrationValue            0x08000add   Thumb Code    16  stm32f10x_rcc.o(.text)
    RCC_HSICmd                               0x08000aed   Thumb Code     6  stm32f10x_rcc.o(.text)
    RCC_PLLConfig                            0x08000af3   Thumb Code    16  stm32f10x_rcc.o(.text)
    RCC_PLLCmd                               0x08000b03   Thumb Code     6  stm32f10x_rcc.o(.text)
    RCC_SYSCLKConfig                         0x08000b09   Thumb Code    14  stm32f10x_rcc.o(.text)
    RCC_GetSYSCLKSource                      0x08000b17   Thumb Code    10  stm32f10x_rcc.o(.text)
    RCC_HCLKConfig                           0x08000b21   Thumb Code    14  stm32f10x_rcc.o(.text)
    RCC_PCLK1Config                          0x08000b2f   Thumb Code    14  stm32f10x_rcc.o(.text)
    RCC_PCLK2Config                          0x08000b3d   Thumb Code    16  stm32f10x_rcc.o(.text)
    RCC_ITConfig                             0x08000b4d   Thumb Code    18  stm32f10x_rcc.o(.text)
    RCC_USBCLKConfig                         0x08000b5f   Thumb Code     8  stm32f10x_rcc.o(.text)
    RCC_ADCCLKConfig                         0x08000b67   Thumb Code    14  stm32f10x_rcc.o(.text)
    RCC_LSEConfig                            0x08000b75   Thumb Code    28  stm32f10x_rcc.o(.text)
    RCC_LSICmd                               0x08000b91   Thumb Code     6  stm32f10x_rcc.o(.text)
    RCC_RTCCLKConfig                         0x08000b97   Thumb Code    10  stm32f10x_rcc.o(.text)
    RCC_RTCCLKCmd                            0x08000ba1   Thumb Code     8  stm32f10x_rcc.o(.text)
    RCC_GetClocksFreq                        0x08000ba9   Thumb Code   126  stm32f10x_rcc.o(.text)
    RCC_AHBPeriphClockCmd                    0x08000c27   Thumb Code    18  stm32f10x_rcc.o(.text)
    RCC_APB2PeriphClockCmd                   0x08000c39   Thumb Code    18  stm32f10x_rcc.o(.text)
    RCC_APB1PeriphClockCmd                   0x08000c4b   Thumb Code    18  stm32f10x_rcc.o(.text)
    RCC_APB2PeriphResetCmd                   0x08000c5d   Thumb Code    18  stm32f10x_rcc.o(.text)
    RCC_APB1PeriphResetCmd                   0x08000c6f   Thumb Code    18  stm32f10x_rcc.o(.text)
    RCC_BackupResetCmd                       0x08000c81   Thumb Code     8  stm32f10x_rcc.o(.text)
    RCC_ClockSecuritySystemCmd               0x08000c89   Thumb Code     6  stm32f10x_rcc.o(.text)
    RCC_MCOConfig                            0x08000c8f   Thumb Code     6  stm32f10x_rcc.o(.text)
    RCC_GetFlagStatus                        0x08000c95   Thumb Code    44  stm32f10x_rcc.o(.text)
    RCC_ClearFlag                            0x08000cc1   Thumb Code    12  stm32f10x_rcc.o(.text)
    RCC_GetITStatus                          0x08000ccd   Thumb Code    16  stm32f10x_rcc.o(.text)
    RCC_ClearITPendingBit                    0x08000cdd   Thumb Code     6  stm32f10x_rcc.o(.text)
    SysTick_CLKSourceConfig                  0x08000d05   Thumb Code    24  stm32f10x_systick.o(.text)
    SysTick_SetReload                        0x08000d1d   Thumb Code     8  stm32f10x_systick.o(.text)
    SysTick_CounterCmd                       0x08000d25   Thumb Code    32  stm32f10x_systick.o(.text)
    SysTick_ITConfig                         0x08000d45   Thumb Code    24  stm32f10x_systick.o(.text)
    SysTick_GetCounter                       0x08000d5d   Thumb Code     8  stm32f10x_systick.o(.text)
    SysTick_GetFlagStatus                    0x08000d65   Thumb Code    36  stm32f10x_systick.o(.text)
    TIM_DeInit                               0x08000d89   Thumb Code    70  stm32f10x_tim.o(.text)
    TIM_TimeBaseInit                         0x08000dcf   Thumb Code    30  stm32f10x_tim.o(.text)
    TIM_OCInit                               0x08000ded   Thumb Code   180  stm32f10x_tim.o(.text)
    TIM_SetIC1Prescaler                      0x08000ea1   Thumb Code    14  stm32f10x_tim.o(.text)
    TIM_SetIC2Prescaler                      0x08000edf   Thumb Code    22  stm32f10x_tim.o(.text)
    TIM_SetIC4Prescaler                      0x08000f2f   Thumb Code    22  stm32f10x_tim.o(.text)
    TIM_SetIC3Prescaler                      0x08000f45   Thumb Code    14  stm32f10x_tim.o(.text)
    TIM_ICInit                               0x08000f53   Thumb Code   206  stm32f10x_tim.o(.text)
    TIM_TimeBaseStructInit                   0x08001021   Thumb Code    12  stm32f10x_tim.o(.text)
    TIM_OCStructInit                         0x0800102d   Thumb Code    12  stm32f10x_tim.o(.text)
    TIM_ICStructInit                         0x08001039   Thumb Code    20  stm32f10x_tim.o(.text)
    TIM_Cmd                                  0x0800104d   Thumb Code    22  stm32f10x_tim.o(.text)
    TIM_ITConfig                             0x08001063   Thumb Code    16  stm32f10x_tim.o(.text)
    TIM_DMAConfig                            0x08001073   Thumb Code    10  stm32f10x_tim.o(.text)
    TIM_DMACmd                               0x0800107d   Thumb Code    14  stm32f10x_tim.o(.text)
    TIM_InternalClockConfig                  0x0800108b   Thumb Code    10  stm32f10x_tim.o(.text)
    TIM_SelectInputTrigger                   0x08001095   Thumb Code    14  stm32f10x_tim.o(.text)
    TIM_ITRxExternalClockConfig              0x080010a3   Thumb Code    18  stm32f10x_tim.o(.text)
    TIM_TIxExternalClockConfig               0x080010b5   Thumb Code    46  stm32f10x_tim.o(.text)
    TIM_ETRClockMode1Config                  0x080010e3   Thumb Code    42  stm32f10x_tim.o(.text)
    TIM_ETRClockMode2Config                  0x0800110d   Thumb Code    18  stm32f10x_tim.o(.text)
    TIM_PrescalerConfig                      0x0800111f   Thumb Code    22  stm32f10x_tim.o(.text)
    TIM_CounterModeConfig                    0x08001135   Thumb Code    14  stm32f10x_tim.o(.text)
    TIM_ForcedOC1Config                      0x08001143   Thumb Code    14  stm32f10x_tim.o(.text)
    TIM_ForcedOC2Config                      0x08001151   Thumb Code    22  stm32f10x_tim.o(.text)
    TIM_ForcedOC3Config                      0x08001167   Thumb Code    22  stm32f10x_tim.o(.text)
    TIM_ForcedOC4Config                      0x0800117d   Thumb Code    22  stm32f10x_tim.o(.text)
    TIM_ARRPreloadConfig                     0x08001193   Thumb Code    20  stm32f10x_tim.o(.text)
    TIM_SelectCCDMA                          0x080011a7   Thumb Code    18  stm32f10x_tim.o(.text)
    TIM_OC1PreloadConfig                     0x080011b9   Thumb Code    14  stm32f10x_tim.o(.text)
    TIM_OC2PreloadConfig                     0x080011c7   Thumb Code    22  stm32f10x_tim.o(.text)
    TIM_OC3PreloadConfig                     0x080011dd   Thumb Code    14  stm32f10x_tim.o(.text)
    TIM_OC4PreloadConfig                     0x080011eb   Thumb Code    22  stm32f10x_tim.o(.text)
    TIM_OC1FastConfig                        0x08001201   Thumb Code    14  stm32f10x_tim.o(.text)
    TIM_OC2FastConfig                        0x0800120f   Thumb Code    22  stm32f10x_tim.o(.text)
    TIM_OC3FastConfig                        0x08001225   Thumb Code    14  stm32f10x_tim.o(.text)
    TIM_OC4FastConfig                        0x08001233   Thumb Code    22  stm32f10x_tim.o(.text)
    TIM_UpdateDisableConfig                  0x08001249   Thumb Code    20  stm32f10x_tim.o(.text)
    TIM_EncoderInterfaceConfig               0x0800125d   Thumb Code    54  stm32f10x_tim.o(.text)
    TIM_GenerateEvent                        0x08001293   Thumb Code     8  stm32f10x_tim.o(.text)
    TIM_OC1PolarityConfig                    0x0800129b   Thumb Code    14  stm32f10x_tim.o(.text)
    TIM_OC2PolarityConfig                    0x080012a9   Thumb Code    22  stm32f10x_tim.o(.text)
    TIM_OC3PolarityConfig                    0x080012bf   Thumb Code    22  stm32f10x_tim.o(.text)
    TIM_OC4PolarityConfig                    0x080012d5   Thumb Code    22  stm32f10x_tim.o(.text)
    TIM_UpdateRequestConfig                  0x080012eb   Thumb Code    22  stm32f10x_tim.o(.text)
    TIM_SelectHallSensor                     0x08001301   Thumb Code    20  stm32f10x_tim.o(.text)
    TIM_SelectOnePulseMode                   0x08001315   Thumb Code    14  stm32f10x_tim.o(.text)
    TIM_SelectOutputTrigger                  0x08001323   Thumb Code    12  stm32f10x_tim.o(.text)
    TIM_SelectSlaveMode                      0x0800132f   Thumb Code    14  stm32f10x_tim.o(.text)
    TIM_SelectMasterSlaveMode                0x0800133d   Thumb Code    14  stm32f10x_tim.o(.text)
    TIM_SetAutoreload                        0x0800134b   Thumb Code     4  stm32f10x_tim.o(.text)
    TIM_SetCompare1                          0x0800134f   Thumb Code     4  stm32f10x_tim.o(.text)
    TIM_SetCompare2                          0x08001353   Thumb Code     4  stm32f10x_tim.o(.text)
    TIM_SetCompare3                          0x08001357   Thumb Code     4  stm32f10x_tim.o(.text)
    TIM_SetCompare4                          0x0800135b   Thumb Code     6  stm32f10x_tim.o(.text)
    TIM_SetClockDivision                     0x08001361   Thumb Code    10  stm32f10x_tim.o(.text)
    TIM_GetCapture1                          0x0800136b   Thumb Code     4  stm32f10x_tim.o(.text)
    TIM_GetCapture2                          0x0800136f   Thumb Code     4  stm32f10x_tim.o(.text)
    TIM_GetCapture3                          0x08001373   Thumb Code     4  stm32f10x_tim.o(.text)
    TIM_GetCapture4                          0x08001377   Thumb Code     6  stm32f10x_tim.o(.text)
    TIM_GetCounter                           0x0800137d   Thumb Code     4  stm32f10x_tim.o(.text)
    TIM_GetPrescaler                         0x08001381   Thumb Code     4  stm32f10x_tim.o(.text)
    TIM_GetFlagStatus                        0x08001385   Thumb Code    14  stm32f10x_tim.o(.text)
    TIM_ClearFlag                            0x08001393   Thumb Code     8  stm32f10x_tim.o(.text)
    TIM_GetITStatus                          0x0800139b   Thumb Code    24  stm32f10x_tim.o(.text)
    TIM_ClearITPendingBit                    0x080013b3   Thumb Code     8  stm32f10x_tim.o(.text)
    _sys_exit                                0x08001439   Thumb Code     2  printf_to_serial.o(.text)
    fputc                                    0x0800143b   Thumb Code    20  printf_to_serial.o(.text)
    main                                     0x08001455   Thumb Code    54  main.o(.text)
    LedInit                                  0x08001529   Thumb Code    52  beecom_test_wifi.o(.text)
    Usart1Init                               0x0800155d   Thumb Code   174  beecom_test_wifi.o(.text)
    Usart2Init                               0x0800160b   Thumb Code   156  beecom_test_wifi.o(.text)
    USART2_IRQHandler                        0x080016a7   Thumb Code    36  beecom_test_wifi.o(.text)
    vUARTInterruptHandler                    0x080016cb   Thumb Code    28  beecom_test_wifi.o(.text)
    uputs                                    0x080016e7   Thumb Code    38  beecom_test_wifi.o(.text)
    vLedTask                                 0x0800170d   Thumb Code    74  beecom_test_wifi.o(.text)
    vSetupTimerTest                          0x08001795   Thumb Code   158  timertest.o(.text)
    vTimer2IntHandler                        0x08001833   Thumb Code    50  timertest.o(.text)
    xTaskCreate                              0x0800192f   Thumb Code    86  tasks.o(.text)
    vTaskDelete                              0x08001985   Thumb Code   138  tasks.o(.text)
    xTaskIncrementTick                       0x08001a0f   Thumb Code   168  tasks.o(.text)
    xTaskResumeAll                           0x08001ab7   Thumb Code   168  tasks.o(.text)
    vTaskSuspendAll                          0x08001bc5   Thumb Code    10  tasks.o(.text)
    vTaskDelayUntil                          0x08001bcf   Thumb Code    76  tasks.o(.text)
    vTaskDelay                               0x08001c1b   Thumb Code    44  tasks.o(.text)
    uxTaskPriorityGet                        0x08001c47   Thumb Code    38  tasks.o(.text)
    uxTaskPriorityGetFromISR                 0x08001c6d   Thumb Code    32  tasks.o(.text)
    vTaskPrioritySet                         0x08001c8d   Thumb Code   160  tasks.o(.text)
    vTaskSwitchContext                       0x08001d2d   Thumb Code    60  tasks.o(.text)
    vTaskSuspend                             0x08001d69   Thumb Code   140  tasks.o(.text)
    vTaskResume                              0x08001df5   Thumb Code    96  tasks.o(.text)
    xTaskResumeFromISR                       0x08001e55   Thumb Code   104  tasks.o(.text)
    vTaskStartScheduler                      0x08001edb   Thumb Code    66  tasks.o(.text)
    vTaskEndScheduler                        0x08001f1d   Thumb Code    24  tasks.o(.text)
    xTaskGetTickCount                        0x08001f35   Thumb Code     6  tasks.o(.text)
    xTaskGetTickCountFromISR                 0x08001f3b   Thumb Code     6  tasks.o(.text)
    uxTaskGetNumberOfTasks                   0x08001f41   Thumb Code     6  tasks.o(.text)
    pcTaskGetName                            0x08001f47   Thumb Code    10  tasks.o(.text)
    vTaskPlaceOnEventList                    0x08001f51   Thumb Code    24  tasks.o(.text)
    vTaskPlaceOnUnorderedEventList           0x08001f69   Thumb Code    36  tasks.o(.text)
    xTaskRemoveFromEventList                 0x08001f8d   Thumb Code    88  tasks.o(.text)
    xTaskRemoveFromUnorderedEventList        0x08001fe5   Thumb Code    72  tasks.o(.text)
    vTaskSetTimeOutState                     0x0800202d   Thumb Code    12  tasks.o(.text)
    xTaskCheckForTimeOut                     0x08002039   Thumb Code    90  tasks.o(.text)
    vTaskMissedYield                         0x08002093   Thumb Code     8  tasks.o(.text)
    uxTaskResetEventItemValue                0x0800209b   Thumb Code    20  tasks.o(.text)
    ulTaskNotifyTake                         0x080020af   Thumb Code    96  tasks.o(.text)
    xTaskNotifyWait                          0x0800210f   Thumb Code   128  tasks.o(.text)
    xTaskGenericNotify                       0x0800218f   Thumb Code   150  tasks.o(.text)
    xTaskGenericNotifyFromISR                0x08002225   Thumb Code   180  tasks.o(.text)
    vTaskNotifyGiveFromISR                   0x080022d9   Thumb Code   130  tasks.o(.text)
    xTaskNotifyStateClear                    0x0800235b   Thumb Code    46  tasks.o(.text)
    vListInitialise                          0x0800249f   Thumb Code    22  list.o(.text)
    vListInitialiseItem                      0x080024b5   Thumb Code     6  list.o(.text)
    vListInsertEnd                           0x080024bb   Thumb Code    24  list.o(.text)
    vListInsert                              0x080024d3   Thumb Code    48  list.o(.text)
    uxListRemove                             0x08002503   Thumb Code    36  list.o(.text)
    pxPortInitialiseStack                    0x08002539   Thumb Code    32  port.o(.text)
    vPortSetupTimerInterrupt                 0x08002559   Thumb Code    14  port.o(.text)
    xPortStartScheduler                      0x08002567   Thumb Code    38  port.o(.text)
    vPortEndScheduler                        0x0800258d   Thumb Code     2  port.o(.text)
    vPortEnterCritical                       0x0800258f   Thumb Code    24  port.o(.text)
    vPortExitCritical                        0x080025a7   Thumb Code    16  port.o(.text)
    xPortSysTickHandler                      0x080025b7   Thumb Code    40  port.o(.text)
    pvPortMalloc                             0x080025f1   Thumb Code   172  heap_2.o(.text)
    vPortFree                                0x0800269d   Thumb Code    56  heap_2.o(.text)
    xPortGetFreeHeapSize                     0x080026d5   Thumb Code     6  heap_2.o(.text)
    vPortInitialiseBlocks                    0x080026db   Thumb Code     2  heap_2.o(.text)
    __use_no_semihosting                     0x080026e5   Thumb Code     2  use_no_semi_2.o(.text)
    __2printf                                0x080026e9   Thumb Code    20  noretval__2printf.o(.text)
    __2sprintf                               0x08002701   Thumb Code    34  noretval__2sprintf.o(.text)
    __printf                                 0x08002729   Thumb Code   104  __printf.o(.text)
    _printf_str                              0x08002791   Thumb Code    82  _printf_str.o(.text)
    __use_two_region_memory                  0x080027e3   Thumb Code     2  heapauxi.o(.text)
    __rt_heap_escrow$2region                 0x080027e5   Thumb Code     2  heapauxi.o(.text)
    __rt_heap_expand$2region                 0x080027e7   Thumb Code     2  heapauxi.o(.text)
    __I$use$semihosting                      0x080027e9   Thumb Code     0  use_no_semi.o(.text)
    __use_no_semihosting_swi                 0x080027e9   Thumb Code     2  use_no_semi.o(.text)
    _printf_char_common                      0x080027f7   Thumb Code    32  _printf_char_common.o(.text)
    _sputc                                   0x0800281d   Thumb Code    10  _sputc.o(.text)
    _printf_cs_common                        0x08002827   Thumb Code    20  _printf_char.o(.text)
    _printf_char                             0x0800283b   Thumb Code    16  _printf_char.o(.text)
    _printf_string                           0x0800284b   Thumb Code     8  _printf_char.o(.text)
    _printf_char_file                        0x08002855   Thumb Code    32  _printf_char_file.o(.text)
    ferror                                   0x08002879   Thumb Code     8  ferror.o(.text)
    __user_setup_stackheap                   0x08002881   Thumb Code    74  sys_stackheap_outer.o(.text)
    exit                                     0x080028cb   Thumb Code    12  exit.o(.text)
    __user_libspace                          0x080028d9   Thumb Code     8  libspace.o(.text)
    __user_perproc_libspace                  0x080028d9   Thumb Code     0  libspace.o(.text)
    __user_perthread_libspace                0x080028d9   Thumb Code     0  libspace.o(.text)
    Region$$Table$$Base                      0x08002904   Number         0  anon$$obj.o(Region$$Table)
    Region$$Table$$Limit                     0x08002924   Number         0  anon$$obj.o(Region$$Table)
    __stdout                                 0x20000000   Data           4  printf_to_serial.o(.data)
    xxx                                      0x20000004   Data           1  beecom_test_wifi.o(.data)
    usMaxJitter                              0x20000006   Data           2  timertest.o(.data)
    pxCurrentTCB                             0x20000010   Data           4  tasks.o(.data)
    msg                                      0x20000068   Data         256  beecom_test_wifi.o(.bss)
    __libspace_start                         0x20004630   Data          96  libspace.o(.bss)
    __temporary_stack_top$libspace           0x20004690   Data           0  libspace.o(.bss)



==============================================================================

Memory Map of the image

  Image Entry point : 0x080000ed

  Load Region LR_IROM1 (Base: 0x08000000, Size: 0x0000298c, Max: 0x00040000, ABSOLUTE)

    Execution Region ER_IROM1 (Base: 0x08000000, Size: 0x00002924, Max: 0x00040000, ABSOLUTE)

    Base Addr    Size         Type   Attr      Idx    E Section Name        Object

    0x08000000   0x000000ec   Data   RO            3    RESET               stm32f10x.o
    0x080000ec   0x00000008   Code   RO          437  * !!!main             c_w.l(__main.o)
    0x080000f4   0x00000034   Code   RO          606    !!!scatter          c_w.l(__scatter.o)
    0x08000128   0x0000001a   Code   RO          608    !!handler_copy      c_w.l(__scatter_copy.o)
    0x08000142   0x00000002   PAD
    0x08000144   0x0000001c   Code   RO          610    !!handler_zi        c_w.l(__scatter_zi.o)
    0x08000160   0x00000000   Code   RO          432    .ARM.Collect$$_printf_percent$$00000000  c_w.l(_printf_percent.o)
    0x08000160   0x00000006   Code   RO          431    .ARM.Collect$$_printf_percent$$00000013  c_w.l(_printf_c.o)
    0x08000166   0x00000004   Code   RO          450    .ARM.Collect$$_printf_percent$$00000017  c_w.l(_printf_percent_end.o)
    0x0800016a   0x00000002   Code   RO          483    .ARM.Collect$$libinit$$00000000  c_w.l(libinit.o)
    0x0800016c   0x00000000   Code   RO          490    .ARM.Collect$$libinit$$00000002  c_w.l(libinit2.o)
    0x0800016c   0x00000000   Code   RO          493    .ARM.Collect$$libinit$$00000008  c_w.l(libinit2.o)
    0x0800016c   0x00000000   Code   RO          495    .ARM.Collect$$libinit$$0000000A  c_w.l(libinit2.o)
    0x0800016c   0x00000000   Code   RO          497    .ARM.Collect$$libinit$$0000000C  c_w.l(libinit2.o)
    0x0800016c   0x00000000   Code   RO          500    .ARM.Collect$$libinit$$0000000F  c_w.l(libinit2.o)
    0x0800016c   0x00000000   Code   RO          502    .ARM.Collect$$libinit$$00000011  c_w.l(libinit2.o)
    0x0800016c   0x00000000   Code   RO          504    .ARM.Collect$$libinit$$00000013  c_w.l(libinit2.o)
    0x0800016c   0x00000000   Code   RO          506    .ARM.Collect$$libinit$$00000015  c_w.l(libinit2.o)
    0x0800016c   0x00000000   Code   RO          508    .ARM.Collect$$libinit$$00000017  c_w.l(libinit2.o)
    0x0800016c   0x00000000   Code   RO          510    .ARM.Collect$$libinit$$00000019  c_w.l(libinit2.o)
    0x0800016c   0x00000000   Code   RO          512    .ARM.Collect$$libinit$$0000001B  c_w.l(libinit2.o)
    0x0800016c   0x00000000   Code   RO          514    .ARM.Collect$$libinit$$0000001D  c_w.l(libinit2.o)
    0x0800016c   0x00000000   Code   RO          516    .ARM.Collect$$libinit$$0000001F  c_w.l(libinit2.o)
    0x0800016c   0x00000000   Code   RO          518    .ARM.Collect$$libinit$$00000021  c_w.l(libinit2.o)
    0x0800016c   0x00000000   Code   RO          520    .ARM.Collect$$libinit$$00000023  c_w.l(libinit2.o)
    0x0800016c   0x00000000   Code   RO          524    .ARM.Collect$$libinit$$0000002A  c_w.l(libinit2.o)
    0x0800016c   0x00000000   Code   RO          526    .ARM.Collect$$libinit$$0000002C  c_w.l(libinit2.o)
    0x0800016c   0x00000000   Code   RO          528    .ARM.Collect$$libinit$$0000002E  c_w.l(libinit2.o)
    0x0800016c   0x00000000   Code   RO          530    .ARM.Collect$$libinit$$00000030  c_w.l(libinit2.o)
    0x0800016c   0x00000002   Code   RO          531    .ARM.Collect$$libinit$$00000031  c_w.l(libinit2.o)
    0x0800016e   0x00000002   Code   RO          549    .ARM.Collect$$libshutdown$$00000000  c_w.l(libshutdown.o)
    0x08000170   0x00000000   Code   RO          560    .ARM.Collect$$libshutdown$$00000003  c_w.l(libshutdown2.o)
    0x08000170   0x00000000   Code   RO          563    .ARM.Collect$$libshutdown$$00000006  c_w.l(libshutdown2.o)
    0x08000170   0x00000000   Code   RO          566    .ARM.Collect$$libshutdown$$00000009  c_w.l(libshutdown2.o)
    0x08000170   0x00000000   Code   RO          568    .ARM.Collect$$libshutdown$$0000000B  c_w.l(libshutdown2.o)
    0x08000170   0x00000000   Code   RO          571    .ARM.Collect$$libshutdown$$0000000E  c_w.l(libshutdown2.o)
    0x08000170   0x00000002   Code   RO          572    .ARM.Collect$$libshutdown$$0000000F  c_w.l(libshutdown2.o)
    0x08000172   0x00000000   Code   RO          441    .ARM.Collect$$rtentry$$00000000  c_w.l(rtentry.o)
    0x08000172   0x00000000   Code   RO          454    .ARM.Collect$$rtentry$$00000002  c_w.l(rtentry2.o)
    0x08000172   0x00000006   Code   RO          466    .ARM.Collect$$rtentry$$00000004  c_w.l(rtentry4.o)
    0x08000178   0x00000000   Code   RO          456    .ARM.Collect$$rtentry$$00000009  c_w.l(rtentry2.o)
    0x08000178   0x00000004   Code   RO          457    .ARM.Collect$$rtentry$$0000000A  c_w.l(rtentry2.o)
    0x0800017c   0x00000000   Code   RO          459    .ARM.Collect$$rtentry$$0000000C  c_w.l(rtentry2.o)
    0x0800017c   0x00000008   Code   RO          460    .ARM.Collect$$rtentry$$0000000D  c_w.l(rtentry2.o)
    0x08000184   0x00000002   Code   RO          487    .ARM.Collect$$rtexit$$00000000  c_w.l(rtexit.o)
    0x08000186   0x00000000   Code   RO          533    .ARM.Collect$$rtexit$$00000002  c_w.l(rtexit2.o)
    0x08000186   0x00000004   Code   RO          534    .ARM.Collect$$rtexit$$00000003  c_w.l(rtexit2.o)
    0x0800018a   0x00000006   Code   RO          535    .ARM.Collect$$rtexit$$00000004  c_w.l(rtexit2.o)
    0x08000190   0x00000096   Code   RO          349    .emb_text           port.o
    0x08000226   0x00000002   PAD
    0x08000228   0x00000034   Code   RO            4    .text               stm32f10x.o
    0x0800025c   0x0000006e   Code   RO           10    .text               cortexm3_macro_rvds.o
    0x080002ca   0x00000002   PAD
    0x080002cc   0x000002ac   Code   RO           13    .text               stm32f10x_usart.o
    0x08000578   0x00000204   Code   RO           44    .text               stm32f10x_gpio.o
    0x0800077c   0x000002f4   Code   RO           83    .text               stm32f10x_nvic.o
    0x08000a70   0x00000294   Code   RO           95    .text               stm32f10x_rcc.o
    0x08000d04   0x00000084   Code   RO          109    .text               stm32f10x_systick.o
    0x08000d88   0x000006ae   Code   RO          121    .text               stm32f10x_tim.o
    0x08001436   0x00000002   PAD
    0x08001438   0x0000001c   Code   RO          139    .text               printf_to_serial.o
    0x08001454   0x000000d4   Code   RO          161    .text               main.o
    0x08001528   0x0000026c   Code   RO          225    .text               beecom_test_wifi.o
    0x08001794   0x000000d8   Code   RO          245    .text               timertest.o
    0x0800186c   0x00000c32   Code   RO          266    .text               tasks.o
    0x0800249e   0x00000088   Code   RO          313    .text               list.o
    0x08002526   0x00000002   PAD
    0x08002528   0x000000c8   Code   RO          350    .text               port.o
    0x080025f0   0x000000f4   Code   RO          380    .text               heap_2.o
    0x080026e4   0x00000002   Code   RO          397    .text               c_w.l(use_no_semi_2.o)
    0x080026e6   0x00000002   PAD
    0x080026e8   0x00000018   Code   RO          403    .text               c_w.l(noretval__2printf.o)
    0x08002700   0x00000028   Code   RO          405    .text               c_w.l(noretval__2sprintf.o)
    0x08002728   0x00000068   Code   RO          407    .text               c_w.l(__printf.o)
    0x08002790   0x00000052   Code   RO          409    .text               c_w.l(_printf_str.o)
    0x080027e2   0x00000006   Code   RO          435    .text               c_w.l(heapauxi.o)
    0x080027e8   0x00000002   Code   RO          439    .text               c_w.l(use_no_semi.o)
    0x080027ea   0x00000002   PAD
    0x080027ec   0x00000030   Code   RO          442    .text               c_w.l(_printf_char_common.o)
    0x0800281c   0x0000000a   Code   RO          444    .text               c_w.l(_sputc.o)
    0x08002826   0x0000002c   Code   RO          446    .text               c_w.l(_printf_char.o)
    0x08002852   0x00000002   PAD
    0x08002854   0x00000024   Code   RO          448    .text               c_w.l(_printf_char_file.o)
    0x08002878   0x00000008   Code   RO          470    .text               c_w.l(ferror.o)
    0x08002880   0x0000004a   Code   RO          474    .text               c_w.l(sys_stackheap_outer.o)
    0x080028ca   0x0000000c   Code   RO          476    .text               c_w.l(exit.o)
    0x080028d6   0x00000002   PAD
    0x080028d8   0x00000008   Code   RO          484    .text               c_w.l(libspace.o)
    0x080028e0   0x00000014   Data   RO           96    .constdata          stm32f10x_rcc.o
    0x080028f4   0x00000010   Data   RO          122    .constdata          stm32f10x_tim.o
    0x08002904   0x00000020   Data   RO          604    Region$$Table       anon$$obj.o


    Execution Region RW_IRAM1 (Base: 0x20000000, Size: 0x00004890, Max: 0x0000c000, ABSOLUTE)

    Base Addr    Size         Type   Attr      Idx    E Section Name        Object

    0x20000000   0x00000004   Data   RW          140    .data               printf_to_serial.o
    0x20000004   0x00000001   Data   RW          227    .data               beecom_test_wifi.o
    0x20000005   0x00000001   PAD
    0x20000006   0x00000008   Data   RW          246    .data               timertest.o
    0x2000000e   0x00000002   PAD
    0x20000010   0x0000003c   Data   RW          268    .data               tasks.o
    0x2000004c   0x00000004   Data   RW          351    .data               port.o
    0x20000050   0x00000018   Data   RW          382    .data               heap_2.o
    0x20000068   0x00000100   Zero   RW          226    .bss                beecom_test_wifi.o
    0x20000168   0x000000c8   Zero   RW          267    .bss                tasks.o
    0x20000230   0x00004400   Zero   RW          381    .bss                heap_2.o
    0x20004630   0x00000060   Zero   RW          485    .bss                c_w.l(libspace.o)
    0x20004690   0x00000000   Zero   RW            2    HEAP                stm32f10x.o
    0x20004690   0x00000200   Zero   RW            1    STACK               stm32f10x.o


==============================================================================

Image component sizes


      Code (inc. data)   RO Data    RW Data    ZI Data      Debug   Object Name

       620         62          0          1        256       3271   beecom_test_wifi.o
       110          0          0          0          0        428   cortexm3_macro_rvds.o
       244          8          0         24      17408       3000   heap_2.o
       136          0          0          0          0       1670   list.o
       212         22          0          0          0      12087   main.o
       350         30          0          4          0       7134   port.o
        28          6          0          4          0       2656   printf_to_serial.o
        52         18        236          0        512        804   stm32f10x.o
       516         18          0          0          0       8951   stm32f10x_gpio.o
         0          0          0          0          0       6348   stm32f10x_lib.o
       756         12          0          0          0       6340   stm32f10x_nvic.o
       660         34         20          0          0       7606   stm32f10x_rcc.o
       132          0          0          0          0       1509   stm32f10x_systick.o
      1710          8         16          0          0      27870   stm32f10x_tim.o
       684          8          0          0          0      29321   stm32f10x_usart.o
      3122         62          0         60        200      26057   tasks.o
       216          8          0          8          0       1174   timertest.o

    ----------------------------------------------------------------------
      9556        296        304        104      18376     146226   Object Totals
         0          0         32          0          0          0   (incl. Generated)
         8          0          0          3          0          0   (incl. Padding)

    ----------------------------------------------------------------------

      Code (inc. data)   RO Data    RW Data    ZI Data      Debug   Library Member Name

         8          0          0          0          0         68   __main.o
       104          0          0          0          0         84   __printf.o
        52          8          0          0          0          0   __scatter.o
        26          0          0          0          0          0   __scatter_copy.o
        28          0          0          0          0          0   __scatter_zi.o
         6          0          0          0          0          0   _printf_c.o
        44          0          0          0          0        108   _printf_char.o
        48          6          0          0          0         96   _printf_char_common.o
        36          4          0          0          0         80   _printf_char_file.o
         0          0          0          0          0          0   _printf_percent.o
         4          0          0          0          0          0   _printf_percent_end.o
        82          0          0          0          0         80   _printf_str.o
        10          0          0          0          0         68   _sputc.o
        12          0          0          0          0         72   exit.o
         8          0          0          0          0         68   ferror.o
         6          0          0          0          0        152   heapauxi.o
         2          0          0          0          0          0   libinit.o
         2          0          0          0          0          0   libinit2.o
         2          0          0          0          0          0   libshutdown.o
         2          0          0          0          0          0   libshutdown2.o
         8          4          0          0         96         68   libspace.o
        24          4          0          0          0         84   noretval__2printf.o
        40          6          0          0          0         84   noretval__2sprintf.o
         0          0          0          0          0          0   rtentry.o
        12          0          0          0          0          0   rtentry2.o
         6          0          0          0          0          0   rtentry4.o
         2          0          0          0          0          0   rtexit.o
        10          0          0          0          0          0   rtexit2.o
        74          0          0          0          0         80   sys_stackheap_outer.o
         2          0          0          0          0         68   use_no_semi.o
         2          0          0          0          0         68   use_no_semi_2.o

    ----------------------------------------------------------------------
       672         32          0          0         96       1328   Library Totals
        10          0          0          0          0          0   (incl. Padding)

    ----------------------------------------------------------------------

      Code (inc. data)   RO Data    RW Data    ZI Data      Debug   Library Name

       662         32          0          0         96       1328   c_w.l

    ----------------------------------------------------------------------
       672         32          0          0         96       1328   Library Totals

    ----------------------------------------------------------------------

==============================================================================


      Code (inc. data)   RO Data    RW Data    ZI Data      Debug   

     10228        328        304        104      18472     144638   Grand Totals
     10228        328        304        104      18472     144638   ELF Image Totals
     10228        328        304        104          0          0   ROM Totals

==============================================================================

    Total RO  Size (Code + RO Data)                10532 (  10.29kB)
    Total RW  Size (RW Data + ZI Data)             18576 (  18.14kB)
    Total ROM Size (Code + RO Data + RW Data)      10636 (  10.39kB)

==============================================================================

